28
0RLE0DUE0RDULEWWWWWWWWWWWWWW
1RLE1DUE1RDULE1DDUUE1RDDUULE
2UDEWWWWWWWWWWWWWWWWWWWWWWWW
3RLE3UDE3RRLLEWWWWWWWWWWWWWW
