62
0RLE0LRE0DUE0UDE0RRLLE0RDULE0RUDLE0LDURE0LUDRE0RRDULLE0RRUDLLE
