28
0RLE0DUE0RRLLE0RDULE0RRDULLE
1RLE1UDE1RRLLE1RUDLE1RRUDLLE
WWWWWWWWWWWWWWWWWWWWWWWWWWWW
WWWWWWWWWWWWWWWWWWWWWWWWWWWW
WWWWWWWWWWWWWWWWWWWWWWWWWWWW
