52
0RLE0UDE0RRLLE0RUDLE0UUDDE0RRUDLLE0RUUDDLE0RRUUDDLLE
WWWWWWWWWWWWWWWWWWWWWWWWWWWWWWWWWWWWWWWWWWWWWWWWWWWW
