32
0RLE0DUE0UDE0RRLLE0RUDLE0RRUDLLE
1RLEWWWWWWWWWWWWWWWWWWWWWWWWWWWW
