86
0LRE0DUE0UDE0LLRRE0LDURE0LUDRE0DDUUE0LLLRRRE0LLDURRE0LLUDRRE0LDDUURE0DDDUUUE0LLLUDRRRE
1RLE1UDE1RRLLE1RUDLE1UUDDE1RRRLLLE1RRUDLLE1RUUDDLE1UUUDDDE1UUUUDDDDEWWWWWWWWWWWWWWWWWW
WWWWWWWWWWWWWWWWWWWWWWWWWWWWWWWWWWWWWWWWWWWWWWWWWWWWWWWWWWWWWWWWWWWWWWWWWWWWWWWWWWWWWW
WWWWWWWWWWWWWWWWWWWWWWWWWWWWWWWWWWWWWWWWWWWWWWWWWWWWWWWWWWWWWWWWWWWWWWWWWWWWWWWWWWWWWW
