82
0LRE0DUE0LDURE0DDUUE0LDDUURE0DDDUUUE0LDDDUUURE0DDDDUUUUE0LDDDDUUUUREWWWWWWWWWWWWWW
1RLE1RRLLEWWWWWWWWWWWWWWWWWWWWWWWWWWWWWWWWWWWWWWWWWWWWWWWWWWWWWWWWWWWWWWWWWWWWWWWW
2RLE2DUE2RRLLE2RDULE2DDUUE2RRDULLE2RDDUULE2DDDUUUE2RRDDUULLE2RDDDUUULE2RRDDDUUULLE
