178
0RLE0LRE0DUE0UDE0RDULE0RUDLE0LLRRE0LDURE0LUDRE0DDUUE0UUDDE0RDDUULE0RUUDDLE0LLLRRRE0LLDURRE0LLUDRRE0LDDUURE0LUUDDRE0LLLDURRRE0LLLUDRRRE0LLDDUURRE0LLUUDDRRE0LLLDDUURRRE0LLLUUDDRRRE
