218
0RLE0LRE0UDE0RUDLE0LLRRE0LUDRE0UUDDE0RUUDDLE0LLLRRRE0LLUDRRE0LUUDDRE0UUUDDDE0RUUUDDDLE0LLLUDRRRE0LLUUDDRRE0LUUUDDDRE0UUUUDDDDE0RUUUUDDDDLE0LLLUUDDRRRE0LLUUUDDDRRE0LUUUUDDDDRE0LLLUUUDDDRRRE0LLUUUUDDDDRRE0LLLUUUUDDDDRRRE
WWWWWWWWWWWWWWWWWWWWWWWWWWWWWWWWWWWWWWWWWWWWWWWWWWWWWWWWWWWWWWWWWWWWWWWWWWWWWWWWWWWWWWWWWWWWWWWWWWWWWWWWWWWWWWWWWWWWWWWWWWWWWWWWWWWWWWWWWWWWWWWWWWWWWWWWWWWWWWWWWWWWWWWWWWWWWWWWWWWWWWWWWWWWWWWWWWWWWWWWWWWWWWWWWWWWWWWWWW
WWWWWWWWWWWWWWWWWWWWWWWWWWWWWWWWWWWWWWWWWWWWWWWWWWWWWWWWWWWWWWWWWWWWWWWWWWWWWWWWWWWWWWWWWWWWWWWWWWWWWWWWWWWWWWWWWWWWWWWWWWWWWWWWWWWWWWWWWWWWWWWWWWWWWWWWWWWWWWWWWWWWWWWWWWWWWWWWWWWWWWWWWWWWWWWWWWWWWWWWWWWWWWWWWWWWWWWWWW
