9028
0RLE0DUE0RRLLE0RDULE0DDUUE0RRRLLLE0RRDULLE0RDDUULE0RRRRLLLLE0RRRDULLLE0RRDDUULLE0RRRRRLLLLLE0RRRRDULLLLE0RRRDDUULLLE0RRRRRRLLLLLLE0RRRRRDULLLLLE0RRRRDDUULLLLE0RRRRRRRLLLLLLLE0RRRRRRDULLLLLLE0RRRRRDDUULLLLLE0RRRRRRRRLLLLLLLLE0RRRRRRRDULLLLLLLE0RRRRRRDDUULLLLLLE0RRRRRRRRRLLLLLLLLLE0RRRRRRRRDULLLLLLLLE0RRRRRRRDDUULLLLLLLE0RRRRRRRRRDULLLLLLLLLE0RRRRRRRRDDUULLLLLLLLE0RRRRRRRRRDDUULLLLLLLLLEWWWWWWWWWWWWWWWWWWWWWWWWWWWWWWWWWWWWWWWWWWWWWWWWWWWWWWWWWWWWWWWWWWWWWWWWWWWWWWWWWWWWWWWWWWWWWWWWWWWWWWWWWWWWWWWWWWWWWWWWWWWWWWWWWWWWWWWWWWWWWWWWWWWWWWWWWWWWWWWWWWWWWWWWWWWWWWWWWWWWWWWWWWWWWWWWWWWWWWWWWWWWWWWWWWWWWWWWWWWWWWWWWWWWWWWWWWWWWWWWWWWWWWWWWWWWWWWWWWWWWWWWWWWWWWWWWWWWWWWWWWWWWWWWWWWWWWWWWWWWWWWWWWWWWWWWWWWWWWWWWWWWWWWWWWWWWWWWWWWWWWWWWWWWWWWWWWWWWWWWWWWWWWWWWWWWWWWWWWWWWWWWWWWWWWWWWWWWWWWWWWWWWWWWWWWWWWWWWWWWWWWWWWWWWWWWWWWWWWWWWWWWWWWWWWWWWWWWWWWWWWWWWWWWWWWWWWWWWWWWWWWWWWWWWWWWWWWWWWWWWWWWWWWWWWWWWWWWWWWWWWWWWWWWWWWWWWWWWWWWWWWWWWWWWWWWWWWWWWWWWWWWWWWWWWWWWWWWWWWWWWWWWWWWWWWWWWWWWWWWWWWWWWWWWWWWWWWWWWWWWWWWWWWWWWWWWWWWWWWWWWWWWWWWWWWWWWWWWWWWWWWWWWWWWWWWWWWWWWWWWWWWWWWWWWWWWWWWWWWWWWWWWWWWWWWWWWWWWWWWWWWWWWWWWWWWWWWWWWWWWWWWWWWWWWWWWWWWWWWWWWWWWWWWWWWWWWWWWWWWWWWWWWWWWWWWWWWWWWWWWWWWWWWWWWWWWWWWWWWWWWWWWWWWWWWWWWWWWWWWWWWWWWWWWWWWWWWWWWWWWWWWWWWWWWWWWWWWWWWWWWWWWWWWWWWWWWWWWWWWWWWWWWWWWWWWWWWWWWWWWWWWWWWWWWWWWWWWWWWWWWWWWWWWWWWWWWWWWWWWWWWWWWWWWWWWWWWWWWWWWWWWWWWWWWWWWWWWWWWWWWWWWWWWWWWWWWWWWWWWWWWWWWWWWWWWWWWWWWWWWWWWWWWWWWWWWWWWWWWWWWWWWWWWWWWWWWWWWWWWWWWWWWWWWWWWWWWWWWWWWWWWWWWWWWWWWWWWWWWWWWWWWWWWWWWWWWWWWWWWWWWWWWWWWWWWWWWWWWWWWWWWWWWWWWWWWWWWWWWWWWWWWWWWWWWWWWWWWWWWWWWWWWWWWWWWWWWWWWWWWWWWWWWWWWWWWWWWWWWWWWWWWWWWWWWWWWWWWWWWWWWWWWWWWWWWWWWWWWWWWWWWWWWWWWWWWWWWWWWWWWWWWWWWWWWWWWWWWWWWWWWWWWWWWWWWWWWWWWWWWWWWWWWWWWWWWWWWWWWWWWWWWWWWWWWWWWWWWWWWWWWWWWWWWWWWWWWWWWWWWWWWWWWWWWWWWWWWWWWWWWWWWWWWWWWWWWWWWWWWWWWWWWWWWWWWWWWWWWWWWWWWWWWWWWWWWWWWWWWWWWWWWWWWWWWWWWWWWWWWWWWWWWWWWWWWWWWWWWWWWWWWWWWWWWWWWWWWWWWWWWWWWWWWWWWWWWWWWWWWWWWWWWWWWWWWWWWWWWWWWWWWWWWWWWWWWWWWWWWWWWWWWWWWWWWWWWWWWWWWWWWWWWWWWWWWWWWWWWWWWWWWWWWWWWWWWWWWWWWWWWWWWWWWWWWWWWWWWWWWWWWWWWWWWWWWWWWWWWWWWWWWWWWWWWWWWWWWWWWWWWWWWWWWWWWWWWWWWWWWWWWWWWWWWWWWWWWWWWWWWWWWWWWWWWWWWWWWWWWWWWWWWWWWWWWWWWWWWWWWWWWWWWWWWWWWWWWWWWWWWWWWWWWWWWWWWWWWWWWWWWWWWWWWWWWWWWWWWWWWWWWWWWWWWWWWWWWWWWWWWWWWWWWWWWWWWWWWWWWWWWWWWWWWWWWWWWWWWWWWWWWWWWWWWWWWWWWWWWWWWWWWWWWWWWWWWWWWWWWWWWWWWWWWWWWWWWWWWWWWWWWWWWWWWWWWWWWWWWWWWWWWWWWWWWWWWWWWWWWWWWWWWWWWWWWWWWWWWWWWWWWWWWWWWWWWWWWWWWWWWWWWWWWWWWWWWWWWWWWWWWWWWWWWWWWWWWWWWWWWWWWWWWWWWWWWWWWWWWWWWWWWWWWWWWWWWWWWWWWWWWWWWWWWWWWWWWWWWWWWWWWWWWWWWWWWWWWWWWWWWWWWWWWWWWWWWWWWWWWWWWWWWWWWWWWWWWWWWWWWWWWWWWWWWWWWWWWWWWWWWWWWWWWWWWWWWWWWWWWWWWWWWWWWWWWWWWWWWWWWWWWWWWWWWWWWWWWWWWWWWWWWWWWWWWWWWWWWWWWWWWWWWWWWWWWWWWWWWWWWWWWWWWWWWWWWWWWWWWWWWWWWWWWWWWWWWWWWWWWWWWWWWWWWWWWWWWWWWWWWWWWWWWWWWWWWWWWWWWWWWWWWWWWWWWWWWWWWWWWWWWWWWWWWWWWWWWWWWWWWWWWWWWWWWWWWWWWWWWWWWWWWWWWWWWWWWWWWWWWWWWWWWWWWWWWWWWWWWWWWWWWWWWWWWWWWWWWWWWWWWWWWWWWWWWWWWWWWWWWWWWWWWWWWWWWWWWWWWWWWWWWWWWWWWWWWWWWWWWWWWWWWWWWWWWWWWWWWWWWWWWWWWWWWWWWWWWWWWWWWWWWWWWWWWWWWWWWWWWWWWWWWWWWWWWWWWWWWWWWWWWWWWWWWWWWWWWWWWWWWWWWWWWWWWWWWWWWWWWWWWWWWWWWWWWWWWWWWWWWWWWWWWWWWWWWWWWWWWWWWWWWWWWWWWWWWWWWWWWWWWWWWWWWWWWWWWWWWWWWWWWWWWWWWWWWWWWWWWWWWWWWWWWWWWWWWWWWWWWWWWWWWWWWWWWWWWWWWWWWWWWWWWWWWWWWWWWWWWWWWWWWWWWWWWWWWWWWWWWWWWWWWWWWWWWWWWWWWWWWWWWWWWWWWWWWWWWWWWWWWWWWWWWWWWWWWWWWWWWWWWWWWWWWWWWWWWWWWWWWWWWWWWWWWWWWWWWWWWWWWWWWWWWWWWWWWWWWWWWWWWWWWWWWWWWWWWWWWWWWWWWWWWWWWWWWWWWWWWWWWWWWWWWWWWWWWWWWWWWWWWWWWWWWWWWWWWWWWWWWWWWWWWWWWWWWWWWWWWWWWWWWWWWWWWWWWWWWWWWWWWWWWWWWWWWWWWWWWWWWWWWWWWWWWWWWWWWWWWWWWWWWWWWWWWWWWWWWWWWWWWWWWWWWWWWWWWWWWWWWWWWWWWWWWWWWWWWWWWWWWWWWWWWWWWWWWWWWWWWWWWWWWWWWWWWWWWWWWWWWWWWWWWWWWWWWWWWWWWWWWWWWWWWWWWWWWWWWWWWWWWWWWWWWWWWWWWWWWWWWWWWWWWWWWWWWWWWWWWWWWWWWWWWWWWWWWWWWWWWWWWWWWWWWWWWWWWWWWWWWWWWWWWWWWWWWWWWWWWWWWWWWWWWWWWWWWWWWWWWWWWWWWWWWWWWWWWWWWWWWWWWWWWWWWWWWWWWWWWWWWWWWWWWWWWWWWWWWWWWWWWWWWWWWWWWWWWWWWWWWWWWWWWWWWWWWWWWWWWWWWWWWWWWWWWWWWWWWWWWWWWWWWWWWWWWWWWWWWWWWWWWWWWWWWWWWWWWWWWWWWWWWWWWWWWWWWWWWWWWWWWWWWWWWWWWWWWWWWWWWWWWWWWWWWWWWWWWWWWWWWWWWWWWWWWWWWWWWWWWWWWWWWWWWWWWWWWWWWWWWWWWWWWWWWWWWWWWWWWWWWWWWWWWWWWWWWWWWWWWWWWWWWWWWWWWWWWWWWWWWWWWWWWWWWWWWWWWWWWWWWWWWWWWWWWWWWWWWWWWWWWWWWWWWWWWWWWWWWWWWWWWWWWWWWWWWWWWWWWWWWWWWWWWWWWWWWWWWWWWWWWWWWWWWWWWWWWWWWWWWWWWWWWWWWWWWWWWWWWWWWWWWWWWWWWWWWWWWWWWWWWWWWWWWWWWWWWWWWWWWWWWWWWWWWWWWWWWWWWWWWWWWWWWWWWWWWWWWWWWWWWWWWWWWWWWWWWWWWWWWWWWWWWWWWWWWWWWWWWWWWWWWWWWWWWWWWWWWWWWWWWWWWWWWWWWWWWWWWWWWWWWWWWWWWWWWWWWWWWWWWWWWWWWWWWWWWWWWWWWWWWWWWWWWWWWWWWWWWWWWWWWWWWWWWWWWWWWWWWWWWWWWWWWWWWWWWWWWWWWWWWWWWWWWWWWWWWWWWWWWWWWWWWWWWWWWWWWWWWWWWWWWWWWWWWWWWWWWWWWWWWWWWWWWWWWWWWWWWWWWWWWWWWWWWWWWWWWWWWWWWWWWWWWWWWWWWWWWWWWWWWWWWWWWWWWWWWWWWWWWWWWWWWWWWWWWWWWWWWWWWWWWWWWWWWWWWWWWWWWWWWWWWWWWWWWWWWWWWWWWWWWWWWWWWWWWWWWWWWWWWWWWWWWWWWWWWWWWWWWWWWWWWWWWWWWWWWWWWWWWWWWWWWWWWWWWWWWWWWWWWWWWWWWWWWWWWWWWWWWWWWWWWWWWWWWWWWWWWWWWWWWWWWWWWWWWWWWWWWWWWWWWWWWWWWWWWWWWWWWWWWWWWWWWWWWWWWWWWWWWWWWWWWWWWWWWWWWWWWWWWWWWWWWWWWWWWWWWWWWWWWWWWWWWWWWWWWWWWWWWWWWWWWWWWWWWWWWWWWWWWWWWWWWWWWWWWWWWWWWWWWWWWWWWWWWWWWWWWWWWWWWWWWWWWWWWWWWWWWWWWWWWWWWWWWWWWWWWWWWWWWWWWWWWWWWWWWWWWWWWWWWWWWWWWWWWWWWWWWWWWWWWWWWWWWWWWWWWWWWWWWWWWWWWWWWWWWWWWWWWWWWWWWWWWWWWWWWWWWWWWWWWWWWWWWWWWWWWWWWWWWWWWWWWWWWWWWWWWWWWWWWWWWWWWWWWWWWWWWWWWWWWWWWWWWWWWWWWWWWWWWWWWWWWWWWWWWWWWWWWWWWWWWWWWWWWWWWWWWWWWWWWWWWWWWWWWWWWWWWWWWWWWWWWWWWWWWWWWWWWWWWWWWWWWWWWWWWWWWWWWWWWWWWWWWWWWWWWWWWWWWWWWWWWWWWWWWWWWWWWWWWWWWWWWWWWWWWWWWWWWWWWWWWWWWWWWWWWWWWWWWWWWWWWWWWWWWWWWWWWWWWWWWWWWWWWWWWWWWWWWWWWWWWWWWWWWWWWWWWWWWWWWWWWWWWWWWWWWWWWWWWWWWWWWWWWWWWWWWWWWWWWWWWWWWWWWWWWWWWWWWWWWWWWWWWWWWWWWWWWWWWWWWWWWWWWWWWWWWWWWWWWWWWWWWWWWWWWWWWWWWWWWWWWWWWWWWWWWWWWWWWWWWWWWWWWWWWWWWWWWWWWWWWWWWWWWWWWWWWWWWWWWWWWWWWWWWWWWWWWWWWWWWWWWWWWWWWWWWWWWWWWWWWWWWWWWWWWWWWWWWWWWWWWWWWWWWWWWWWWWWWWWWWWWWWWWWWWWWWWWWWWWWWWWWWWWWWWWWWWWWWWWWWWWWWWWWWWWWWWWWWWWWWWWWWWWWWWWWWWWWWWWWWWWWWWWWWWWWWWWWWWWWWWWWWWWWWWWWWWWWWWWWWWWWWWWWWWWWWWWWWWWWWWWWWWWWWWWWWWWWWWWWWWWWWWWWWWWWWWWWWWWWWWWWWWWWWWWWWWWWWWWWWWWWWWWWWWWWWWWWWWWWWWWWWWWWWWWWWWWWWWWWWWWWWWWWWWWWWWWWWWWWWWWWWWWWWWWWWWWWWWWWWWWWWWWWWWWWWWWWWWWWWWWWWWWWWWWWWWWWWWWWWWWWWWWWWWWWWWWWWWWWWWWWWWWWWWWWWWWWWWWWWWWWWWWWWWWWWWWWWWWWWWWWWWWWWWWWWWWWWWWWWWWWWWWWWWWWWWWWWWWWWWWWWWWWWWWWWWWWWWWWWWWWWWWWWWWWWWWWWWWWWWWWWWWWWWWWWWWWWWWWWWWWWWWWWWWWWWWWWWWWWWWWWWWWWWWWWWWWWWWWWWWWWWWWWWWWWWWWWWWWWWWWWWWWWWWWWWWWWWWWWWWWWWWWWWWWWWWWWWWWWWWWWWWWWWWWWWWWWWWWWWWWWWWWWWWWWWWWWWWWWWWWWWWWWWWWWWWWWWWWWWWWWWWWWWWWWWWWWWWWWWWWWWWWWWWWWWWWWWWWWWWWWWWWWWWWWWWWWWWWWWWWWWWWWWWWWWWWWWWWWWWWWWWWWWWWWWWWWWWWWWWWWWWWWWWWWWWWWWWWWWWWWWWWWWWWWWWWWWWWWWWWWWWWWWWWWWWWWWWWWWWWWWWWWWWWWWWWWWWWWWWWWWWWWWWWWWWWWWWWWWWWWWWWWWWWWWWWWWWWWWWWWWWWWWWWWWWWWWWWWWWWWWWWWWWWWWWWWWWWWWWWWWWWWWWWWWWWWWWWWWWWWWWWWWWWWWWWWWWWWWWWWWWWWWWWWWWWWWWWWWWWWWWWWWWWWWWWWWWWWWWWWWWWWWWWWWWWWWWWWWWWWWWWWWWWWWWWWWWWWWWWWWWWWWWWWWWWWWWWWWWWWWWWWWWWWWWWWWWWWWWWWWWWWWWWWWWWWWWWWWWWWWWWWWWWWWWWWWWWWWWWWWWWWWWWWWWWWWWWWWWWWWWWWWWWWWWWWWWWWWWWWWWWWWWWWWWWWWWWWWWWWWWWWWWWWWWWWWWWWWWWWWWWWWWWWWWWWWWWWWWWWWWWWWWWWWWWWWWWWWWWWWWWWWWWWWWWWWWWWWWWWWWWWWWWWWWWWWWWWWWWWWWWWWWWWWWWWWWWWWWWWWWWWWWWWWWWWWWWWWWWWWWWWWWWWWWWWWWWWWWWWWWWWWWWWWWWWWWWWWWWWWWWWWWWWWWWWWWWWWWWWWWWWWWWWWWWWWWWWWWWWWWWWWWWWWWWWWWWWWWWWWWWWWWWWWWWWWWWWWWWWWWWWWWWWWWWWWWWWWWWWWWWWWWWWWWWWWWWWWWWWWWWWWWWWWWWWWWWWWWWWWWWWWWWWWWWWWWWWWWWWWWWWWWWWWWWWWWWWWWWWWWWWWWWWWWWWWWWWWWWWWWWWWWWWWWWWWWWWWWWWWWWWWWWWWWWWWWWWWWWWWWWWWWWWWWWWWWWWWWWWWWWWWWWWWWWWWWWWWWWWWWWWWWWWWWWWWWWWWWWWWWWWWWWWWWWWWWWWWWWWWWWWWWWWWWWWWWWWWWWWWWWWWWWWWWWWWWWWWWWWWWWWWWWWWWWWWWWWWWWWWWWWWWWWWWWWWWWWWWWWWWWWWWWWWWWWWWWWWWWWWWWWWWWWWWWWWWWWWWWWWWWWWWWWWWWWWWWWWWWWWWWWWWWWWWWWWWWWWWWWWWWWWWWWWWWWWWWWWWWWWWWWWWWWWWWWWWWWWWWWWWWWWWWWWWWWWWWWWWWWWWWWWWWWWWWWWWWWWWWWWWWWWWWWWWWWWWWWWWWWWWWWWWWWWWWWWWWWWWWWWWWWWWWWWWWWWWWWWWWWWWWWWWWWWWWWWWWWWWWWWWWWWWWWWWWWWWWWWWWWWWWWWWWWWWWWWWWWWWWWWWWWWWWWWWWWWWWWWWWWWWWWWWWWWWWWWWWWWWWWWWWWWWWWWWWWWWWWWWWWWWWWWWWWWWWWWWWWWWWWWWWWWWWWWWWWWWWWWWWWWWWWWWWWWWWWWWWWWWWWWWWWWWWWWWWWWWWWWWWWWWWWWWWWWWWWWWWWWWWWWWWWWWWWWWWWWWWWWWWWWWWWWWWWWWWWWWWWWWWWWWWWWWWWWWWWWWWWWWWWWWWWWWWWWWWWWWWWWWWWWWWWWWWWWWWWWWWWWWWWWWWWWWWWWWWWWWWWWWWWWWWWWWWWWWWWWWWWWWWWWWWWWWWWWWWWWWWWWWWWWWWWWWWWWWWWWWWWWWWWWWWWWWWWWWWWWWWWWWWWWWWWWWWWWWWWWWWWWWWWWWWWWWWWWWWWWWWWWWWWWWWWWWWWWWWWWWWWWWWWWWWWWWWWWWWWWWWWWWWWWWWWWWWWWWWWWWWWWWWWWWWWWWWWWWWWWWWWWWWWWWWWWWWWWWWWWWWWWWWWWWWWWWWWWWWWWWWWWWWWWWWWWWWWWWWWWWWWWWWWWWWWWWWWWWWWWWWWWWWWWWWWWWWWWWWWWWWWWWWWWWWWWWWWWWWWWWWWWWWWWWWWWWWWWWWWWWWWWWWWWWWWWWWWWWWWWWWWWWWWWWWWWWWWWWWWWWWWWWWWWWWWWWWWWWWWWWWWWWWWWWWWWWWWWWWWWWWWWWWWWWWWWWWWWWWWWWWWWWWWWWWWWWWWWWWWWWWWWWWWWWWWWWWWWWWWWWWWWWWWWWWWWWWWWWWWWWWWWWWWWWWWWWWWWWWWWWWWWWWWWWWWWWWWWWWWWWWWWWWWWWWWWWWWWWWWWWWWWWWWWWWWWWWWWWWWWWWWWWWWWWWWWWWWWWWWWWWWWWWWWWWWWWWWWWWWWWWWWWWWWWWWWWWWWWWWWWWWWWWWWWWWWWWWWWWWWWWWWWWWWWWWWWWWWWWWWWWWWWWWWWWWWWWWWWWWWWWWWWWWWWWWWWWWWWWWWWWWWWWWWWWWWWWWWWWWWWWWWWWWWWWWWWWWWWWWWWWWWWWWWWWWWWWWWWWWWWWWWWWWWWWWWWWWWWWWWWWWWWWWWWWWWWWWWWWWWWWWWWWWWWWWWWWWWWWWWWWWWWWWWWWWWWWWWWWWWWWWWWWWWWWWWWWWWWWWWWWWWWWWWWWWWWWWWWWWWWWWWWWWWWWWWWWWWWWWWWWWWWWWWWWWWWWWWWWWWWWWWWWWWWWWWWWWWW
1RLE1DUE1UDE1RRLLE1RDULE1RUDLE1DDUUE1UUDDE1RRRLLLE1RRDULLE1RRUDLLE1RDDUULE1RUUDDLE1DDDUUUE1RRRRLLLLE1RRRDULLLE1RRRUDLLLE1RRDDUULLE1RRUUDDLLE1RDDDUUULE1DDDDUUUUE1RRRRRLLLLLE1RRRRDULLLLE1RRRRUDLLLLE1RRRDDUULLLE1RRRUUDDLLLE1RRDDDUUULLE1RDDDDUUUULE1DDDDDUUUUUE1RRRRRRLLLLLLE1RRRRRDULLLLLE1RRRRRUDLLLLLE1RRRRDDUULLLLE1RRRRUUDDLLLLE1RRRDDDUUULLLE1RRDDDDUUUULLE1RDDDDDUUUUULE1DDDDDDUUUUUUE1RRRRRRRLLLLLLLE1RRRRRRDULLLLLLE1RRRRRRUDLLLLLLE1RRRRRDDUULLLLLE1RRRRRUUDDLLLLLE1RRRRDDDUUULLLLE1RRRDDDDUUUULLLE1RRDDDDDUUUUULLE1RDDDDDDUUUUUULE1DDDDDDDUUUUUUUE1RRRRRRRRLLLLLLLLE1RRRRRRRDULLLLLLLE1RRRRRRRUDLLLLLLLE1RRRRRRDDUULLLLLLE1RRRRRRUUDDLLLLLLE1RRRRRDDDUUULLLLLE1RRRRDDDDUUUULLLLE1RRRDDDDDUUUUULLLE1RRDDDDDDUUUUUULLE1RDDDDDDDUUUUUUULE1DDDDDDDDUUUUUUUUE1RRRRRRRRRLLLLLLLLLE1RRRRRRRRDULLLLLLLLE1RRRRRRRRUDLLLLLLLLE1RRRRRRRDDUULLLLLLLE1RRRRRRRUUDDLLLLLLLE1RRRRRRDDDUUULLLLLLE1RRRRRDDDDUUUULLLLLE1RRRRDDDDDUUUUULLLLE1RRRDDDDDDUUUUUULLLE1RRDDDDDDDUUUUUUULLE1RDDDDDDDDUUUUUUUULE1DDDDDDDDDUUUUUUUUUE1RRRRRRRRRDULLLLLLLLLE1RRRRRRRRRUDLLLLLLLLLE1RRRRRRRRDDUULLLLLLLLE1RRRRRRRRUUDDLLLLLLLLE1RRRRRRRDDDUUULLLLLLLE1RRRRRRDDDDUUUULLLLLLE1RRRRRDDDDDUUUUULLLLLE1RRRRDDDDDDUUUUUULLLLE1RRRDDDDDDDUUUUUUULLLE1RRDDDDDDDDUUUUUUUULLE1RDDDDDDDDDUUUUUUUUULE1DDDDDDDDDDUUUUUUUUUUE1RRRRRRRRRDDUULLLLLLLLLE1RRRRRRRRRUUDDLLLLLLLLLE1RRRRRRRRDDDUUULLLLLLLLE1RRRRRRRDDDDUUUULLLLLLLE1RRRRRRDDDDDUUUUULLLLLLE1RRRRRDDDDDDUUUUUULLLLLE1RRRRDDDDDDDUUUUUUULLLLE1RRRDDDDDDDDUUUUUUUULLLE1RRDDDDDDDDDUUUUUUUUULLE1RDDDDDDDDDDUUUUUUUUUULE1DDDDDDDDDDDUUUUUUUUUUUE1RRRRRRRRRDDDUUULLLLLLLLLE1RRRRRRRRDDDDUUUULLLLLLLLE1RRRRRRRDDDDDUUUUULLLLLLLE1RRRRRRDDDDDDUUUUUULLLLLLE1RRRRRDDDDDDDUUUUUUULLLLLE1RRRRDDDDDDDDUUUUUUUULLLLE1RRRDDDDDDDDDUUUUUUUUULLLE1RRDDDDDDDDDDUUUUUUUUUULLE1RDDDDDDDDDDDUUUUUUUUUUULE1DDDDDDDDDDDDUUUUUUUUUUUUE1RRRRRRRRRDDDDUUUULLLLLLLLLE1RRRRRRRRDDDDDUUUUULLLLLLLLE1RRRRRRRDDDDDDUUUUUULLLLLLLE1RRRRRRDDDDDDDUUUUUUULLLLLLE1RRRRRDDDDDDDDUUUUUUUULLLLLE1RRRRDDDDDDDDDUUUUUUUUULLLLE1RRRDDDDDDDDDDUUUUUUUUUULLLE1RRDDDDDDDDDDDUUUUUUUUUUULLE1RDDDDDDDDDDDDUUUUUUUUUUUULE1DDDDDDDDDDDDDUUUUUUUUUUUUUE1RRRRRRRRRDDDDDUUUUULLLLLLLLLE1RRRRRRRRDDDDDDUUUUUULLLLLLLLE1RRRRRRRDDDDDDDUUUUUUULLLLLLLE1RRRRRRDDDDDDDDUUUUUUUULLLLLLE1RRRRRDDDDDDDDDUUUUUUUUULLLLLE1RRRRDDDDDDDDDDUUUUUUUUUULLLLE1RRRDDDDDDDDDDDUUUUUUUUUUULLLE1RRDDDDDDDDDDDDUUUUUUUUUUUULLE1RDDDDDDDDDDDDDUUUUUUUUUUUUULE1DDDDDDDDDDDDDDUUUUUUUUUUUUUUE1RRRRRRRRRDDDDDDUUUUUULLLLLLLLLE1RRRRRRRRDDDDDDDUUUUUUULLLLLLLLE1RRRRRRRDDDDDDDDUUUUUUUULLLLLLLE1RRRRRRDDDDDDDDDUUUUUUUUULLLLLLE1RRRRRDDDDDDDDDDUUUUUUUUUULLLLLE1RRRRDDDDDDDDDDDUUUUUUUUUUULLLLE1RRRDDDDDDDDDDDDUUUUUUUUUUUULLLE1RRDDDDDDDDDDDDDUUUUUUUUUUUUULLE1RDDDDDDDDDDDDDDUUUUUUUUUUUUUULE1DDDDDDDDDDDDDDDUUUUUUUUUUUUUUUE1RRRRRRRRRDDDDDDDUUUUUUULLLLLLLLLE1RRRRRRRRDDDDDDDDUUUUUUUULLLLLLLLE1RRRRRRRDDDDDDDDDUUUUUUUUULLLLLLLE1RRRRRRDDDDDDDDDDUUUUUUUUUULLLLLLE1RRRRRDDDDDDDDDDDUUUUUUUUUUULLLLLE1RRRRDDDDDDDDDDDDUUUUUUUUUUUULLLLE1RRRDDDDDDDDDDDDDUUUUUUUUUUUUULLLE1RRDDDDDDDDDDDDDDUUUUUUUUUUUUUULLE1RDDDDDDDDDDDDDDDUUUUUUUUUUUUUUULE1DDDDDDDDDDDDDDDDUUUUUUUUUUUUUUUUE1RRRRRRRRRDDDDDDDDUUUUUUUULLLLLLLLLE1RRRRRRRRDDDDDDDDDUUUUUUUUULLLLLLLLE1RRRRRRRDDDDDDDDDDUUUUUUUUUULLLLLLLE1RRRRRRDDDDDDDDDDDUUUUUUUUUUULLLLLLE1RRRRRDDDDDDDDDDDDUUUUUUUUUUUULLLLLE1RRRRDDDDDDDDDDDDDUUUUUUUUUUUUULLLLE1RRRDDDDDDDDDDDDDDUUUUUUUUUUUUUULLLE1RRDDDDDDDDDDDDDDDUUUUUUUUUUUUUUULLE1RDDDDDDDDDDDDDDDDUUUUUUUUUUUUUUUULE1DDDDDDDDDDDDDDDDDUUUUUUUUUUUUUUUUUE1RRRRRRRRRDDDDDDDDDUUUUUUUUULLLLLLLLLE1RRRRRRRRDDDDDDDDDDUUUUUUUUUULLLLLLLLE1RRRRRRRDDDDDDDDDDDUUUUUUUUUUULLLLLLLE1RRRRRRDDDDDDDDDDDDUUUUUUUUUUUULLLLLLE1RRRRRDDDDDDDDDDDDDUUUUUUUUUUUUULLLLLE1RRRRDDDDDDDDDDDDDDUUUUUUUUUUUUUULLLLE1RRRDDDDDDDDDDDDDDDUUUUUUUUUUUUUUULLLE1RRDDDDDDDDDDDDDDDDUUUUUUUUUUUUUUUULLE1RDDDDDDDDDDDDDDDDDUUUUUUUUUUUUUUUUULE1DDDDDDDDDDDDDDDDDDUUUUUUUUUUUUUUUUUUE1RRRRRRRRRDDDDDDDDDDUUUUUUUUUULLLLLLLLLE1RRRRRRRRDDDDDDDDDDDUUUUUUUUUUULLLLLLLLE1RRRRRRRDDDDDDDDDDDDUUUUUUUUUUUULLLLLLLE1RRRRRRDDDDDDDDDDDDDUUUUUUUUUUUUULLLLLLE1RRRRRDDDDDDDDDDDDDDUUUUUUUUUUUUUULLLLLE1RRRRDDDDDDDDDDDDDDDUUUUUUUUUUUUUUULLLLE1RRRDDDDDDDDDDDDDDDDUUUUUUUUUUUUUUUULLLE1RRDDDDDDDDDDDDDDDDDUUUUUUUUUUUUUUUUULLE1RDDDDDDDDDDDDDDDDDDUUUUUUUUUUUUUUUUUULE1DDDDDDDDDDDDDDDDDDDUUUUUUUUUUUUUUUUUUUE1RRRRRRRRRDDDDDDDDDDDUUUUUUUUUUULLLLLLLLLE1RRRRRRRRDDDDDDDDDDDDUUUUUUUUUUUULLLLLLLLE1RRRRRRRDDDDDDDDDDDDDUUUUUUUUUUUUULLLLLLLE1RRRRRRDDDDDDDDDDDDDDUUUUUUUUUUUUUULLLLLLE1RRRRRDDDDDDDDDDDDDDDUUUUUUUUUUUUUUULLLLLE1RRRRDDDDDDDDDDDDDDDDUUUUUUUUUUUUUUUULLLLE1RRRDDDDDDDDDDDDDDDDDUUUUUUUUUUUUUUUUULLLE1RRDDDDDDDDDDDDDDDDDDUUUUUUUUUUUUUUUUUULLE1RDDDDDDDDDDDDDDDDDDDUUUUUUUUUUUUUUUUUUULE1DDDDDDDDDDDDDDDDDDDDUUUUUUUUUUUUUUUUUUUUE1RRRRRRRRRDDDDDDDDDDDDUUUUUUUUUUUULLLLLLLLLE1RRRRRRRRDDDDDDDDDDDDDUUUUUUUUUUUUULLLLLLLLE1RRRRRRRDDDDDDDDDDDDDDUUUUUUUUUUUUUULLLLLLLE1RRRRRRDDDDDDDDDDDDDDDUUUUUUUUUUUUUUULLLLLLE1RRRRRDDDDDDDDDDDDDDDDUUUUUUUUUUUUUUUULLLLLE1RRRRDDDDDDDDDDDDDDDDDUUUUUUUUUUUUUUUUULLLLE1RRRDDDDDDDDDDDDDDDDDDUUUUUUUUUUUUUUUUUULLLE1RRDDDDDDDDDDDDDDDDDDDUUUUUUUUUUUUUUUUUUULLE1RDDDDDDDDDDDDDDDDDDDDUUUUUUUUUUUUUUUUUUUULE1DDDDDDDDDDDDDDDDDDDDDUUUUUUUUUUUUUUUUUUUUUE1RRRRRRRRRDDDDDDDDDDDDDUUUUUUUUUUUUULLLLLLLLLE1RRRRRRRRDDDDDDDDDDDDDDUUUUUUUUUUUUUULLLLLLLLE1RRRRRRRDDDDDDDDDDDDDDDUUUUUUUUUUUUUUULLLLLLLE1RRRRRRDDDDDDDDDDDDDDDDUUUUUUUUUUUUUUUULLLLLLE1RRRRRDDDDDDDDDDDDDDDDDUUUUUUUUUUUUUUUUULLLLLE1RRRRDDDDDDDDDDDDDDDDDDUUUUUUUUUUUUUUUUUULLLLE1RRRDDDDDDDDDDDDDDDDDDDUUUUUUUUUUUUUUUUUUULLLE1RRDDDDDDDDDDDDDDDDDDDDUUUUUUUUUUUUUUUUUUUULLE1RDDDDDDDDDDDDDDDDDDDDDUUUUUUUUUUUUUUUUUUUUULE1DDDDDDDDDDDDDDDDDDDDDDUUUUUUUUUUUUUUUUUUUUUUE1RRRRRRRRRDDDDDDDDDDDDDDUUUUUUUUUUUUUULLLLLLLLLE1RRRRRRRRDDDDDDDDDDDDDDDUUUUUUUUUUUUUUULLLLLLLLE1RRRRRRRDDDDDDDDDDDDDDDDUUUUUUUUUUUUUUUULLLLLLLE1RRRRRRDDDDDDDDDDDDDDDDDUUUUUUUUUUUUUUUUULLLLLLE1RRRRRDDDDDDDDDDDDDDDDDDUUUUUUUUUUUUUUUUUULLLLLE1RRRRDDDDDDDDDDDDDDDDDDDUUUUUUUUUUUUUUUUUUULLLLE1RRRDDDDDDDDDDDDDDDDDDDDUUUUUUUUUUUUUUUUUUUULLLE1RRDDDDDDDDDDDDDDDDDDDDDUUUUUUUUUUUUUUUUUUUUULLE1RDDDDDDDDDDDDDDDDDDDDDDUUUUUUUUUUUUUUUUUUUUUULE1DDDDDDDDDDDDDDDDDDDDDDDUUUUUUUUUUUUUUUUUUUUUUUE1RRRRRRRRRDDDDDDDDDDDDDDDUUUUUUUUUUUUUUULLLLLLLLLE1RRRRRRRRDDDDDDDDDDDDDDDDUUUUUUUUUUUUUUUULLLLLLLLE1RRRRRRRDDDDDDDDDDDDDDDDDUUUUUUUUUUUUUUUUULLLLLLLE1RRRRRRDDDDDDDDDDDDDDDDDDUUUUUUUUUUUUUUUUUULLLLLLE1RRRRRDDDDDDDDDDDDDDDDDDDUUUUUUUUUUUUUUUUUUULLLLLE1RRRRDDDDDDDDDDDDDDDDDDDDUUUUUUUUUUUUUUUUUUUULLLLE1RRRDDDDDDDDDDDDDDDDDDDDDUUUUUUUUUUUUUUUUUUUUULLLE1RRDDDDDDDDDDDDDDDDDDDDDDUUUUUUUUUUUUUUUUUUUUUULLE1RDDDDDDDDDDDDDDDDDDDDDDDUUUUUUUUUUUUUUUUUUUUUUULE1DDDDDDDDDDDDDDDDDDDDDDDDUUUUUUUUUUUUUUUUUUUUUUUUE1RRRRRRRRRDDDDDDDDDDDDDDDDUUUUUUUUUUUUUUUULLLLLLLLLE1RRRRRRRRDDDDDDDDDDDDDDDDDUUUUUUUUUUUUUUUUULLLLLLLLE1RRRRRRRDDDDDDDDDDDDDDDDDDUUUUUUUUUUUUUUUUUULLLLLLLE1RRRRRRDDDDDDDDDDDDDDDDDDDUUUUUUUUUUUUUUUUUUULLLLLLE1RRRRRDDDDDDDDDDDDDDDDDDDDUUUUUUUUUUUUUUUUUUUULLLLLE1RRRRDDDDDDDDDDDDDDDDDDDDDUUUUUUUUUUUUUUUUUUUUULLLLE1RRRDDDDDDDDDDDDDDDDDDDDDDUUUUUUUUUUUUUUUUUUUUUULLLE1RRDDDDDDDDDDDDDDDDDDDDDDDUUUUUUUUUUUUUUUUUUUUUUULLE1RDDDDDDDDDDDDDDDDDDDDDDDDUUUUUUUUUUUUUUUUUUUUUUUULE1RRRRRRRRRDDDDDDDDDDDDDDDDDUUUUUUUUUUUUUUUUULLLLLLLLLE1RRRRRRRRDDDDDDDDDDDDDDDDDDUUUUUUUUUUUUUUUUUULLLLLLLLE1RRRRRRRDDDDDDDDDDDDDDDDDDDUUUUUUUUUUUUUUUUUUULLLLLLLE1RRRRRRDDDDDDDDDDDDDDDDDDDDUUUUUUUUUUUUUUUUUUUULLLLLLE1RRRRRDDDDDDDDDDDDDDDDDDDDDUUUUUUUUUUUUUUUUUUUUULLLLLE1RRRRDDDDDDDDDDDDDDDDDDDDDDUUUUUUUUUUUUUUUUUUUUUULLLLE1RRRDDDDDDDDDDDDDDDDDDDDDDDUUUUUUUUUUUUUUUUUUUUUUULLLE1RRDDDDDDDDDDDDDDDDDDDDDDDDUUUUUUUUUUUUUUUUUUUUUUUULLE1RRRRRRRRRDDDDDDDDDDDDDDDDDDUUUUUUUUUUUUUUUUUULLLLLLLLLE1RRRRRRRRDDDDDDDDDDDDDDDDDDDUUUUUUUUUUUUUUUUUUULLLLLLLLE1RRRRRRRDDDDDDDDDDDDDDDDDDDDUUUUUUUUUUUUUUUUUUUULLLLLLLE1RRRRRRDDDDDDDDDDDDDDDDDDDDDUUUUUUUUUUUUUUUUUUUUULLLLLLE1RRRRRDDDDDDDDDDDDDDDDDDDDDDUUUUUUUUUUUUUUUUUUUUUULLLLLE1RRRRDDDDDDDDDDDDDDDDDDDDDDDUUUUUUUUUUUUUUUUUUUUUUULLLLE1RRRDDDDDDDDDDDDDDDDDDDDDDDDUUUUUUUUUUUUUUUUUUUUUUUULLLE1RRRRRRRRRDDDDDDDDDDDDDDDDDDDUUUUUUUUUUUUUUUUUUULLLLLLLLLE1RRRRRRRRDDDDDDDDDDDDDDDDDDDDUUUUUUUUUUUUUUUUUUUULLLLLLLLE1RRRRRRRDDDDDDDDDDDDDDDDDDDDDUUUUUUUUUUUUUUUUUUUUULLLLLLLE1RRRRRRDDDDDDDDDDDDDDDDDDDDDDUUUUUUUUUUUUUUUUUUUUUULLLLLLE1RRRRRDDDDDDDDDDDDDDDDDDDDDDDUUUUUUUUUUUUUUUUUUUUUUULLLLLE1RRRRDDDDDDDDDDDDDDDDDDDDDDDDUUUUUUUUUUUUUUUUUUUUUUUULLLLE1RRRRRRRRRDDDDDDDDDDDDDDDDDDDDUUUUUUUUUUUUUUUUUUUULLLLLLLLLE1RRRRRRRRDDDDDDDDDDDDDDDDDDDDDUUUUUUUUUUUUUUUUUUUUULLLLLLLLE1RRRRRRRDDDDDDDDDDDDDDDDDDDDDDUUUUUUUUUUUUUUUUUUUUUULLLLLLLE1RRRRRRDDDDDDDDDDDDDDDDDDDDDDDUUUUUUUUUUUUUUUUUUUUUUULLLLLLE1RRRRRDDDDDDDDDDDDDDDDDDDDDDDDUUUUUUUUUUUUUUUUUUUUUUUULLLLLE1RRRRRRRRRDDDDDDDDDDDDDDDDDDDDDUUUUUUUUUUUUUUUUUUUUULLLLLLLLLE1RRRRRRRRDDDDDDDDDDDDDDDDDDDDDDUUUUUUUUUUUUUUUUUUUUUULLLLLLLLE1RRRRRRRDDDDDDDDDDDDDDDDDDDDDDDUUUUUUUUUUUUUUUUUUUUUUULLLLLLLE1RRRRRRDDDDDDDDDDDDDDDDDDDDDDDDUUUUUUUUUUUUUUUUUUUUUUUULLLLLLE1RRRRRRRRRDDDDDDDDDDDDDDDDDDDDDDUUUUUUUUUUUUUUUUUUUUUULLLLLLLLLE1RRRRRRRRDDDDDDDDDDDDDDDDDDDDDDDUUUUUUUUUUUUUUUUUUUUUUULLLLLLLLE1RRRRRRRDDDDDDDDDDDDDDDDDDDDDDDDUUUUUUUUUUUUUUUUUUUUUUUULLLLLLLE1RRRRRRRRRDDDDDDDDDDDDDDDDDDDDDDDUUUUUUUUUUUUUUUUUUUUUUULLLLLLLLLE1RRRRRRRRDDDDDDDDDDDDDDDDDDDDDDDDUUUUUUUUUUUUUUUUUUUUUUUULLLLLLLLE1RRRRRRRRRDDDDDDDDDDDDDDDDDDDDDDDDUUUUUUUUUUUUUUUUUUUUUUUULLLLLLLLLE
