122
0RLE0LRE0DUE0LLRRE0LDURE0LLLRRRE0LLDURRE0LLLDURRREWWWWWWWWWWWWWWWWWWWWWWWWWWWWWWWWWWWWWWWWWWWWWWWWWWWWWWWWWWWWWWWWWWWWWWWW
1LRE1DUE1UDE1LLRRE1LDURE1DDUUE1LLLRRRE1LLDURRE1LDDUURE1LLLLRRRRE1LLLDURRRE1LLDDUURRE1LLLLDURRRRE1LLLDDUURRRE1LLLLDDUURRRRE
