31318
0RLE0LRE0DUE0UDE0RRLLE0RDULE0RUDLE0LLRRE0LDURE0LUDRE0DDUUE0UUDDE0RRRLLLE0RRDULLE0RRUDLLE0RDDUULE0RUUDDLE0LLLRRRE0LLDURRE0LLUDRRE0LDDUURE0LUUDDRE0DDDUUUE0UUUDDDE0RRRRLLLLE0RRRDULLLE0RRRUDLLLE0RRDDUULLE0RRUUDDLLE0RDDDUUULE0RUUUDDDLE0LLLLRRRRE0LLLDURRRE0LLLUDRRRE0LLDDUURRE0LLUUDDRRE0LDDDUUURE0LUUUDDDRE0DDDDUUUUE0UUUUDDDDE0RRRRRLLLLLE0RRRRDULLLLE0RRRRUDLLLLE0RRRDDUULLLE0RRRUUDDLLLE0RRDDDUUULLE0RRUUUDDDLLE0RDDDDUUUULE0RUUUUDDDDLE0LLLLLRRRRRE0LLLLDURRRRE0LLLLUDRRRRE0LLLDDUURRRE0LLLUUDDRRRE0LLDDDUUURRE0LLUUUDDDRRE0LDDDDUUUURE0LUUUUDDDDRE0DDDDDUUUUUE0UUUUUDDDDDE0RRRRRRLLLLLLE0RRRRRDULLLLLE0RRRRRUDLLLLLE0RRRRDDUULLLLE0RRRRUUDDLLLLE0RRRDDDUUULLLE0RRRUUUDDDLLLE0RRDDDDUUUULLE0RRUUUUDDDDLLE0RDDDDDUUUUULE0RUUUUUDDDDDLE0LLLLLLRRRRRRE0LLLLLDURRRRRE0LLLLLUDRRRRRE0LLLLDDUURRRRE0LLLLUUDDRRRRE0LLLDDDUUURRRE0LLLUUUDDDRRRE0LLDDDDUUUURRE0LLUUUUDDDDRRE0LDDDDDUUUUURE0LUUUUUDDDDDRE0DDDDDDUUUUUUE0UUUUUUDDDDDDE0RRRRRRRLLLLLLLE0RRRRRRDULLLLLLE0RRRRRRUDLLLLLLE0RRRRRDDUULLLLLE0RRRRRUUDDLLLLLE0RRRRDDDUUULLLLE0RRRRUUUDDDLLLLE0RRRDDDDUUUULLLE0RRRUUUUDDDDLLLE0RRDDDDDUUUUULLE0RRUUUUUDDDDDLLE0RDDDDDDUUUUUULE0RUUUUUUDDDDDDLE0LLLLLLLRRRRRRRE0LLLLLLDURRRRRRE0LLLLLLUDRRRRRRE0LLLLLDDUURRRRRE0LLLLLUUDDRRRRRE0LLLLDDDUUURRRRE0LLLLUUUDDDRRRRE0LLLDDDDUUUURRRE0LLLUUUUDDDDRRRE0LLDDDDDUUUUURRE0LLUUUUUDDDDDRRE0LDDDDDDUUUUUURE0LUUUUUUDDDDDDRE0DDDDDDDUUUUUUUE0UUUUUUUDDDDDDDE0RRRRRRRRLLLLLLLLE0RRRRRRRDULLLLLLLE0RRRRRRRUDLLLLLLLE0RRRRRRDDUULLLLLLE0RRRRRRUUDDLLLLLLE0RRRRRDDDUUULLLLLE0RRRRRUUUDDDLLLLLE0RRRRDDDDUUUULLLLE0RRRRUUUUDDDDLLLLE0RRRDDDDDUUUUULLLE0RRRUUUUUDDDDDLLLE0RRDDDDDDUUUUUULLE0RRUUUUUUDDDDDDLLE0RDDDDDDDUUUUUUULE0RUUUUUUUDDDDDDDLE0LLLLLLLLRRRRRRRRE0LLLLLLLDURRRRRRRE0LLLLLLLUDRRRRRRRE0LLLLLLDDUURRRRRRE0LLLLLLUUDDRRRRRRE0LLLLLDDDUUURRRRRE0LLLLLUUUDDDRRRRRE0LLLLDDDDUUUURRRRE0LLLLUUUUDDDDRRRRE0LLLDDDDDUUUUURRRE0LLLUUUUUDDDDDRRRE0LLDDDDDDUUUUUURRE0LLUUUUUUDDDDDDRRE0LDDDDDDDUUUUUUURE0LUUUUUUUDDDDDDDRE0DDDDDDDDUUUUUUUUE0UUUUUUUUDDDDDDDDE0RRRRRRRRDULLLLLLLLE0RRRRRRRRUDLLLLLLLLE0RRRRRRRDDUULLLLLLLE0RRRRRRRUUDDLLLLLLLE0RRRRRRDDDUUULLLLLLE0RRRRRRUUUDDDLLLLLLE0RRRRRDDDDUUUULLLLLE0RRRRRUUUUDDDDLLLLLE0RRRRDDDDDUUUUULLLLE0RRRRUUUUUDDDDDLLLLE0RRRDDDDDDUUUUUULLLE0RRRUUUUUUDDDDDDLLLE0RRDDDDDDDUUUUUUULLE0RRUUUUUUUDDDDDDDLLE0RDDDDDDDDUUUUUUUULE0RUUUUUUUUDDDDDDDDLE0LLLLLLLLLRRRRRRRRRE0LLLLLLLLDURRRRRRRRE0LLLLLLLLUDRRRRRRRRE0LLLLLLLDDUURRRRRRRE0LLLLLLLUUDDRRRRRRRE0LLLLLLDDDUUURRRRRRE0LLLLLLUUUDDDRRRRRRE0LLLLLDDDDUUUURRRRRE0LLLLLUUUUDDDDRRRRRE0LLLLDDDDDUUUUURRRRE0LLLLUUUUUDDDDDRRRRE0LLLDDDDDDUUUUUURRRE0LLLUUUUUUDDDDDDRRRE0LLDDDDDDDUUUUUUURRE0LLUUUUUUUDDDDDDDRRE0LDDDDDDDDUUUUUUUURE0LUUUUUUUUDDDDDDDDRE0DDDDDDDDDUUUUUUUUUE0UUUUUUUUUDDDDDDDDDE0RRRRRRRRDDUULLLLLLLLE0RRRRRRRRUUDDLLLLLLLLE0RRRRRRRDDDUUULLLLLLLE0RRRRRRRUUUDDDLLLLLLLE0RRRRRRDDDDUUUULLLLLLE0RRRRRRUUUUDDDDLLLLLLE0RRRRRDDDDDUUUUULLLLLE0RRRRRUUUUUDDDDDLLLLLE0RRRRDDDDDDUUUUUULLLLE0RRRRUUUUUUDDDDDDLLLLE0RRRDDDDDDDUUUUUUULLLE0RRRUUUUUUUDDDDDDDLLLE0RRDDDDDDDDUUUUUUUULLE0RRUUUUUUUUDDDDDDDDLLE0RDDDDDDDDDUUUUUUUUULE0RUUUUUUUUUDDDDDDDDDLE0LLLLLLLLLLRRRRRRRRRRE0LLLLLLLLLDURRRRRRRRRE0LLLLLLLLLUDRRRRRRRRRE0LLLLLLLLDDUURRRRRRRRE0LLLLLLLLUUDDRRRRRRRRE0LLLLLLLDDDUUURRRRRRRE0LLLLLLLUUUDDDRRRRRRRE0LLLLLLDDDDUUUURRRRRRE0LLLLLLUUUUDDDDRRRRRRE0LLLLLDDDDDUUUUURRRRRE0LLLLLUUUUUDDDDDRRRRRE0LLLLDDDDDDUUUUUURRRRE0LLLLUUUUUUDDDDDDRRRRE0LLLDDDDDDDUUUUUUURRRE0LLLUUUUUUUDDDDDDDRRRE0LLDDDDDDDDUUUUUUUURRE0LLUUUUUUUUDDDDDDDDRRE0LDDDDDDDDDUUUUUUUUURE0LUUUUUUUUUDDDDDDDDDRE0DDDDDDDDDDUUUUUUUUUUE0UUUUUUUUUUDDDDDDDDDDE0RRRRRRRRDDDUUULLLLLLLLE0RRRRRRRRUUUDDDLLLLLLLLE0RRRRRRRDDDDUUUULLLLLLLE0RRRRRRRUUUUDDDDLLLLLLLE0RRRRRRDDDDDUUUUULLLLLLE0RRRRRRUUUUUDDDDDLLLLLLE0RRRRRDDDDDDUUUUUULLLLLE0RRRRRUUUUUUDDDDDDLLLLLE0RRRRDDDDDDDUUUUUUULLLLE0RRRRUUUUUUUDDDDDDDLLLLE0RRRDDDDDDDDUUUUUUUULLLE0RRRUUUUUUUUDDDDDDDDLLLE0RRDDDDDDDDDUUUUUUUUULLE0RRUUUUUUUUUDDDDDDDDDLLE0RDDDDDDDDDDUUUUUUUUUULE0RUUUUUUUUUUDDDDDDDDDDLE0LLLLLLLLLLLRRRRRRRRRRRE0LLLLLLLLLLDURRRRRRRRRRE0LLLLLLLLLLUDRRRRRRRRRRE0LLLLLLLLLDDUURRRRRRRRRE0LLLLLLLLLUUDDRRRRRRRRRE0LLLLLLLLDDDUUURRRRRRRRE0LLLLLLLLUUUDDDRRRRRRRRE0LLLLLLLDDDDUUUURRRRRRRE0LLLLLLLUUUUDDDDRRRRRRRE0LLLLLLDDDDDUUUUURRRRRRE0LLLLLLUUUUUDDDDDRRRRRRE0LLLLLDDDDDDUUUUUURRRRRE0LLLLLUUUUUUDDDDDDRRRRRE0LLLLDDDDDDDUUUUUUURRRRE0LLLLUUUUUUUDDDDDDDRRRRE0LLLDDDDDDDDUUUUUUUURRRE0LLLUUUUUUUUDDDDDDDDRRRE0LLDDDDDDDDDUUUUUUUUURRE0LLUUUUUUUUUDDDDDDDDDRRE0LDDDDDDDDDDUUUUUUUUUURE0LUUUUUUUUUUDDDDDDDDDDRE0DDDDDDDDDDDUUUUUUUUUUUE0UUUUUUUUUUUDDDDDDDDDDDE0RRRRRRRRDDDDUUUULLLLLLLLE0RRRRRRRRUUUUDDDDLLLLLLLLE0RRRRRRRDDDDDUUUUULLLLLLLE0RRRRRRRUUUUUDDDDDLLLLLLLE0RRRRRRDDDDDDUUUUUULLLLLLE0RRRRRRUUUUUUDDDDDDLLLLLLE0RRRRRDDDDDDDUUUUUUULLLLLE0RRRRRUUUUUUUDDDDDDDLLLLLE0RRRRDDDDDDDDUUUUUUUULLLLE0RRRRUUUUUUUUDDDDDDDDLLLLE0RRRDDDDDDDDDUUUUUUUUULLLE0RRRUUUUUUUUUDDDDDDDDDLLLE0RRDDDDDDDDDDUUUUUUUUUULLE0RRUUUUUUUUUUDDDDDDDDDDLLE0RDDDDDDDDDDDUUUUUUUUUUULE0RUUUUUUUUUUUDDDDDDDDDDDLE0LLLLLLLLLLLLRRRRRRRRRRRRE0LLLLLLLLLLLDURRRRRRRRRRRE0LLLLLLLLLLLUDRRRRRRRRRRRE0LLLLLLLLLLDDUURRRRRRRRRRE0LLLLLLLLLLUUDDRRRRRRRRRRE0LLLLLLLLLDDDUUURRRRRRRRRE0LLLLLLLLLUUUDDDRRRRRRRRRE0LLLLLLLLDDDDUUUURRRRRRRRE0LLLLLLLLUUUUDDDDRRRRRRRRE0LLLLLLLDDDDDUUUUURRRRRRRE0LLLLLLLUUUUUDDDDDRRRRRRRE0LLLLLLDDDDDDUUUUUURRRRRRE0LLLLLLUUUUUUDDDDDDRRRRRRE0LLLLLDDDDDDDUUUUUUURRRRRE0LLLLLUUUUUUUDDDDDDDRRRRRE0LLLLDDDDDDDDUUUUUUUURRRRE0LLLLUUUUUUUUDDDDDDDDRRRRE0LLLDDDDDDDDDUUUUUUUUURRRE0LLLUUUUUUUUUDDDDDDDDDRRRE0LLDDDDDDDDDDUUUUUUUUUURRE0LLUUUUUUUUUUDDDDDDDDDDRRE0LDDDDDDDDDDDUUUUUUUUUUURE0LUUUUUUUUUUUDDDDDDDDDDDRE0DDDDDDDDDDDDUUUUUUUUUUUUE0UUUUUUUUUUUUDDDDDDDDDDDDE0RRRRRRRRDDDDDUUUUULLLLLLLLE0RRRRRRRRUUUUUDDDDDLLLLLLLLE0RRRRRRRDDDDDDUUUUUULLLLLLLE0RRRRRRRUUUUUUDDDDDDLLLLLLLE0RRRRRRDDDDDDDUUUUUUULLLLLLE0RRRRRRUUUUUUUDDDDDDDLLLLLLE0RRRRRDDDDDDDDUUUUUUUULLLLLE0RRRRRUUUUUUUUDDDDDDDDLLLLLE0RRRRDDDDDDDDDUUUUUUUUULLLLE0RRRRUUUUUUUUUDDDDDDDDDLLLLE0RRRDDDDDDDDDDUUUUUUUUUULLLE0RRRUUUUUUUUUUDDDDDDDDDDLLLE0RRDDDDDDDDDDDUUUUUUUUUUULLE0RRUUUUUUUUUUUDDDDDDDDDDDLLE0RDDDDDDDDDDDDUUUUUUUUUUUULE0RUUUUUUUUUUUUDDDDDDDDDDDDLE0LLLLLLLLLLLLLRRRRRRRRRRRRRE0LLLLLLLLLLLLDURRRRRRRRRRRRE0LLLLLLLLLLLLUDRRRRRRRRRRRRE0LLLLLLLLLLLDDUURRRRRRRRRRRE0LLLLLLLLLLLUUDDRRRRRRRRRRRE0LLLLLLLLLLDDDUUURRRRRRRRRRE0LLLLLLLLLLUUUDDDRRRRRRRRRRE0LLLLLLLLLDDDDUUUURRRRRRRRRE0LLLLLLLLLUUUUDDDDRRRRRRRRRE0LLLLLLLLDDDDDUUUUURRRRRRRRE0LLLLLLLLUUUUUDDDDDRRRRRRRRE0LLLLLLLDDDDDDUUUUUURRRRRRRE0LLLLLLLUUUUUUDDDDDDRRRRRRRE0LLLLLLDDDDDDDUUUUUUURRRRRRE0LLLLLLUUUUUUUDDDDDDDRRRRRRE0LLLLLDDDDDDDDUUUUUUUURRRRRE0LLLLLUUUUUUUUDDDDDDDDRRRRRE0LLLLDDDDDDDDDUUUUUUUUURRRRE0LLLLUUUUUUUUUDDDDDDDDDRRRRE0LLLDDDDDDDDDDUUUUUUUUUURRRE0LLLUUUUUUUUUUDDDDDDDDDDRRRE0LLDDDDDDDDDDDUUUUUUUUUUURRE0LLUUUUUUUUUUUDDDDDDDDDDDRRE0LDDDDDDDDDDDDUUUUUUUUUUUURE0LUUUUUUUUUUUUDDDDDDDDDDDDRE0DDDDDDDDDDDDDUUUUUUUUUUUUUE0UUUUUUUUUUUUUDDDDDDDDDDDDDE0RRRRRRRRDDDDDDUUUUUULLLLLLLLE0RRRRRRRRUUUUUUDDDDDDLLLLLLLLE0RRRRRRRDDDDDDDUUUUUUULLLLLLLE0RRRRRRRUUUUUUUDDDDDDDLLLLLLLE0RRRRRRDDDDDDDDUUUUUUUULLLLLLE0RRRRRRUUUUUUUUDDDDDDDDLLLLLLE0RRRRRDDDDDDDDDUUUUUUUUULLLLLE0RRRRRUUUUUUUUUDDDDDDDDDLLLLLE0RRRRDDDDDDDDDDUUUUUUUUUULLLLE0RRRRUUUUUUUUUUDDDDDDDDDDLLLLE0RRRDDDDDDDDDDDUUUUUUUUUUULLLE0RRRUUUUUUUUUUUDDDDDDDDDDDLLLE0RRDDDDDDDDDDDDUUUUUUUUUUUULLE0RRUUUUUUUUUUUUDDDDDDDDDDDDLLE0RDDDDDDDDDDDDDUUUUUUUUUUUUULE0RUUUUUUUUUUUUUDDDDDDDDDDDDDLE0LLLLLLLLLLLLLLRRRRRRRRRRRRRRE0LLLLLLLLLLLLLDURRRRRRRRRRRRRE0LLLLLLLLLLLLLUDRRRRRRRRRRRRRE0LLLLLLLLLLLLDDUURRRRRRRRRRRRE0LLLLLLLLLLLLUUDDRRRRRRRRRRRRE0LLLLLLLLLLLDDDUUURRRRRRRRRRRE0LLLLLLLLLLLUUUDDDRRRRRRRRRRRE0LLLLLLLLLLDDDDUUUURRRRRRRRRRE0LLLLLLLLLLUUUUDDDDRRRRRRRRRRE0LLLLLLLLLDDDDDUUUUURRRRRRRRRE0LLLLLLLLLUUUUUDDDDDRRRRRRRRRE0LLLLLLLLDDDDDDUUUUUURRRRRRRRE0LLLLLLLLUUUUUUDDDDDDRRRRRRRRE0LLLLLLLDDDDDDDUUUUUUURRRRRRRE0LLLLLLLUUUUUUUDDDDDDDRRRRRRRE0LLLLLLDDDDDDDDUUUUUUUURRRRRRE0LLLLLLUUUUUUUUDDDDDDDDRRRRRRE0LLLLLDDDDDDDDDUUUUUUUUURRRRRE0LLLLLUUUUUUUUUDDDDDDDDDRRRRRE0LLLLDDDDDDDDDDUUUUUUUUUURRRRE0LLLLUUUUUUUUUUDDDDDDDDDDRRRRE0LLLDDDDDDDDDDDUUUUUUUUUUURRRE0LLLUUUUUUUUUUUDDDDDDDDDDDRRRE0LLDDDDDDDDDDDDUUUUUUUUUUUURRE0LLUUUUUUUUUUUUDDDDDDDDDDDDRRE0LDDDDDDDDDDDDDUUUUUUUUUUUUURE0LUUUUUUUUUUUUUDDDDDDDDDDDDDRE0DDDDDDDDDDDDDDUUUUUUUUUUUUUUE0UUUUUUUUUUUUUUDDDDDDDDDDDDDDE0RRRRRRRRDDDDDDDUUUUUUULLLLLLLLE0RRRRRRRRUUUUUUUDDDDDDDLLLLLLLLE0RRRRRRRDDDDDDDDUUUUUUUULLLLLLLE0RRRRRRRUUUUUUUUDDDDDDDDLLLLLLLE0RRRRRRDDDDDDDDDUUUUUUUUULLLLLLE0RRRRRRUUUUUUUUUDDDDDDDDDLLLLLLE0RRRRRDDDDDDDDDDUUUUUUUUUULLLLLE0RRRRRUUUUUUUUUUDDDDDDDDDDLLLLLE0RRRRDDDDDDDDDDDUUUUUUUUUUULLLLE0RRRRUUUUUUUUUUUDDDDDDDDDDDLLLLE0RRRDDDDDDDDDDDDUUUUUUUUUUUULLLE0RRRUUUUUUUUUUUUDDDDDDDDDDDDLLLE0RRDDDDDDDDDDDDDUUUUUUUUUUUUULLE0RRUUUUUUUUUUUUUDDDDDDDDDDDDDLLE0RDDDDDDDDDDDDDDUUUUUUUUUUUUUULE0RUUUUUUUUUUUUUUDDDDDDDDDDDDDDLE0LLLLLLLLLLLLLLLRRRRRRRRRRRRRRRE0LLLLLLLLLLLLLLDURRRRRRRRRRRRRRE0LLLLLLLLLLLLLLUDRRRRRRRRRRRRRRE0LLLLLLLLLLLLLDDUURRRRRRRRRRRRRE0LLLLLLLLLLLLLUUDDRRRRRRRRRRRRRE0LLLLLLLLLLLLDDDUUURRRRRRRRRRRRE0LLLLLLLLLLLLUUUDDDRRRRRRRRRRRRE0LLLLLLLLLLLDDDDUUUURRRRRRRRRRRE0LLLLLLLLLLLUUUUDDDDRRRRRRRRRRRE0LLLLLLLLLLDDDDDUUUUURRRRRRRRRRE0LLLLLLLLLLUUUUUDDDDDRRRRRRRRRRE0LLLLLLLLLDDDDDDUUUUUURRRRRRRRRE0LLLLLLLLLUUUUUUDDDDDDRRRRRRRRRE0LLLLLLLLDDDDDDDUUUUUUURRRRRRRRE0LLLLLLLLUUUUUUUDDDDDDDRRRRRRRRE0LLLLLLLDDDDDDDDUUUUUUUURRRRRRRE0LLLLLLLUUUUUUUUDDDDDDDDRRRRRRRE0LLLLLLDDDDDDDDDUUUUUUUUURRRRRRE0LLLLLLUUUUUUUUUDDDDDDDDDRRRRRRE0LLLLLDDDDDDDDDDUUUUUUUUUURRRRRE0LLLLLUUUUUUUUUUDDDDDDDDDDRRRRRE0LLLLDDDDDDDDDDDUUUUUUUUUUURRRRE0LLLLUUUUUUUUUUUDDDDDDDDDDDRRRRE0LLLDDDDDDDDDDDDUUUUUUUUUUUURRRE0LLLUUUUUUUUUUUUDDDDDDDDDDDDRRRE0LLDDDDDDDDDDDDDUUUUUUUUUUUUURRE0LLUUUUUUUUUUUUUDDDDDDDDDDDDDRRE0LDDDDDDDDDDDDDDUUUUUUUUUUUUUURE0LUUUUUUUUUUUUUUDDDDDDDDDDDDDDRE0UUUUUUUUUUUUUUUDDDDDDDDDDDDDDDE0RRRRRRRRDDDDDDDDUUUUUUUULLLLLLLLE0RRRRRRRRUUUUUUUUDDDDDDDDLLLLLLLLE0RRRRRRRDDDDDDDDDUUUUUUUUULLLLLLLE0RRRRRRRUUUUUUUUUDDDDDDDDDLLLLLLLE0RRRRRRDDDDDDDDDDUUUUUUUUUULLLLLLE0RRRRRRUUUUUUUUUUDDDDDDDDDDLLLLLLE0RRRRRDDDDDDDDDDDUUUUUUUUUUULLLLLE0RRRRRUUUUUUUUUUUDDDDDDDDDDDLLLLLE0RRRRDDDDDDDDDDDDUUUUUUUUUUUULLLLE0RRRRUUUUUUUUUUUUDDDDDDDDDDDDLLLLE0RRRDDDDDDDDDDDDDUUUUUUUUUUUUULLLE0RRRUUUUUUUUUUUUUDDDDDDDDDDDDDLLLE0RRDDDDDDDDDDDDDDUUUUUUUUUUUUUULLE0RRUUUUUUUUUUUUUUDDDDDDDDDDDDDDLLE0RUUUUUUUUUUUUUUUDDDDDDDDDDDDDDDLE0LLLLLLLLLLLLLLLLRRRRRRRRRRRRRRRRE0LLLLLLLLLLLLLLLDURRRRRRRRRRRRRRRE0LLLLLLLLLLLLLLLUDRRRRRRRRRRRRRRRE0LLLLLLLLLLLLLLDDUURRRRRRRRRRRRRRE0LLLLLLLLLLLLLLUUDDRRRRRRRRRRRRRRE0LLLLLLLLLLLLLDDDUUURRRRRRRRRRRRRE0LLLLLLLLLLLLLUUUDDDRRRRRRRRRRRRRE0LLLLLLLLLLLLDDDDUUUURRRRRRRRRRRRE0LLLLLLLLLLLLUUUUDDDDRRRRRRRRRRRRE0LLLLLLLLLLLDDDDDUUUUURRRRRRRRRRRE0LLLLLLLLLLLUUUUUDDDDDRRRRRRRRRRRE0LLLLLLLLLLDDDDDDUUUUUURRRRRRRRRRE0LLLLLLLLLLUUUUUUDDDDDDRRRRRRRRRRE0LLLLLLLLLDDDDDDDUUUUUUURRRRRRRRRE0LLLLLLLLLUUUUUUUDDDDDDDRRRRRRRRRE0LLLLLLLLDDDDDDDDUUUUUUUURRRRRRRRE0LLLLLLLLUUUUUUUUDDDDDDDDRRRRRRRRE0LLLLLLLDDDDDDDDDUUUUUUUUURRRRRRRE0LLLLLLLUUUUUUUUUDDDDDDDDDRRRRRRRE0LLLLLLDDDDDDDDDDUUUUUUUUUURRRRRRE0LLLLLLUUUUUUUUUUDDDDDDDDDDRRRRRRE0LLLLLDDDDDDDDDDDUUUUUUUUUUURRRRRE0LLLLLUUUUUUUUUUUDDDDDDDDDDDRRRRRE0LLLLDDDDDDDDDDDDUUUUUUUUUUUURRRRE0LLLLUUUUUUUUUUUUDDDDDDDDDDDDRRRRE0LLLDDDDDDDDDDDDDUUUUUUUUUUUUURRRE0LLLUUUUUUUUUUUUUDDDDDDDDDDDDDRRRE0LLDDDDDDDDDDDDDDUUUUUUUUUUUUUURRE0LLUUUUUUUUUUUUUUDDDDDDDDDDDDDDRRE0LUUUUUUUUUUUUUUUDDDDDDDDDDDDDDDRE0RRRRRRRRDDDDDDDDDUUUUUUUUULLLLLLLLE0RRRRRRRRUUUUUUUUUDDDDDDDDDLLLLLLLLE0RRRRRRRDDDDDDDDDDUUUUUUUUUULLLLLLLE0RRRRRRRUUUUUUUUUUDDDDDDDDDDLLLLLLLE0RRRRRRDDDDDDDDDDDUUUUUUUUUUULLLLLLE0RRRRRRUUUUUUUUUUUDDDDDDDDDDDLLLLLLE0RRRRRDDDDDDDDDDDDUUUUUUUUUUUULLLLLE0RRRRRUUUUUUUUUUUUDDDDDDDDDDDDLLLLLE0RRRRDDDDDDDDDDDDDUUUUUUUUUUUUULLLLE0RRRRUUUUUUUUUUUUUDDDDDDDDDDDDDLLLLE0RRRDDDDDDDDDDDDDDUUUUUUUUUUUUUULLLE0RRRUUUUUUUUUUUUUUDDDDDDDDDDDDDDLLLE0RRUUUUUUUUUUUUUUUDDDDDDDDDDDDDDDLLE0LLLLLLLLLLLLLLLLLRRRRRRRRRRRRRRRRRE0LLLLLLLLLLLLLLLLDURRRRRRRRRRRRRRRRE0LLLLLLLLLLLLLLLLUDRRRRRRRRRRRRRRRRE0LLLLLLLLLLLLLLLDDUURRRRRRRRRRRRRRRE0LLLLLLLLLLLLLLLUUDDRRRRRRRRRRRRRRRE0LLLLLLLLLLLLLLDDDUUURRRRRRRRRRRRRRE0LLLLLLLLLLLLLLUUUDDDRRRRRRRRRRRRRRE0LLLLLLLLLLLLLDDDDUUUURRRRRRRRRRRRRE0LLLLLLLLLLLLLUUUUDDDDRRRRRRRRRRRRRE0LLLLLLLLLLLLDDDDDUUUUURRRRRRRRRRRRE0LLLLLLLLLLLLUUUUUDDDDDRRRRRRRRRRRRE0LLLLLLLLLLLDDDDDDUUUUUURRRRRRRRRRRE0LLLLLLLLLLLUUUUUUDDDDDDRRRRRRRRRRRE0LLLLLLLLLLDDDDDDDUUUUUUURRRRRRRRRRE0LLLLLLLLLLUUUUUUUDDDDDDDRRRRRRRRRRE0LLLLLLLLLDDDDDDDDUUUUUUUURRRRRRRRRE0LLLLLLLLLUUUUUUUUDDDDDDDDRRRRRRRRRE0LLLLLLLLDDDDDDDDDUUUUUUUUURRRRRRRRE0LLLLLLLLUUUUUUUUUDDDDDDDDDRRRRRRRRE0LLLLLLLDDDDDDDDDDUUUUUUUUUURRRRRRRE0LLLLLLLUUUUUUUUUUDDDDDDDDDDRRRRRRRE0LLLLLLDDDDDDDDDDDUUUUUUUUUUURRRRRRE0LLLLLLUUUUUUUUUUUDDDDDDDDDDDRRRRRRE0LLLLLDDDDDDDDDDDDUUUUUUUUUUUURRRRRE0LLLLLUUUUUUUUUUUUDDDDDDDDDDDDRRRRRE0LLLLDDDDDDDDDDDDDUUUUUUUUUUUUURRRRE0LLLLUUUUUUUUUUUUUDDDDDDDDDDDDDRRRRE0LLLDDDDDDDDDDDDDDUUUUUUUUUUUUUURRRE0LLLUUUUUUUUUUUUUUDDDDDDDDDDDDDDRRRE0LLUUUUUUUUUUUUUUUDDDDDDDDDDDDDDDRRE0RRRRRRRRDDDDDDDDDDUUUUUUUUUULLLLLLLLE0RRRRRRRRUUUUUUUUUUDDDDDDDDDDLLLLLLLLE0RRRRRRRDDDDDDDDDDDUUUUUUUUUUULLLLLLLE0RRRRRRRUUUUUUUUUUUDDDDDDDDDDDLLLLLLLE0RRRRRRDDDDDDDDDDDDUUUUUUUUUUUULLLLLLE0RRRRRRUUUUUUUUUUUUDDDDDDDDDDDDLLLLLLE0RRRRRDDDDDDDDDDDDDUUUUUUUUUUUUULLLLLE0RRRRRUUUUUUUUUUUUUDDDDDDDDDDDDDLLLLLE0RRRRDDDDDDDDDDDDDDUUUUUUUUUUUUUULLLLE0RRRRUUUUUUUUUUUUUUDDDDDDDDDDDDDDLLLLE0RRRUUUUUUUUUUUUUUUDDDDDDDDDDDDDDDLLLE0LLLLLLLLLLLLLLLLLLRRRRRRRRRRRRRRRRRRE0LLLLLLLLLLLLLLLLLDURRRRRRRRRRRRRRRRRE0LLLLLLLLLLLLLLLLLUDRRRRRRRRRRRRRRRRRE0LLLLLLLLLLLLLLLLDDUURRRRRRRRRRRRRRRRE0LLLLLLLLLLLLLLLLUUDDRRRRRRRRRRRRRRRRE0LLLLLLLLLLLLLLLDDDUUURRRRRRRRRRRRRRRE0LLLLLLLLLLLLLLLUUUDDDRRRRRRRRRRRRRRRE0LLLLLLLLLLLLLLDDDDUUUURRRRRRRRRRRRRRE0LLLLLLLLLLLLLLUUUUDDDDRRRRRRRRRRRRRRE0LLLLLLLLLLLLLDDDDDUUUUURRRRRRRRRRRRRE0LLLLLLLLLLLLLUUUUUDDDDDRRRRRRRRRRRRRE0LLLLLLLLLLLLDDDDDDUUUUUURRRRRRRRRRRRE0LLLLLLLLLLLLUUUUUUDDDDDDRRRRRRRRRRRRE0LLLLLLLLLLLDDDDDDDUUUUUUURRRRRRRRRRRE0LLLLLLLLLLLUUUUUUUDDDDDDDRRRRRRRRRRRE0LLLLLLLLLLDDDDDDDDUUUUUUUURRRRRRRRRRE0LLLLLLLLLLUUUUUUUUDDDDDDDDRRRRRRRRRRE0LLLLLLLLLDDDDDDDDDUUUUUUUUURRRRRRRRRE0LLLLLLLLLUUUUUUUUUDDDDDDDDDRRRRRRRRRE0LLLLLLLLDDDDDDDDDDUUUUUUUUUURRRRRRRRE0LLLLLLLLUUUUUUUUUUDDDDDDDDDDRRRRRRRRE0LLLLLLLDDDDDDDDDDDUUUUUUUUUUURRRRRRRE0LLLLLLLUUUUUUUUUUUDDDDDDDDDDDRRRRRRRE0LLLLLLDDDDDDDDDDDDUUUUUUUUUUUURRRRRRE0LLLLLLUUUUUUUUUUUUDDDDDDDDDDDDRRRRRRE0LLLLLDDDDDDDDDDDDDUUUUUUUUUUUUURRRRRE0LLLLLUUUUUUUUUUUUUDDDDDDDDDDDDDRRRRRE0LLLLDDDDDDDDDDDDDDUUUUUUUUUUUUUURRRRE0LLLLUUUUUUUUUUUUUUDDDDDDDDDDDDDDRRRRE0LLLUUUUUUUUUUUUUUUDDDDDDDDDDDDDDDRRRE0RRRRRRRRDDDDDDDDDDDUUUUUUUUUUULLLLLLLLE0RRRRRRRRUUUUUUUUUUUDDDDDDDDDDDLLLLLLLLE0RRRRRRRDDDDDDDDDDDDUUUUUUUUUUUULLLLLLLE0RRRRRRRUUUUUUUUUUUUDDDDDDDDDDDDLLLLLLLE0RRRRRRDDDDDDDDDDDDDUUUUUUUUUUUUULLLLLLE0RRRRRRUUUUUUUUUUUUUDDDDDDDDDDDDDLLLLLLE0RRRRRDDDDDDDDDDDDDDUUUUUUUUUUUUUULLLLLE0RRRRRUUUUUUUUUUUUUUDDDDDDDDDDDDDDLLLLLE0RRRRUUUUUUUUUUUUUUUDDDDDDDDDDDDDDDLLLLE0LLLLLLLLLLLLLLLLLLLRRRRRRRRRRRRRRRRRRRE0LLLLLLLLLLLLLLLLLLDURRRRRRRRRRRRRRRRRRE0LLLLLLLLLLLLLLLLLLUDRRRRRRRRRRRRRRRRRRE0LLLLLLLLLLLLLLLLLDDUURRRRRRRRRRRRRRRRRE0LLLLLLLLLLLLLLLLLUUDDRRRRRRRRRRRRRRRRRE0LLLLLLLLLLLLLLLLDDDUUURRRRRRRRRRRRRRRRE0LLLLLLLLLLLLLLLLUUUDDDRRRRRRRRRRRRRRRRE0LLLLLLLLLLLLLLLDDDDUUUURRRRRRRRRRRRRRRE0LLLLLLLLLLLLLLLUUUUDDDDRRRRRRRRRRRRRRRE0LLLLLLLLLLLLLLDDDDDUUUUURRRRRRRRRRRRRRE0LLLLLLLLLLLLLLUUUUUDDDDDRRRRRRRRRRRRRRE0LLLLLLLLLLLLLDDDDDDUUUUUURRRRRRRRRRRRRE0LLLLLLLLLLLLLUUUUUUDDDDDDRRRRRRRRRRRRRE0LLLLLLLLLLLLDDDDDDDUUUUUUURRRRRRRRRRRRE0LLLLLLLLLLLLUUUUUUUDDDDDDDRRRRRRRRRRRRE0LLLLLLLLLLLDDDDDDDDUUUUUUUURRRRRRRRRRRE0LLLLLLLLLLLUUUUUUUUDDDDDDDDRRRRRRRRRRRE0LLLLLLLLLLDDDDDDDDDUUUUUUUUURRRRRRRRRRE0LLLLLLLLLLUUUUUUUUUDDDDDDDDDRRRRRRRRRRE0LLLLLLLLLDDDDDDDDDDUUUUUUUUUURRRRRRRRRE0LLLLLLLLLUUUUUUUUUUDDDDDDDDDDRRRRRRRRRE0LLLLLLLLDDDDDDDDDDDUUUUUUUUUUURRRRRRRRE0LLLLLLLLUUUUUUUUUUUDDDDDDDDDDDRRRRRRRRE0LLLLLLLDDDDDDDDDDDDUUUUUUUUUUUURRRRRRRE0LLLLLLLUUUUUUUUUUUUDDDDDDDDDDDDRRRRRRRE0LLLLLLDDDDDDDDDDDDDUUUUUUUUUUUUURRRRRRE0LLLLLLUUUUUUUUUUUUUDDDDDDDDDDDDDRRRRRRE0LLLLLDDDDDDDDDDDDDDUUUUUUUUUUUUUURRRRRE0LLLLLUUUUUUUUUUUUUUDDDDDDDDDDDDDDRRRRRE0LLLLUUUUUUUUUUUUUUUDDDDDDDDDDDDDDDRRRRE0RRRRRRRRDDDDDDDDDDDDUUUUUUUUUUUULLLLLLLLE0RRRRRRRRUUUUUUUUUUUUDDDDDDDDDDDDLLLLLLLLE0RRRRRRRDDDDDDDDDDDDDUUUUUUUUUUUUULLLLLLLE0RRRRRRRUUUUUUUUUUUUUDDDDDDDDDDDDDLLLLLLLE0RRRRRRDDDDDDDDDDDDDDUUUUUUUUUUUUUULLLLLLE0RRRRRRUUUUUUUUUUUUUUDDDDDDDDDDDDDDLLLLLLE0RRRRRUUUUUUUUUUUUUUUDDDDDDDDDDDDDDDLLLLLE0LLLLLLLLLLLLLLLLLLLLRRRRRRRRRRRRRRRRRRRRE0LLLLLLLLLLLLLLLLLLLDURRRRRRRRRRRRRRRRRRRE0LLLLLLLLLLLLLLLLLLLUDRRRRRRRRRRRRRRRRRRRE0LLLLLLLLLLLLLLLLLLDDUURRRRRRRRRRRRRRRRRRE0LLLLLLLLLLLLLLLLLLUUDDRRRRRRRRRRRRRRRRRRE0LLLLLLLLLLLLLLLLLDDDUUURRRRRRRRRRRRRRRRRE0LLLLLLLLLLLLLLLLLUUUDDDRRRRRRRRRRRRRRRRRE0LLLLLLLLLLLLLLLLDDDDUUUURRRRRRRRRRRRRRRRE0LLLLLLLLLLLLLLLLUUUUDDDDRRRRRRRRRRRRRRRRE0LLLLLLLLLLLLLLLDDDDDUUUUURRRRRRRRRRRRRRRE0LLLLLLLLLLLLLLLUUUUUDDDDDRRRRRRRRRRRRRRRE0LLLLLLLLLLLLLLDDDDDDUUUUUURRRRRRRRRRRRRRE0LLLLLLLLLLLLLLUUUUUUDDDDDDRRRRRRRRRRRRRRE0LLLLLLLLLLLLLDDDDDDDUUUUUUURRRRRRRRRRRRRE0LLLLLLLLLLLLLUUUUUUUDDDDDDDRRRRRRRRRRRRRE0LLLLLLLLLLLLDDDDDDDDUUUUUUUURRRRRRRRRRRRE0LLLLLLLLLLLLUUUUUUUUDDDDDDDDRRRRRRRRRRRRE0LLLLLLLLLLLDDDDDDDDDUUUUUUUUURRRRRRRRRRRE0LLLLLLLLLLLUUUUUUUUUDDDDDDDDDRRRRRRRRRRRE0LLLLLLLLLLDDDDDDDDDDUUUUUUUUUURRRRRRRRRRE0LLLLLLLLLLUUUUUUUUUUDDDDDDDDDDRRRRRRRRRRE0LLLLLLLLLDDDDDDDDDDDUUUUUUUUUUURRRRRRRRRE0LLLLLLLLLUUUUUUUUUUUDDDDDDDDDDDRRRRRRRRRE0LLLLLLLLDDDDDDDDDDDDUUUUUUUUUUUURRRRRRRRE0LLLLLLLLUUUUUUUUUUUUDDDDDDDDDDDDRRRRRRRRE0LLLLLLLDDDDDDDDDDDDDUUUUUUUUUUUUURRRRRRRE0LLLLLLLUUUUUUUUUUUUUDDDDDDDDDDDDDRRRRRRRE0LLLLLLDDDDDDDDDDDDDDUUUUUUUUUUUUUURRRRRRE0LLLLLLUUUUUUUUUUUUUUDDDDDDDDDDDDDDRRRRRRE0LLLLLUUUUUUUUUUUUUUUDDDDDDDDDDDDDDDRRRRRE0RRRRRRRRDDDDDDDDDDDDDUUUUUUUUUUUUULLLLLLLLE0RRRRRRRRUUUUUUUUUUUUUDDDDDDDDDDDDDLLLLLLLLE0RRRRRRRDDDDDDDDDDDDDDUUUUUUUUUUUUUULLLLLLLE0RRRRRRRUUUUUUUUUUUUUUDDDDDDDDDDDDDDLLLLLLLE0RRRRRRUUUUUUUUUUUUUUUDDDDDDDDDDDDDDDLLLLLLE0LLLLLLLLLLLLLLLLLLLLLRRRRRRRRRRRRRRRRRRRRRE0LLLLLLLLLLLLLLLLLLLLDURRRRRRRRRRRRRRRRRRRRE0LLLLLLLLLLLLLLLLLLLLUDRRRRRRRRRRRRRRRRRRRRE0LLLLLLLLLLLLLLLLLLLDDUURRRRRRRRRRRRRRRRRRRE0LLLLLLLLLLLLLLLLLLLUUDDRRRRRRRRRRRRRRRRRRRE0LLLLLLLLLLLLLLLLLLDDDUUURRRRRRRRRRRRRRRRRRE0LLLLLLLLLLLLLLLLLLUUUDDDRRRRRRRRRRRRRRRRRRE0LLLLLLLLLLLLLLLLLDDDDUUUURRRRRRRRRRRRRRRRRE0LLLLLLLLLLLLLLLLLUUUUDDDDRRRRRRRRRRRRRRRRRE0LLLLLLLLLLLLLLLLDDDDDUUUUURRRRRRRRRRRRRRRRE0LLLLLLLLLLLLLLLLUUUUUDDDDDRRRRRRRRRRRRRRRRE0LLLLLLLLLLLLLLLDDDDDDUUUUUURRRRRRRRRRRRRRRE0LLLLLLLLLLLLLLLUUUUUUDDDDDDRRRRRRRRRRRRRRRE0LLLLLLLLLLLLLLDDDDDDDUUUUUUURRRRRRRRRRRRRRE0LLLLLLLLLLLLLLUUUUUUUDDDDDDDRRRRRRRRRRRRRRE0LLLLLLLLLLLLLDDDDDDDDUUUUUUUURRRRRRRRRRRRRE0LLLLLLLLLLLLLUUUUUUUUDDDDDDDDRRRRRRRRRRRRRE0LLLLLLLLLLLLDDDDDDDDDUUUUUUUUURRRRRRRRRRRRE0LLLLLLLLLLLLUUUUUUUUUDDDDDDDDDRRRRRRRRRRRRE0LLLLLLLLLLLDDDDDDDDDDUUUUUUUUUURRRRRRRRRRRE0LLLLLLLLLLLUUUUUUUUUUDDDDDDDDDDRRRRRRRRRRRE0LLLLLLLLLLDDDDDDDDDDDUUUUUUUUUUURRRRRRRRRRE0LLLLLLLLLLUUUUUUUUUUUDDDDDDDDDDDRRRRRRRRRRE0LLLLLLLLLDDDDDDDDDDDDUUUUUUUUUUUURRRRRRRRRE0LLLLLLLLLUUUUUUUUUUUUDDDDDDDDDDDDRRRRRRRRRE0LLLLLLLLDDDDDDDDDDDDDUUUUUUUUUUUUURRRRRRRRE0LLLLLLLLUUUUUUUUUUUUUDDDDDDDDDDDDDRRRRRRRRE0LLLLLLLDDDDDDDDDDDDDDUUUUUUUUUUUUUURRRRRRRE0LLLLLLLUUUUUUUUUUUUUUDDDDDDDDDDDDDDRRRRRRRE0LLLLLLUUUUUUUUUUUUUUUDDDDDDDDDDDDDDDRRRRRRE0RRRRRRRRDDDDDDDDDDDDDDUUUUUUUUUUUUUULLLLLLLLE0RRRRRRRRUUUUUUUUUUUUUUDDDDDDDDDDDDDDLLLLLLLLE0RRRRRRRUUUUUUUUUUUUUUUDDDDDDDDDDDDDDDLLLLLLLE0LLLLLLLLLLLLLLLLLLLLLDURRRRRRRRRRRRRRRRRRRRRE0LLLLLLLLLLLLLLLLLLLLLUDRRRRRRRRRRRRRRRRRRRRRE0LLLLLLLLLLLLLLLLLLLLDDUURRRRRRRRRRRRRRRRRRRRE0LLLLLLLLLLLLLLLLLLLLUUDDRRRRRRRRRRRRRRRRRRRRE0LLLLLLLLLLLLLLLLLLLDDDUUURRRRRRRRRRRRRRRRRRRE0LLLLLLLLLLLLLLLLLLLUUUDDDRRRRRRRRRRRRRRRRRRRE0LLLLLLLLLLLLLLLLLLDDDDUUUURRRRRRRRRRRRRRRRRRE0LLLLLLLLLLLLLLLLLLUUUUDDDDRRRRRRRRRRRRRRRRRRE0LLLLLLLLLLLLLLLLLDDDDDUUUUURRRRRRRRRRRRRRRRRE0LLLLLLLLLLLLLLLLLUUUUUDDDDDRRRRRRRRRRRRRRRRRE0LLLLLLLLLLLLLLLLDDDDDDUUUUUURRRRRRRRRRRRRRRRE0LLLLLLLLLLLLLLLLUUUUUUDDDDDDRRRRRRRRRRRRRRRRE0LLLLLLLLLLLLLLLDDDDDDDUUUUUUURRRRRRRRRRRRRRRE0LLLLLLLLLLLLLLLUUUUUUUDDDDDDDRRRRRRRRRRRRRRRE0LLLLLLLLLLLLLLDDDDDDDDUUUUUUUURRRRRRRRRRRRRRE0LLLLLLLLLLLLLLUUUUUUUUDDDDDDDDRRRRRRRRRRRRRRE0LLLLLLLLLLLLLDDDDDDDDDUUUUUUUUURRRRRRRRRRRRRE0LLLLLLLLLLLLLUUUUUUUUUDDDDDDDDDRRRRRRRRRRRRRE0LLLLLLLLLLLLDDDDDDDDDDUUUUUUUUUURRRRRRRRRRRRE0LLLLLLLLLLLLUUUUUUUUUUDDDDDDDDDDRRRRRRRRRRRRE0LLLLLLLLLLLDDDDDDDDDDDUUUUUUUUUUURRRRRRRRRRRE0LLLLLLLLLLLUUUUUUUUUUUDDDDDDDDDDDRRRRRRRRRRRE0LLLLLLLLLLDDDDDDDDDDDDUUUUUUUUUUUURRRRRRRRRRE0LLLLLLLLLLUUUUUUUUUUUUDDDDDDDDDDDDRRRRRRRRRRE0LLLLLLLLLDDDDDDDDDDDDDUUUUUUUUUUUUURRRRRRRRRE0LLLLLLLLLUUUUUUUUUUUUUDDDDDDDDDDDDDRRRRRRRRRE0LLLLLLLLDDDDDDDDDDDDDDUUUUUUUUUUUUUURRRRRRRRE0LLLLLLLLUUUUUUUUUUUUUUDDDDDDDDDDDDDDRRRRRRRRE0LLLLLLLUUUUUUUUUUUUUUUDDDDDDDDDDDDDDDRRRRRRRE0RRRRRRRRUUUUUUUUUUUUUUUDDDDDDDDDDDDDDDLLLLLLLLE0LLLLLLLLLLLLLLLLLLLLLDDUURRRRRRRRRRRRRRRRRRRRRE0LLLLLLLLLLLLLLLLLLLLLUUDDRRRRRRRRRRRRRRRRRRRRRE0LLLLLLLLLLLLLLLLLLLLDDDUUURRRRRRRRRRRRRRRRRRRRE0LLLLLLLLLLLLLLLLLLLLUUUDDDRRRRRRRRRRRRRRRRRRRRE0LLLLLLLLLLLLLLLLLLLDDDDUUUURRRRRRRRRRRRRRRRRRRE0LLLLLLLLLLLLLLLLLLLUUUUDDDDRRRRRRRRRRRRRRRRRRRE0LLLLLLLLLLLLLLLLLLDDDDDUUUUURRRRRRRRRRRRRRRRRRE0LLLLLLLLLLLLLLLLLLUUUUUDDDDDRRRRRRRRRRRRRRRRRRE0LLLLLLLLLLLLLLLLLDDDDDDUUUUUURRRRRRRRRRRRRRRRRE0LLLLLLLLLLLLLLLLLUUUUUUDDDDDDRRRRRRRRRRRRRRRRRE0LLLLLLLLLLLLLLLLDDDDDDDUUUUUUURRRRRRRRRRRRRRRRE0LLLLLLLLLLLLLLLLUUUUUUUDDDDDDDRRRRRRRRRRRRRRRRE0LLLLLLLLLLLLLLLDDDDDDDDUUUUUUUURRRRRRRRRRRRRRRE0LLLLLLLLLLLLLLLUUUUUUUUDDDDDDDDRRRRRRRRRRRRRRRE0LLLLLLLLLLLLLLDDDDDDDDDUUUUUUUUURRRRRRRRRRRRRRE0LLLLLLLLLLLLLLUUUUUUUUUDDDDDDDDDRRRRRRRRRRRRRRE0LLLLLLLLLLLLLDDDDDDDDDDUUUUUUUUUURRRRRRRRRRRRRE0LLLLLLLLLLLLLUUUUUUUUUUDDDDDDDDDDRRRRRRRRRRRRRE0LLLLLLLLLLLLDDDDDDDDDDDUUUUUUUUUUURRRRRRRRRRRRE0LLLLLLLLLLLLUUUUUUUUUUUDDDDDDDDDDDRRRRRRRRRRRRE0LLLLLLLLLLLDDDDDDDDDDDDUUUUUUUUUUUURRRRRRRRRRRE0LLLLLLLLLLLUUUUUUUUUUUUDDDDDDDDDDDDRRRRRRRRRRRE0LLLLLLLLLLDDDDDDDDDDDDDUUUUUUUUUUUUURRRRRRRRRRE0LLLLLLLLLLUUUUUUUUUUUUUDDDDDDDDDDDDDRRRRRRRRRRE0LLLLLLLLLDDDDDDDDDDDDDDUUUUUUUUUUUUUURRRRRRRRRE0LLLLLLLLLUUUUUUUUUUUUUUDDDDDDDDDDDDDDRRRRRRRRRE0LLLLLLLLUUUUUUUUUUUUUUUDDDDDDDDDDDDDDDRRRRRRRRE0LLLLLLLLLLLLLLLLLLLLLDDDUUURRRRRRRRRRRRRRRRRRRRRE0LLLLLLLLLLLLLLLLLLLLLUUUDDDRRRRRRRRRRRRRRRRRRRRRE0LLLLLLLLLLLLLLLLLLLLDDDDUUUURRRRRRRRRRRRRRRRRRRRE0LLLLLLLLLLLLLLLLLLLLUUUUDDDDRRRRRRRRRRRRRRRRRRRRE0LLLLLLLLLLLLLLLLLLLDDDDDUUUUURRRRRRRRRRRRRRRRRRRE0LLLLLLLLLLLLLLLLLLLUUUUUDDDDDRRRRRRRRRRRRRRRRRRRE0LLLLLLLLLLLLLLLLLLDDDDDDUUUUUURRRRRRRRRRRRRRRRRRE0LLLLLLLLLLLLLLLLLLUUUUUUDDDDDDRRRRRRRRRRRRRRRRRRE0LLLLLLLLLLLLLLLLLDDDDDDDUUUUUUURRRRRRRRRRRRRRRRRE0LLLLLLLLLLLLLLLLLUUUUUUUDDDDDDDRRRRRRRRRRRRRRRRRE0LLLLLLLLLLLLLLLLDDDDDDDDUUUUUUUURRRRRRRRRRRRRRRRE0LLLLLLLLLLLLLLLLUUUUUUUUDDDDDDDDRRRRRRRRRRRRRRRRE0LLLLLLLLLLLLLLLDDDDDDDDDUUUUUUUUURRRRRRRRRRRRRRRE0LLLLLLLLLLLLLLLUUUUUUUUUDDDDDDDDDRRRRRRRRRRRRRRRE0LLLLLLLLLLLLLLDDDDDDDDDDUUUUUUUUUURRRRRRRRRRRRRRE0LLLLLLLLLLLLLLUUUUUUUUUUDDDDDDDDDDRRRRRRRRRRRRRRE0LLLLLLLLLLLLLDDDDDDDDDDDUUUUUUUUUUURRRRRRRRRRRRRE0LLLLLLLLLLLLLUUUUUUUUUUUDDDDDDDDDDDRRRRRRRRRRRRRE0LLLLLLLLLLLLDDDDDDDDDDDDUUUUUUUUUUUURRRRRRRRRRRRE0LLLLLLLLLLLLUUUUUUUUUUUUDDDDDDDDDDDDRRRRRRRRRRRRE0LLLLLLLLLLLDDDDDDDDDDDDDUUUUUUUUUUUUURRRRRRRRRRRE0LLLLLLLLLLLUUUUUUUUUUUUUDDDDDDDDDDDDDRRRRRRRRRRRE0LLLLLLLLLLDDDDDDDDDDDDDDUUUUUUUUUUUUUURRRRRRRRRRE0LLLLLLLLLLUUUUUUUUUUUUUUDDDDDDDDDDDDDDRRRRRRRRRRE0LLLLLLLLLUUUUUUUUUUUUUUUDDDDDDDDDDDDDDDRRRRRRRRRE0LLLLLLLLLLLLLLLLLLLLLDDDDUUUURRRRRRRRRRRRRRRRRRRRRE0LLLLLLLLLLLLLLLLLLLLLUUUUDDDDRRRRRRRRRRRRRRRRRRRRRE0LLLLLLLLLLLLLLLLLLLLDDDDDUUUUURRRRRRRRRRRRRRRRRRRRE0LLLLLLLLLLLLLLLLLLLLUUUUUDDDDDRRRRRRRRRRRRRRRRRRRRE0LLLLLLLLLLLLLLLLLLLDDDDDDUUUUUURRRRRRRRRRRRRRRRRRRE0LLLLLLLLLLLLLLLLLLLUUUUUUDDDDDDRRRRRRRRRRRRRRRRRRRE0LLLLLLLLLLLLLLLLLLDDDDDDDUUUUUUURRRRRRRRRRRRRRRRRRE0LLLLLLLLLLLLLLLLLLUUUUUUUDDDDDDDRRRRRRRRRRRRRRRRRRE0LLLLLLLLLLLLLLLLLDDDDDDDDUUUUUUUURRRRRRRRRRRRRRRRRE0LLLLLLLLLLLLLLLLLUUUUUUUUDDDDDDDDRRRRRRRRRRRRRRRRRE0LLLLLLLLLLLLLLLLDDDDDDDDDUUUUUUUUURRRRRRRRRRRRRRRRE0LLLLLLLLLLLLLLLLUUUUUUUUUDDDDDDDDDRRRRRRRRRRRRRRRRE0LLLLLLLLLLLLLLLDDDDDDDDDDUUUUUUUUUURRRRRRRRRRRRRRRE0LLLLLLLLLLLLLLLUUUUUUUUUUDDDDDDDDDDRRRRRRRRRRRRRRRE0LLLLLLLLLLLLLLDDDDDDDDDDDUUUUUUUUUUURRRRRRRRRRRRRRE0LLLLLLLLLLLLLLUUUUUUUUUUUDDDDDDDDDDDRRRRRRRRRRRRRRE0LLLLLLLLLLLLLDDDDDDDDDDDDUUUUUUUUUUUURRRRRRRRRRRRRE0LLLLLLLLLLLLLUUUUUUUUUUUUDDDDDDDDDDDDRRRRRRRRRRRRRE0LLLLLLLLLLLLDDDDDDDDDDDDDUUUUUUUUUUUUURRRRRRRRRRRRE0LLLLLLLLLLLLUUUUUUUUUUUUUDDDDDDDDDDDDDRRRRRRRRRRRRE0LLLLLLLLLLLDDDDDDDDDDDDDDUUUUUUUUUUUUUURRRRRRRRRRRE0LLLLLLLLLLLUUUUUUUUUUUUUUDDDDDDDDDDDDDDRRRRRRRRRRRE0LLLLLLLLLLUUUUUUUUUUUUUUUDDDDDDDDDDDDDDDRRRRRRRRRRE0LLLLLLLLLLLLLLLLLLLLLDDDDDUUUUURRRRRRRRRRRRRRRRRRRRRE0LLLLLLLLLLLLLLLLLLLLLUUUUUDDDDDRRRRRRRRRRRRRRRRRRRRRE0LLLLLLLLLLLLLLLLLLLLDDDDDDUUUUUURRRRRRRRRRRRRRRRRRRRE0LLLLLLLLLLLLLLLLLLLLUUUUUUDDDDDDRRRRRRRRRRRRRRRRRRRRE0LLLLLLLLLLLLLLLLLLLDDDDDDDUUUUUUURRRRRRRRRRRRRRRRRRRE0LLLLLLLLLLLLLLLLLLLUUUUUUUDDDDDDDRRRRRRRRRRRRRRRRRRRE0LLLLLLLLLLLLLLLLLLDDDDDDDDUUUUUUUURRRRRRRRRRRRRRRRRRE0LLLLLLLLLLLLLLLLLLUUUUUUUUDDDDDDDDRRRRRRRRRRRRRRRRRRE0LLLLLLLLLLLLLLLLLDDDDDDDDDUUUUUUUUURRRRRRRRRRRRRRRRRE0LLLLLLLLLLLLLLLLLUUUUUUUUUDDDDDDDDDRRRRRRRRRRRRRRRRRE0LLLLLLLLLLLLLLLLDDDDDDDDDDUUUUUUUUUURRRRRRRRRRRRRRRRE0LLLLLLLLLLLLLLLLUUUUUUUUUUDDDDDDDDDDRRRRRRRRRRRRRRRRE0LLLLLLLLLLLLLLLDDDDDDDDDDDUUUUUUUUUUURRRRRRRRRRRRRRRE0LLLLLLLLLLLLLLLUUUUUUUUUUUDDDDDDDDDDDRRRRRRRRRRRRRRRE0LLLLLLLLLLLLLLDDDDDDDDDDDDUUUUUUUUUUUURRRRRRRRRRRRRRE0LLLLLLLLLLLLLLUUUUUUUUUUUUDDDDDDDDDDDDRRRRRRRRRRRRRRE0LLLLLLLLLLLLLDDDDDDDDDDDDDUUUUUUUUUUUUURRRRRRRRRRRRRE0LLLLLLLLLLLLLUUUUUUUUUUUUUDDDDDDDDDDDDDRRRRRRRRRRRRRE0LLLLLLLLLLLLDDDDDDDDDDDDDDUUUUUUUUUUUUUURRRRRRRRRRRRE0LLLLLLLLLLLLUUUUUUUUUUUUUUDDDDDDDDDDDDDDRRRRRRRRRRRRE0LLLLLLLLLLLUUUUUUUUUUUUUUUDDDDDDDDDDDDDDDRRRRRRRRRRRE0LLLLLLLLLLLLLLLLLLLLLDDDDDDUUUUUURRRRRRRRRRRRRRRRRRRRRE0LLLLLLLLLLLLLLLLLLLLLUUUUUUDDDDDDRRRRRRRRRRRRRRRRRRRRRE0LLLLLLLLLLLLLLLLLLLLDDDDDDDUUUUUUURRRRRRRRRRRRRRRRRRRRE0LLLLLLLLLLLLLLLLLLLLUUUUUUUDDDDDDDRRRRRRRRRRRRRRRRRRRRE0LLLLLLLLLLLLLLLLLLLDDDDDDDDUUUUUUUURRRRRRRRRRRRRRRRRRRE0LLLLLLLLLLLLLLLLLLLUUUUUUUUDDDDDDDDRRRRRRRRRRRRRRRRRRRE0LLLLLLLLLLLLLLLLLLDDDDDDDDDUUUUUUUUURRRRRRRRRRRRRRRRRRE0LLLLLLLLLLLLLLLLLLUUUUUUUUUDDDDDDDDDRRRRRRRRRRRRRRRRRRE0LLLLLLLLLLLLLLLLLDDDDDDDDDDUUUUUUUUUURRRRRRRRRRRRRRRRRE0LLLLLLLLLLLLLLLLLUUUUUUUUUUDDDDDDDDDDRRRRRRRRRRRRRRRRRE0LLLLLLLLLLLLLLLLDDDDDDDDDDDUUUUUUUUUUURRRRRRRRRRRRRRRRE0LLLLLLLLLLLLLLLLUUUUUUUUUUUDDDDDDDDDDDRRRRRRRRRRRRRRRRE0LLLLLLLLLLLLLLLDDDDDDDDDDDDUUUUUUUUUUUURRRRRRRRRRRRRRRE0LLLLLLLLLLLLLLLUUUUUUUUUUUUDDDDDDDDDDDDRRRRRRRRRRRRRRRE0LLLLLLLLLLLLLLDDDDDDDDDDDDDUUUUUUUUUUUUURRRRRRRRRRRRRRE0LLLLLLLLLLLLLLUUUUUUUUUUUUUDDDDDDDDDDDDDRRRRRRRRRRRRRRE0LLLLLLLLLLLLLDDDDDDDDDDDDDDUUUUUUUUUUUUUURRRRRRRRRRRRRE0LLLLLLLLLLLLLUUUUUUUUUUUUUUDDDDDDDDDDDDDDRRRRRRRRRRRRRE0LLLLLLLLLLLLUUUUUUUUUUUUUUUDDDDDDDDDDDDDDDRRRRRRRRRRRRE0LLLLLLLLLLLLLLLLLLLLLDDDDDDDUUUUUUURRRRRRRRRRRRRRRRRRRRRE0LLLLLLLLLLLLLLLLLLLLLUUUUUUUDDDDDDDRRRRRRRRRRRRRRRRRRRRRE0LLLLLLLLLLLLLLLLLLLLDDDDDDDDUUUUUUUURRRRRRRRRRRRRRRRRRRRE0LLLLLLLLLLLLLLLLLLLLUUUUUUUUDDDDDDDDRRRRRRRRRRRRRRRRRRRRE0LLLLLLLLLLLLLLLLLLLDDDDDDDDDUUUUUUUUURRRRRRRRRRRRRRRRRRRE0LLLLLLLLLLLLLLLLLLLUUUUUUUUUDDDDDDDDDRRRRRRRRRRRRRRRRRRRE0LLLLLLLLLLLLLLLLLLDDDDDDDDDDUUUUUUUUUURRRRRRRRRRRRRRRRRRE0LLLLLLLLLLLLLLLLLLUUUUUUUUUUDDDDDDDDDDRRRRRRRRRRRRRRRRRRE0LLLLLLLLLLLLLLLLLDDDDDDDDDDDUUUUUUUUUUURRRRRRRRRRRRRRRRRE0LLLLLLLLLLLLLLLLLUUUUUUUUUUUDDDDDDDDDDDRRRRRRRRRRRRRRRRRE0LLLLLLLLLLLLLLLLDDDDDDDDDDDDUUUUUUUUUUUURRRRRRRRRRRRRRRRE0LLLLLLLLLLLLLLLLUUUUUUUUUUUUDDDDDDDDDDDDRRRRRRRRRRRRRRRRE0LLLLLLLLLLLLLLLDDDDDDDDDDDDDUUUUUUUUUUUUURRRRRRRRRRRRRRRE0LLLLLLLLLLLLLLLUUUUUUUUUUUUUDDDDDDDDDDDDDRRRRRRRRRRRRRRRE0LLLLLLLLLLLLLLDDDDDDDDDDDDDDUUUUUUUUUUUUUURRRRRRRRRRRRRRE0LLLLLLLLLLLLLLUUUUUUUUUUUUUUDDDDDDDDDDDDDDRRRRRRRRRRRRRRE0LLLLLLLLLLLLLUUUUUUUUUUUUUUUDDDDDDDDDDDDDDDRRRRRRRRRRRRRE0LLLLLLLLLLLLLLLLLLLLLDDDDDDDDUUUUUUUURRRRRRRRRRRRRRRRRRRRRE0LLLLLLLLLLLLLLLLLLLLLUUUUUUUUDDDDDDDDRRRRRRRRRRRRRRRRRRRRRE0LLLLLLLLLLLLLLLLLLLLDDDDDDDDDUUUUUUUUURRRRRRRRRRRRRRRRRRRRE0LLLLLLLLLLLLLLLLLLLLUUUUUUUUUDDDDDDDDDRRRRRRRRRRRRRRRRRRRRE0LLLLLLLLLLLLLLLLLLLDDDDDDDDDDUUUUUUUUUURRRRRRRRRRRRRRRRRRRE0LLLLLLLLLLLLLLLLLLLUUUUUUUUUUDDDDDDDDDDRRRRRRRRRRRRRRRRRRRE0LLLLLLLLLLLLLLLLLLDDDDDDDDDDDUUUUUUUUUUURRRRRRRRRRRRRRRRRRE0LLLLLLLLLLLLLLLLLLUUUUUUUUUUUDDDDDDDDDDDRRRRRRRRRRRRRRRRRRE0LLLLLLLLLLLLLLLLLDDDDDDDDDDDDUUUUUUUUUUUURRRRRRRRRRRRRRRRRE0LLLLLLLLLLLLLLLLLUUUUUUUUUUUUDDDDDDDDDDDDRRRRRRRRRRRRRRRRRE0LLLLLLLLLLLLLLLLDDDDDDDDDDDDDUUUUUUUUUUUUURRRRRRRRRRRRRRRRE0LLLLLLLLLLLLLLLLUUUUUUUUUUUUUDDDDDDDDDDDDDRRRRRRRRRRRRRRRRE0LLLLLLLLLLLLLLLDDDDDDDDDDDDDDUUUUUUUUUUUUUURRRRRRRRRRRRRRRE0LLLLLLLLLLLLLLLUUUUUUUUUUUUUUDDDDDDDDDDDDDDRRRRRRRRRRRRRRRE0LLLLLLLLLLLLLLUUUUUUUUUUUUUUUDDDDDDDDDDDDDDDRRRRRRRRRRRRRRE0LLLLLLLLLLLLLLLLLLLLLDDDDDDDDDUUUUUUUUURRRRRRRRRRRRRRRRRRRRRE0LLLLLLLLLLLLLLLLLLLLLUUUUUUUUUDDDDDDDDDRRRRRRRRRRRRRRRRRRRRRE0LLLLLLLLLLLLLLLLLLLLDDDDDDDDDDUUUUUUUUUURRRRRRRRRRRRRRRRRRRRE0LLLLLLLLLLLLLLLLLLLLUUUUUUUUUUDDDDDDDDDDRRRRRRRRRRRRRRRRRRRRE0LLLLLLLLLLLLLLLLLLLDDDDDDDDDDDUUUUUUUUUUURRRRRRRRRRRRRRRRRRRE0LLLLLLLLLLLLLLLLLLLUUUUUUUUUUUDDDDDDDDDDDRRRRRRRRRRRRRRRRRRRE0LLLLLLLLLLLLLLLLLLDDDDDDDDDDDDUUUUUUUUUUUURRRRRRRRRRRRRRRRRRE0LLLLLLLLLLLLLLLLLLUUUUUUUUUUUUDDDDDDDDDDDDRRRRRRRRRRRRRRRRRRE0LLLLLLLLLLLLLLLLLDDDDDDDDDDDDDUUUUUUUUUUUUURRRRRRRRRRRRRRRRRE0LLLLLLLLLLLLLLLLLUUUUUUUUUUUUUDDDDDDDDDDDDDRRRRRRRRRRRRRRRRRE0LLLLLLLLLLLLLLLLDDDDDDDDDDDDDDUUUUUUUUUUUUUURRRRRRRRRRRRRRRRE0LLLLLLLLLLLLLLLLUUUUUUUUUUUUUUDDDDDDDDDDDDDDRRRRRRRRRRRRRRRRE0LLLLLLLLLLLLLLLUUUUUUUUUUUUUUUDDDDDDDDDDDDDDDRRRRRRRRRRRRRRRE0LLLLLLLLLLLLLLLLLLLLLDDDDDDDDDDUUUUUUUUUURRRRRRRRRRRRRRRRRRRRRE0LLLLLLLLLLLLLLLLLLLLLUUUUUUUUUUDDDDDDDDDDRRRRRRRRRRRRRRRRRRRRRE0LLLLLLLLLLLLLLLLLLLLDDDDDDDDDDDUUUUUUUUUUURRRRRRRRRRRRRRRRRRRRE0LLLLLLLLLLLLLLLLLLLLUUUUUUUUUUUDDDDDDDDDDDRRRRRRRRRRRRRRRRRRRRE0LLLLLLLLLLLLLLLLLLLDDDDDDDDDDDDUUUUUUUUUUUURRRRRRRRRRRRRRRRRRRE0LLLLLLLLLLLLLLLLLLLUUUUUUUUUUUUDDDDDDDDDDDDRRRRRRRRRRRRRRRRRRRE0LLLLLLLLLLLLLLLLLLDDDDDDDDDDDDDUUUUUUUUUUUUURRRRRRRRRRRRRRRRRRE0LLLLLLLLLLLLLLLLLLUUUUUUUUUUUUUDDDDDDDDDDDDDRRRRRRRRRRRRRRRRRRE0LLLLLLLLLLLLLLLLLDDDDDDDDDDDDDDUUUUUUUUUUUUUURRRRRRRRRRRRRRRRRE0LLLLLLLLLLLLLLLLLUUUUUUUUUUUUUUDDDDDDDDDDDDDDRRRRRRRRRRRRRRRRRE0LLLLLLLLLLLLLLLLUUUUUUUUUUUUUUUDDDDDDDDDDDDDDDRRRRRRRRRRRRRRRRE0LLLLLLLLLLLLLLLLLLLLLDDDDDDDDDDDUUUUUUUUUUURRRRRRRRRRRRRRRRRRRRRE0LLLLLLLLLLLLLLLLLLLLLUUUUUUUUUUUDDDDDDDDDDDRRRRRRRRRRRRRRRRRRRRRE0LLLLLLLLLLLLLLLLLLLLDDDDDDDDDDDDUUUUUUUUUUUURRRRRRRRRRRRRRRRRRRRE0LLLLLLLLLLLLLLLLLLLLUUUUUUUUUUUUDDDDDDDDDDDDRRRRRRRRRRRRRRRRRRRRE0LLLLLLLLLLLLLLLLLLLDDDDDDDDDDDDDUUUUUUUUUUUUURRRRRRRRRRRRRRRRRRRE0LLLLLLLLLLLLLLLLLLLUUUUUUUUUUUUUDDDDDDDDDDDDDRRRRRRRRRRRRRRRRRRRE0LLLLLLLLLLLLLLLLLLDDDDDDDDDDDDDDUUUUUUUUUUUUUURRRRRRRRRRRRRRRRRRE0LLLLLLLLLLLLLLLLLLUUUUUUUUUUUUUUDDDDDDDDDDDDDDRRRRRRRRRRRRRRRRRRE0LLLLLLLLLLLLLLLLLUUUUUUUUUUUUUUUDDDDDDDDDDDDDDDRRRRRRRRRRRRRRRRRE0LLLLLLLLLLLLLLLLLLLLLDDDDDDDDDDDDUUUUUUUUUUUURRRRRRRRRRRRRRRRRRRRRE0LLLLLLLLLLLLLLLLLLLLLUUUUUUUUUUUUDDDDDDDDDDDDRRRRRRRRRRRRRRRRRRRRRE0LLLLLLLLLLLLLLLLLLLLDDDDDDDDDDDDDUUUUUUUUUUUUURRRRRRRRRRRRRRRRRRRRE0LLLLLLLLLLLLLLLLLLLLUUUUUUUUUUUUUDDDDDDDDDDDDDRRRRRRRRRRRRRRRRRRRRE0LLLLLLLLLLLLLLLLLLLDDDDDDDDDDDDDDUUUUUUUUUUUUUURRRRRRRRRRRRRRRRRRRE0LLLLLLLLLLLLLLLLLLLUUUUUUUUUUUUUUDDDDDDDDDDDDDDRRRRRRRRRRRRRRRRRRRE0LLLLLLLLLLLLLLLLLLUUUUUUUUUUUUUUUDDDDDDDDDDDDDDDRRRRRRRRRRRRRRRRRRE0LLLLLLLLLLLLLLLLLLLLLDDDDDDDDDDDDDUUUUUUUUUUUUURRRRRRRRRRRRRRRRRRRRRE0LLLLLLLLLLLLLLLLLLLLLUUUUUUUUUUUUUDDDDDDDDDDDDDRRRRRRRRRRRRRRRRRRRRRE0LLLLLLLLLLLLLLLLLLLLDDDDDDDDDDDDDDUUUUUUUUUUUUUURRRRRRRRRRRRRRRRRRRRE0LLLLLLLLLLLLLLLLLLLLUUUUUUUUUUUUUUDDDDDDDDDDDDDDRRRRRRRRRRRRRRRRRRRRE0LLLLLLLLLLLLLLLLLLLUUUUUUUUUUUUUUUDDDDDDDDDDDDDDDRRRRRRRRRRRRRRRRRRRE0LLLLLLLLLLLLLLLLLLLLLDDDDDDDDDDDDDDUUUUUUUUUUUUUURRRRRRRRRRRRRRRRRRRRRE0LLLLLLLLLLLLLLLLLLLLLUUUUUUUUUUUUUUDDDDDDDDDDDDDDRRRRRRRRRRRRRRRRRRRRRE0LLLLLLLLLLLLLLLLLLLLUUUUUUUUUUUUUUUDDDDDDDDDDDDDDDRRRRRRRRRRRRRRRRRRRRE0LLLLLLLLLLLLLLLLLLLLLUUUUUUUUUUUUUUUDDDDDDDDDDDDDDDRRRRRRRRRRRRRRRRRRRRRE
