36598
0RLE0LRE0DUE0UDE0RRLLE0RDULE0RUDLE0LLRRE0LDURE0LUDRE0DDUUE0UUDDE0RRRLLLE0RRDULLE0RRUDLLE0RDDUULE0RUUDDLE0LLLRRRE0LLDURRE0LLUDRRE0LDDUURE0LUUDDRE0DDDUUUE0UUUDDDE0RRRRLLLLE0RRRDULLLE0RRRUDLLLE0RRDDUULLE0RRUUDDLLE0RDDDUUULE0RUUUDDDLE0LLLLRRRRE0LLLDURRRE0LLLUDRRRE0LLDDUURRE0LLUUDDRRE0LDDDUUURE0LUUUDDDRE0DDDDUUUUE0UUUUDDDDE0RRRRRLLLLLE0RRRRDULLLLE0RRRRUDLLLLE0RRRDDUULLLE0RRRUUDDLLLE0RRDDDUUULLE0RRUUUDDDLLE0RDDDDUUUULE0RUUUUDDDDLE0LLLLLRRRRRE0LLLLDURRRRE0LLLLUDRRRRE0LLLDDUURRRE0LLLUUDDRRRE0LLDDDUUURRE0LLUUUDDDRRE0LDDDDUUUURE0LUUUUDDDDRE0DDDDDUUUUUE0RRRRRRLLLLLLE0RRRRRDULLLLLE0RRRRRUDLLLLLE0RRRRDDUULLLLE0RRRRUUDDLLLLE0RRRDDDUUULLLE0RRRUUUDDDLLLE0RRDDDDUUUULLE0RRUUUUDDDDLLE0RDDDDDUUUUULE0LLLLLLRRRRRRE0LLLLLDURRRRRE0LLLLLUDRRRRRE0LLLLDDUURRRRE0LLLLUUDDRRRRE0LLLDDDUUURRRE0LLLUUUDDDRRRE0LLDDDDUUUURRE0LLUUUUDDDDRRE0LDDDDDUUUUURE0DDDDDDUUUUUUE0RRRRRRRLLLLLLLE0RRRRRRDULLLLLLE0RRRRRRUDLLLLLLE0RRRRRDDUULLLLLE0RRRRRUUDDLLLLLE0RRRRDDDUUULLLLE0RRRRUUUDDDLLLLE0RRRDDDDUUUULLLE0RRRUUUUDDDDLLLE0RRDDDDDUUUUULLE0RDDDDDDUUUUUULE0LLLLLLLRRRRRRRE0LLLLLLDURRRRRRE0LLLLLLUDRRRRRRE0LLLLLDDUURRRRRE0LLLLLUUDDRRRRRE0LLLLDDDUUURRRRE0LLLLUUUDDDRRRRE0LLLDDDDUUUURRRE0LLLUUUUDDDDRRRE0LLDDDDDUUUUURRE0LDDDDDDUUUUUURE0DDDDDDDUUUUUUUE0RRRRRRRRLLLLLLLLE0RRRRRRRDULLLLLLLE0RRRRRRRUDLLLLLLLE0RRRRRRDDUULLLLLLE0RRRRRRUUDDLLLLLLE0RRRRRDDDUUULLLLLE0RRRRRUUUDDDLLLLLE0RRRRDDDDUUUULLLLE0RRRRUUUUDDDDLLLLE0RRRDDDDDUUUUULLLE0RRDDDDDDUUUUUULLE0RDDDDDDDUUUUUUULE0LLLLLLLLRRRRRRRRE0LLLLLLLDURRRRRRRE0LLLLLLLUDRRRRRRRE0LLLLLLDDUURRRRRRE0LLLLLLUUDDRRRRRRE0LLLLLDDDUUURRRRRE0LLLLLUUUDDDRRRRRE0LLLLDDDDUUUURRRRE0LLLLUUUUDDDDRRRRE0LLLDDDDDUUUUURRRE0LLDDDDDDUUUUUURRE0LDDDDDDDUUUUUUURE0DDDDDDDDUUUUUUUUE0RRRRRRRRRLLLLLLLLLE0RRRRRRRRDULLLLLLLLE0RRRRRRRRUDLLLLLLLLE0RRRRRRRDDUULLLLLLLE0RRRRRRRUUDDLLLLLLLE0RRRRRRDDDUUULLLLLLE0RRRRRRUUUDDDLLLLLLE0RRRRRDDDDUUUULLLLLE0RRRRRUUUUDDDDLLLLLE0RRRRDDDDDUUUUULLLLE0RRRDDDDDDUUUUUULLLE0RRDDDDDDDUUUUUUULLE0RDDDDDDDDUUUUUUUULE0LLLLLLLLLRRRRRRRRRE0LLLLLLLLDURRRRRRRRE0LLLLLLLLUDRRRRRRRRE0LLLLLLLDDUURRRRRRRE0LLLLLLLUUDDRRRRRRRE0LLLLLLDDDUUURRRRRRE0LLLLLLUUUDDDRRRRRRE0LLLLLDDDDUUUURRRRRE0LLLLLUUUUDDDDRRRRRE0LLLLDDDDDUUUUURRRRE0LLLDDDDDDUUUUUURRRE0LLDDDDDDDUUUUUUURRE0LDDDDDDDDUUUUUUUURE0DDDDDDDDDUUUUUUUUUE0RRRRRRRRRRLLLLLLLLLLE0RRRRRRRRRDULLLLLLLLLE0RRRRRRRRRUDLLLLLLLLLE0RRRRRRRRDDUULLLLLLLLE0RRRRRRRRUUDDLLLLLLLLE0RRRRRRRDDDUUULLLLLLLE0RRRRRRRUUUDDDLLLLLLLE0RRRRRRDDDDUUUULLLLLLE0RRRRRRUUUUDDDDLLLLLLE0RRRRRDDDDDUUUUULLLLLE0RRRRDDDDDDUUUUUULLLLE0RRRDDDDDDDUUUUUUULLLE0RRDDDDDDDDUUUUUUUULLE0RDDDDDDDDDUUUUUUUUULE0LLLLLLLLLLRRRRRRRRRRE0LLLLLLLLLDURRRRRRRRRE0LLLLLLLLLUDRRRRRRRRRE0LLLLLLLLDDUURRRRRRRRE0LLLLLLLLUUDDRRRRRRRRE0LLLLLLLDDDUUURRRRRRRE0LLLLLLLUUUDDDRRRRRRRE0LLLLLLDDDDUUUURRRRRRE0LLLLLLUUUUDDDDRRRRRRE0LLLLLDDDDDUUUUURRRRRE0LLLLDDDDDDUUUUUURRRRE0LLLDDDDDDDUUUUUUURRRE0LLDDDDDDDDUUUUUUUURRE0LDDDDDDDDDUUUUUUUUURE0DDDDDDDDDDUUUUUUUUUUE0RRRRRRRRRRDULLLLLLLLLLE0RRRRRRRRRRUDLLLLLLLLLLE0RRRRRRRRRDDUULLLLLLLLLE0RRRRRRRRRUUDDLLLLLLLLLE0RRRRRRRRDDDUUULLLLLLLLE0RRRRRRRRUUUDDDLLLLLLLLE0RRRRRRRDDDDUUUULLLLLLLE0RRRRRRRUUUUDDDDLLLLLLLE0RRRRRRDDDDDUUUUULLLLLLE0RRRRRDDDDDDUUUUUULLLLLE0RRRRDDDDDDDUUUUUUULLLLE0RRRDDDDDDDDUUUUUUUULLLE0RRDDDDDDDDDUUUUUUUUULLE0RDDDDDDDDDDUUUUUUUUUULE0LLLLLLLLLLLRRRRRRRRRRRE0LLLLLLLLLLDURRRRRRRRRRE0LLLLLLLLLLUDRRRRRRRRRRE0LLLLLLLLLDDUURRRRRRRRRE0LLLLLLLLLUUDDRRRRRRRRRE0LLLLLLLLDDDUUURRRRRRRRE0LLLLLLLLUUUDDDRRRRRRRRE0LLLLLLLDDDDUUUURRRRRRRE0LLLLLLLUUUUDDDDRRRRRRRE0LLLLLLDDDDDUUUUURRRRRRE0LLLLLDDDDDDUUUUUURRRRRE0LLLLDDDDDDDUUUUUUURRRRE0LLLDDDDDDDDUUUUUUUURRRE0LLDDDDDDDDDUUUUUUUUURRE0LDDDDDDDDDDUUUUUUUUUURE0DDDDDDDDDDDUUUUUUUUUUUE0RRRRRRRRRRDDUULLLLLLLLLLE0RRRRRRRRRRUUDDLLLLLLLLLLE0RRRRRRRRRDDDUUULLLLLLLLLE0RRRRRRRRRUUUDDDLLLLLLLLLE0RRRRRRRRDDDDUUUULLLLLLLLE0RRRRRRRRUUUUDDDDLLLLLLLLE0RRRRRRRDDDDDUUUUULLLLLLLE0RRRRRRDDDDDDUUUUUULLLLLLE0RRRRRDDDDDDDUUUUUUULLLLLE0RRRRDDDDDDDDUUUUUUUULLLLE0RRRDDDDDDDDDUUUUUUUUULLLE0RRDDDDDDDDDDUUUUUUUUUULLE0RDDDDDDDDDDDUUUUUUUUUUULE0LLLLLLLLLLLLRRRRRRRRRRRRE0LLLLLLLLLLLDURRRRRRRRRRRE0LLLLLLLLLLLUDRRRRRRRRRRRE0LLLLLLLLLLDDUURRRRRRRRRRE0LLLLLLLLLLUUDDRRRRRRRRRRE0LLLLLLLLLDDDUUURRRRRRRRRE0LLLLLLLLLUUUDDDRRRRRRRRRE0LLLLLLLLDDDDUUUURRRRRRRRE0LLLLLLLLUUUUDDDDRRRRRRRRE0LLLLLLLDDDDDUUUUURRRRRRRE0LLLLLLDDDDDDUUUUUURRRRRRE0LLLLLDDDDDDDUUUUUUURRRRRE0LLLLDDDDDDDDUUUUUUUURRRRE0LLLDDDDDDDDDUUUUUUUUURRRE0LLDDDDDDDDDDUUUUUUUUUURRE0LDDDDDDDDDDDUUUUUUUUUUURE0DDDDDDDDDDDDUUUUUUUUUUUUE0RRRRRRRRRRDDDUUULLLLLLLLLLE0RRRRRRRRRRUUUDDDLLLLLLLLLLE0RRRRRRRRRDDDDUUUULLLLLLLLLE0RRRRRRRRRUUUUDDDDLLLLLLLLLE0RRRRRRRRDDDDDUUUUULLLLLLLLE0RRRRRRRDDDDDDUUUUUULLLLLLLE0RRRRRRDDDDDDDUUUUUUULLLLLLE0RRRRRDDDDDDDDUUUUUUUULLLLLE0RRRRDDDDDDDDDUUUUUUUUULLLLE0RRRDDDDDDDDDDUUUUUUUUUULLLE0RRDDDDDDDDDDDUUUUUUUUUUULLE0RDDDDDDDDDDDDUUUUUUUUUUUULE0LLLLLLLLLLLLLRRRRRRRRRRRRRE0LLLLLLLLLLLLDURRRRRRRRRRRRE0LLLLLLLLLLLLUDRRRRRRRRRRRRE0LLLLLLLLLLLDDUURRRRRRRRRRRE0LLLLLLLLLLLUUDDRRRRRRRRRRRE0LLLLLLLLLLDDDUUURRRRRRRRRRE0LLLLLLLLLLUUUDDDRRRRRRRRRRE0LLLLLLLLLDDDDUUUURRRRRRRRRE0LLLLLLLLLUUUUDDDDRRRRRRRRRE0LLLLLLLLDDDDDUUUUURRRRRRRRE0LLLLLLLDDDDDDUUUUUURRRRRRRE0LLLLLLDDDDDDDUUUUUUURRRRRRE0LLLLLDDDDDDDDUUUUUUUURRRRRE0LLLLDDDDDDDDDUUUUUUUUURRRRE0LLLDDDDDDDDDDUUUUUUUUUURRRE0LLDDDDDDDDDDDUUUUUUUUUUURRE0LDDDDDDDDDDDDUUUUUUUUUUUURE0DDDDDDDDDDDDDUUUUUUUUUUUUUE0RRRRRRRRRRDDDDUUUULLLLLLLLLLE0RRRRRRRRRRUUUUDDDDLLLLLLLLLLE0RRRRRRRRRDDDDDUUUUULLLLLLLLLE0RRRRRRRRDDDDDDUUUUUULLLLLLLLE0RRRRRRRDDDDDDDUUUUUUULLLLLLLE0RRRRRRDDDDDDDDUUUUUUUULLLLLLE0RRRRRDDDDDDDDDUUUUUUUUULLLLLE0RRRRDDDDDDDDDDUUUUUUUUUULLLLE0RRRDDDDDDDDDDDUUUUUUUUUUULLLE0RRDDDDDDDDDDDDUUUUUUUUUUUULLE0RDDDDDDDDDDDDDUUUUUUUUUUUUULE0LLLLLLLLLLLLLLRRRRRRRRRRRRRRE0LLLLLLLLLLLLLDURRRRRRRRRRRRRE0LLLLLLLLLLLLLUDRRRRRRRRRRRRRE0LLLLLLLLLLLLDDUURRRRRRRRRRRRE0LLLLLLLLLLLLUUDDRRRRRRRRRRRRE0LLLLLLLLLLLDDDUUURRRRRRRRRRRE0LLLLLLLLLLLUUUDDDRRRRRRRRRRRE0LLLLLLLLLLDDDDUUUURRRRRRRRRRE0LLLLLLLLLLUUUUDDDDRRRRRRRRRRE0LLLLLLLLLDDDDDUUUUURRRRRRRRRE0LLLLLLLLDDDDDDUUUUUURRRRRRRRE0LLLLLLLDDDDDDDUUUUUUURRRRRRRE0LLLLLLDDDDDDDDUUUUUUUURRRRRRE0LLLLLDDDDDDDDDUUUUUUUUURRRRRE0LLLLDDDDDDDDDDUUUUUUUUUURRRRE0LLLDDDDDDDDDDDUUUUUUUUUUURRRE0LLDDDDDDDDDDDDUUUUUUUUUUUURRE0LDDDDDDDDDDDDDUUUUUUUUUUUUURE0DDDDDDDDDDDDDDUUUUUUUUUUUUUUE0RRRRRRRRRRDDDDDUUUUULLLLLLLLLLE0RRRRRRRRRDDDDDDUUUUUULLLLLLLLLE0RRRRRRRRDDDDDDDUUUUUUULLLLLLLLE0RRRRRRRDDDDDDDDUUUUUUUULLLLLLLE0RRRRRRDDDDDDDDDUUUUUUUUULLLLLLE0RRRRRDDDDDDDDDDUUUUUUUUUULLLLLE0RRRRDDDDDDDDDDDUUUUUUUUUUULLLLE0RRRDDDDDDDDDDDDUUUUUUUUUUUULLLE0RRDDDDDDDDDDDDDUUUUUUUUUUUUULLE0RDDDDDDDDDDDDDDUUUUUUUUUUUUUULE0LLLLLLLLLLLLLLLRRRRRRRRRRRRRRRE0LLLLLLLLLLLLLLDURRRRRRRRRRRRRRE0LLLLLLLLLLLLLLUDRRRRRRRRRRRRRRE0LLLLLLLLLLLLLDDUURRRRRRRRRRRRRE0LLLLLLLLLLLLLUUDDRRRRRRRRRRRRRE0LLLLLLLLLLLLDDDUUURRRRRRRRRRRRE0LLLLLLLLLLLLUUUDDDRRRRRRRRRRRRE0LLLLLLLLLLLDDDDUUUURRRRRRRRRRRE0LLLLLLLLLLLUUUUDDDDRRRRRRRRRRRE0LLLLLLLLLLDDDDDUUUUURRRRRRRRRRE0LLLLLLLLLDDDDDDUUUUUURRRRRRRRRE0LLLLLLLLDDDDDDDUUUUUUURRRRRRRRE0LLLLLLLDDDDDDDDUUUUUUUURRRRRRRE0LLLLLLDDDDDDDDDUUUUUUUUURRRRRRE0LLLLLDDDDDDDDDDUUUUUUUUUURRRRRE0LLLLDDDDDDDDDDDUUUUUUUUUUURRRRE0LLLDDDDDDDDDDDDUUUUUUUUUUUURRRE0LLDDDDDDDDDDDDDUUUUUUUUUUUUURRE0LDDDDDDDDDDDDDDUUUUUUUUUUUUUURE0DDDDDDDDDDDDDDDUUUUUUUUUUUUUUUE0RRRRRRRRRRDDDDDDUUUUUULLLLLLLLLLE0RRRRRRRRRDDDDDDDUUUUUUULLLLLLLLLE0RRRRRRRRDDDDDDDDUUUUUUUULLLLLLLLE0RRRRRRRDDDDDDDDDUUUUUUUUULLLLLLLE0RRRRRRDDDDDDDDDDUUUUUUUUUULLLLLLE0RRRRRDDDDDDDDDDDUUUUUUUUUUULLLLLE0RRRRDDDDDDDDDDDDUUUUUUUUUUUULLLLE0RRRDDDDDDDDDDDDDUUUUUUUUUUUUULLLE0RRDDDDDDDDDDDDDDUUUUUUUUUUUUUULLE0RDDDDDDDDDDDDDDDUUUUUUUUUUUUUUULE0LLLLLLLLLLLLLLLLRRRRRRRRRRRRRRRRE0LLLLLLLLLLLLLLLDURRRRRRRRRRRRRRRE0LLLLLLLLLLLLLLLUDRRRRRRRRRRRRRRRE0LLLLLLLLLLLLLLDDUURRRRRRRRRRRRRRE0LLLLLLLLLLLLLLUUDDRRRRRRRRRRRRRRE0LLLLLLLLLLLLLDDDUUURRRRRRRRRRRRRE0LLLLLLLLLLLLLUUUDDDRRRRRRRRRRRRRE0LLLLLLLLLLLLDDDDUUUURRRRRRRRRRRRE0LLLLLLLLLLLLUUUUDDDDRRRRRRRRRRRRE0LLLLLLLLLLLDDDDDUUUUURRRRRRRRRRRE0LLLLLLLLLLDDDDDDUUUUUURRRRRRRRRRE0LLLLLLLLLDDDDDDDUUUUUUURRRRRRRRRE0LLLLLLLLDDDDDDDDUUUUUUUURRRRRRRRE0LLLLLLLDDDDDDDDDUUUUUUUUURRRRRRRE0LLLLLLDDDDDDDDDDUUUUUUUUUURRRRRRE0LLLLLDDDDDDDDDDDUUUUUUUUUUURRRRRE0LLLLDDDDDDDDDDDDUUUUUUUUUUUURRRRE0LLLDDDDDDDDDDDDDUUUUUUUUUUUUURRRE0LLDDDDDDDDDDDDDDUUUUUUUUUUUUUURRE0LDDDDDDDDDDDDDDDUUUUUUUUUUUUUUURE0DDDDDDDDDDDDDDDDUUUUUUUUUUUUUUUUE0RRRRRRRRRRDDDDDDDUUUUUUULLLLLLLLLLE0RRRRRRRRRDDDDDDDDUUUUUUUULLLLLLLLLE0RRRRRRRRDDDDDDDDDUUUUUUUUULLLLLLLLE0RRRRRRRDDDDDDDDDDUUUUUUUUUULLLLLLLE0RRRRRRDDDDDDDDDDDUUUUUUUUUUULLLLLLE0RRRRRDDDDDDDDDDDDUUUUUUUUUUUULLLLLE0RRRRDDDDDDDDDDDDDUUUUUUUUUUUUULLLLE0RRRDDDDDDDDDDDDDDUUUUUUUUUUUUUULLLE0RRDDDDDDDDDDDDDDDUUUUUUUUUUUUUUULLE0RDDDDDDDDDDDDDDDDUUUUUUUUUUUUUUUULE0LLLLLLLLLLLLLLLLLRRRRRRRRRRRRRRRRRE0LLLLLLLLLLLLLLLLDURRRRRRRRRRRRRRRRE0LLLLLLLLLLLLLLLLUDRRRRRRRRRRRRRRRRE0LLLLLLLLLLLLLLLDDUURRRRRRRRRRRRRRRE0LLLLLLLLLLLLLLLUUDDRRRRRRRRRRRRRRRE0LLLLLLLLLLLLLLDDDUUURRRRRRRRRRRRRRE0LLLLLLLLLLLLLLUUUDDDRRRRRRRRRRRRRRE0LLLLLLLLLLLLLDDDDUUUURRRRRRRRRRRRRE0LLLLLLLLLLLLLUUUUDDDDRRRRRRRRRRRRRE0LLLLLLLLLLLLDDDDDUUUUURRRRRRRRRRRRE0LLLLLLLLLLLDDDDDDUUUUUURRRRRRRRRRRE0LLLLLLLLLLDDDDDDDUUUUUUURRRRRRRRRRE0LLLLLLLLLDDDDDDDDUUUUUUUURRRRRRRRRE0LLLLLLLLDDDDDDDDDUUUUUUUUURRRRRRRRE0LLLLLLLDDDDDDDDDDUUUUUUUUUURRRRRRRE0LLLLLLDDDDDDDDDDDUUUUUUUUUUURRRRRRE0LLLLLDDDDDDDDDDDDUUUUUUUUUUUURRRRRE0LLLLDDDDDDDDDDDDDUUUUUUUUUUUUURRRRE0LLLDDDDDDDDDDDDDDUUUUUUUUUUUUUURRRE0LLDDDDDDDDDDDDDDDUUUUUUUUUUUUUUURRE0LDDDDDDDDDDDDDDDDUUUUUUUUUUUUUUUURE0DDDDDDDDDDDDDDDDDUUUUUUUUUUUUUUUUUE0RRRRRRRRRRDDDDDDDDUUUUUUUULLLLLLLLLLE0RRRRRRRRRDDDDDDDDDUUUUUUUUULLLLLLLLLE0RRRRRRRRDDDDDDDDDDUUUUUUUUUULLLLLLLLE0RRRRRRRDDDDDDDDDDDUUUUUUUUUUULLLLLLLE0RRRRRRDDDDDDDDDDDDUUUUUUUUUUUULLLLLLE0RRRRRDDDDDDDDDDDDDUUUUUUUUUUUUULLLLLE0RRRRDDDDDDDDDDDDDDUUUUUUUUUUUUUULLLLE0RRRDDDDDDDDDDDDDDDUUUUUUUUUUUUUUULLLE0RRDDDDDDDDDDDDDDDDUUUUUUUUUUUUUUUULLE0RDDDDDDDDDDDDDDDDDUUUUUUUUUUUUUUUUULE0LLLLLLLLLLLLLLLLLLRRRRRRRRRRRRRRRRRRE0LLLLLLLLLLLLLLLLLDURRRRRRRRRRRRRRRRRE0LLLLLLLLLLLLLLLLLUDRRRRRRRRRRRRRRRRRE0LLLLLLLLLLLLLLLLDDUURRRRRRRRRRRRRRRRE0LLLLLLLLLLLLLLLLUUDDRRRRRRRRRRRRRRRRE0LLLLLLLLLLLLLLLDDDUUURRRRRRRRRRRRRRRE0LLLLLLLLLLLLLLLUUUDDDRRRRRRRRRRRRRRRE0LLLLLLLLLLLLLLDDDDUUUURRRRRRRRRRRRRRE0LLLLLLLLLLLLLLUUUUDDDDRRRRRRRRRRRRRRE0LLLLLLLLLLLLLDDDDDUUUUURRRRRRRRRRRRRE0LLLLLLLLLLLLDDDDDDUUUUUURRRRRRRRRRRRE0LLLLLLLLLLLDDDDDDDUUUUUUURRRRRRRRRRRE0LLLLLLLLLLDDDDDDDDUUUUUUUURRRRRRRRRRE0LLLLLLLLLDDDDDDDDDUUUUUUUUURRRRRRRRRE0LLLLLLLLDDDDDDDDDDUUUUUUUUUURRRRRRRRE0LLLLLLLDDDDDDDDDDDUUUUUUUUUUURRRRRRRE0LLLLLLDDDDDDDDDDDDUUUUUUUUUUUURRRRRRE0LLLLLDDDDDDDDDDDDDUUUUUUUUUUUUURRRRRE0LLLLDDDDDDDDDDDDDDUUUUUUUUUUUUUURRRRE0LLLDDDDDDDDDDDDDDDUUUUUUUUUUUUUUURRRE0LLDDDDDDDDDDDDDDDDUUUUUUUUUUUUUUUURRE0LDDDDDDDDDDDDDDDDDUUUUUUUUUUUUUUUUURE0DDDDDDDDDDDDDDDDDDUUUUUUUUUUUUUUUUUUE0RRRRRRRRRRDDDDDDDDDUUUUUUUUULLLLLLLLLLE0RRRRRRRRRDDDDDDDDDDUUUUUUUUUULLLLLLLLLE0RRRRRRRRDDDDDDDDDDDUUUUUUUUUUULLLLLLLLE0RRRRRRRDDDDDDDDDDDDUUUUUUUUUUUULLLLLLLE0RRRRRRDDDDDDDDDDDDDUUUUUUUUUUUUULLLLLLE0RRRRRDDDDDDDDDDDDDDUUUUUUUUUUUUUULLLLLE0RRRRDDDDDDDDDDDDDDDUUUUUUUUUUUUUUULLLLE0RRRDDDDDDDDDDDDDDDDUUUUUUUUUUUUUUUULLLE0RRDDDDDDDDDDDDDDDDDUUUUUUUUUUUUUUUUULLE0RDDDDDDDDDDDDDDDDDDUUUUUUUUUUUUUUUUUULE0LLLLLLLLLLLLLLLLLLLRRRRRRRRRRRRRRRRRRRE0LLLLLLLLLLLLLLLLLLDURRRRRRRRRRRRRRRRRRE0LLLLLLLLLLLLLLLLLLUDRRRRRRRRRRRRRRRRRRE0LLLLLLLLLLLLLLLLLDDUURRRRRRRRRRRRRRRRRE0LLLLLLLLLLLLLLLLLUUDDRRRRRRRRRRRRRRRRRE0LLLLLLLLLLLLLLLLDDDUUURRRRRRRRRRRRRRRRE0LLLLLLLLLLLLLLLLUUUDDDRRRRRRRRRRRRRRRRE0LLLLLLLLLLLLLLLDDDDUUUURRRRRRRRRRRRRRRE0LLLLLLLLLLLLLLLUUUUDDDDRRRRRRRRRRRRRRRE0LLLLLLLLLLLLLLDDDDDUUUUURRRRRRRRRRRRRRE0LLLLLLLLLLLLLDDDDDDUUUUUURRRRRRRRRRRRRE0LLLLLLLLLLLLDDDDDDDUUUUUUURRRRRRRRRRRRE0LLLLLLLLLLLDDDDDDDDUUUUUUUURRRRRRRRRRRE0LLLLLLLLLLDDDDDDDDDUUUUUUUUURRRRRRRRRRE0LLLLLLLLLDDDDDDDDDDUUUUUUUUUURRRRRRRRRE0LLLLLLLLDDDDDDDDDDDUUUUUUUUUUURRRRRRRRE0LLLLLLLDDDDDDDDDDDDUUUUUUUUUUUURRRRRRRE0LLLLLLDDDDDDDDDDDDDUUUUUUUUUUUUURRRRRRE0LLLLLDDDDDDDDDDDDDDUUUUUUUUUUUUUURRRRRE0LLLLDDDDDDDDDDDDDDDUUUUUUUUUUUUUUURRRRE0LLLDDDDDDDDDDDDDDDDUUUUUUUUUUUUUUUURRRE0LLDDDDDDDDDDDDDDDDDUUUUUUUUUUUUUUUUURRE0LDDDDDDDDDDDDDDDDDDUUUUUUUUUUUUUUUUUURE0DDDDDDDDDDDDDDDDDDDUUUUUUUUUUUUUUUUUUUE0RRRRRRRRRRDDDDDDDDDDUUUUUUUUUULLLLLLLLLLE0RRRRRRRRRDDDDDDDDDDDUUUUUUUUUUULLLLLLLLLE0RRRRRRRRDDDDDDDDDDDDUUUUUUUUUUUULLLLLLLLE0RRRRRRRDDDDDDDDDDDDDUUUUUUUUUUUUULLLLLLLE0RRRRRRDDDDDDDDDDDDDDUUUUUUUUUUUUUULLLLLLE0RRRRRDDDDDDDDDDDDDDDUUUUUUUUUUUUUUULLLLLE0RRRRDDDDDDDDDDDDDDDDUUUUUUUUUUUUUUUULLLLE0RRRDDDDDDDDDDDDDDDDDUUUUUUUUUUUUUUUUULLLE0RRDDDDDDDDDDDDDDDDDDUUUUUUUUUUUUUUUUUULLE0RDDDDDDDDDDDDDDDDDDDUUUUUUUUUUUUUUUUUUULE0LLLLLLLLLLLLLLLLLLLDURRRRRRRRRRRRRRRRRRRE0LLLLLLLLLLLLLLLLLLLUDRRRRRRRRRRRRRRRRRRRE0LLLLLLLLLLLLLLLLLLDDUURRRRRRRRRRRRRRRRRRE0LLLLLLLLLLLLLLLLLLUUDDRRRRRRRRRRRRRRRRRRE0LLLLLLLLLLLLLLLLLDDDUUURRRRRRRRRRRRRRRRRE0LLLLLLLLLLLLLLLLLUUUDDDRRRRRRRRRRRRRRRRRE0LLLLLLLLLLLLLLLLDDDDUUUURRRRRRRRRRRRRRRRE0LLLLLLLLLLLLLLLLUUUUDDDDRRRRRRRRRRRRRRRRE0LLLLLLLLLLLLLLLDDDDDUUUUURRRRRRRRRRRRRRRE0LLLLLLLLLLLLLLDDDDDDUUUUUURRRRRRRRRRRRRRE0LLLLLLLLLLLLLDDDDDDDUUUUUUURRRRRRRRRRRRRE0LLLLLLLLLLLLDDDDDDDDUUUUUUUURRRRRRRRRRRRE0LLLLLLLLLLLDDDDDDDDDUUUUUUUUURRRRRRRRRRRE0LLLLLLLLLLDDDDDDDDDDUUUUUUUUUURRRRRRRRRRE0LLLLLLLLLDDDDDDDDDDDUUUUUUUUUUURRRRRRRRRE0LLLLLLLLDDDDDDDDDDDDUUUUUUUUUUUURRRRRRRRE0LLLLLLLDDDDDDDDDDDDDUUUUUUUUUUUUURRRRRRRE0LLLLLLDDDDDDDDDDDDDDUUUUUUUUUUUUUURRRRRRE0LLLLLDDDDDDDDDDDDDDDUUUUUUUUUUUUUUURRRRRE0LLLLDDDDDDDDDDDDDDDDUUUUUUUUUUUUUUUURRRRE0LLLDDDDDDDDDDDDDDDDDUUUUUUUUUUUUUUUUURRRE0LLDDDDDDDDDDDDDDDDDDUUUUUUUUUUUUUUUUUURRE0LDDDDDDDDDDDDDDDDDDDUUUUUUUUUUUUUUUUUUURE0DDDDDDDDDDDDDDDDDDDDUUUUUUUUUUUUUUUUUUUUE0RRRRRRRRRRDDDDDDDDDDDUUUUUUUUUUULLLLLLLLLLE0RRRRRRRRRDDDDDDDDDDDDUUUUUUUUUUUULLLLLLLLLE0RRRRRRRRDDDDDDDDDDDDDUUUUUUUUUUUUULLLLLLLLE0RRRRRRRDDDDDDDDDDDDDDUUUUUUUUUUUUUULLLLLLLE0RRRRRRDDDDDDDDDDDDDDDUUUUUUUUUUUUUUULLLLLLE0RRRRRDDDDDDDDDDDDDDDDUUUUUUUUUUUUUUUULLLLLE0RRRRDDDDDDDDDDDDDDDDDUUUUUUUUUUUUUUUUULLLLE0RRRDDDDDDDDDDDDDDDDDDUUUUUUUUUUUUUUUUUULLLE0RRDDDDDDDDDDDDDDDDDDDUUUUUUUUUUUUUUUUUUULLE0RDDDDDDDDDDDDDDDDDDDDUUUUUUUUUUUUUUUUUUUULE0LLLLLLLLLLLLLLLLLLLDDUURRRRRRRRRRRRRRRRRRRE0LLLLLLLLLLLLLLLLLLLUUDDRRRRRRRRRRRRRRRRRRRE0LLLLLLLLLLLLLLLLLLDDDUUURRRRRRRRRRRRRRRRRRE0LLLLLLLLLLLLLLLLLLUUUDDDRRRRRRRRRRRRRRRRRRE0LLLLLLLLLLLLLLLLLDDDDUUUURRRRRRRRRRRRRRRRRE0LLLLLLLLLLLLLLLLLUUUUDDDDRRRRRRRRRRRRRRRRRE0LLLLLLLLLLLLLLLLDDDDDUUUUURRRRRRRRRRRRRRRRE0LLLLLLLLLLLLLLLDDDDDDUUUUUURRRRRRRRRRRRRRRE0LLLLLLLLLLLLLLDDDDDDDUUUUUUURRRRRRRRRRRRRRE0LLLLLLLLLLLLLDDDDDDDDUUUUUUUURRRRRRRRRRRRRE0LLLLLLLLLLLLDDDDDDDDDUUUUUUUUURRRRRRRRRRRRE0LLLLLLLLLLLDDDDDDDDDDUUUUUUUUUURRRRRRRRRRRE0LLLLLLLLLLDDDDDDDDDDDUUUUUUUUUUURRRRRRRRRRE0LLLLLLLLLDDDDDDDDDDDDUUUUUUUUUUUURRRRRRRRRE0LLLLLLLLDDDDDDDDDDDDDUUUUUUUUUUUUURRRRRRRRE0LLLLLLLDDDDDDDDDDDDDDUUUUUUUUUUUUUURRRRRRRE0LLLLLLDDDDDDDDDDDDDDDUUUUUUUUUUUUUUURRRRRRE0LLLLLDDDDDDDDDDDDDDDDUUUUUUUUUUUUUUUURRRRRE0LLLLDDDDDDDDDDDDDDDDDUUUUUUUUUUUUUUUUURRRRE0LLLDDDDDDDDDDDDDDDDDDUUUUUUUUUUUUUUUUUURRRE0LLDDDDDDDDDDDDDDDDDDDUUUUUUUUUUUUUUUUUUURRE0LDDDDDDDDDDDDDDDDDDDDUUUUUUUUUUUUUUUUUUUURE0DDDDDDDDDDDDDDDDDDDDDUUUUUUUUUUUUUUUUUUUUUE0RRRRRRRRRRDDDDDDDDDDDDUUUUUUUUUUUULLLLLLLLLLE0RRRRRRRRRDDDDDDDDDDDDDUUUUUUUUUUUUULLLLLLLLLE0RRRRRRRRDDDDDDDDDDDDDDUUUUUUUUUUUUUULLLLLLLLE0RRRRRRRDDDDDDDDDDDDDDDUUUUUUUUUUUUUUULLLLLLLE0RRRRRRDDDDDDDDDDDDDDDDUUUUUUUUUUUUUUUULLLLLLE0RRRRRDDDDDDDDDDDDDDDDDUUUUUUUUUUUUUUUUULLLLLE0RRRRDDDDDDDDDDDDDDDDDDUUUUUUUUUUUUUUUUUULLLLE0RRRDDDDDDDDDDDDDDDDDDDUUUUUUUUUUUUUUUUUUULLLE0RRDDDDDDDDDDDDDDDDDDDDUUUUUUUUUUUUUUUUUUUULLE0RDDDDDDDDDDDDDDDDDDDDDUUUUUUUUUUUUUUUUUUUUULE0LLLLLLLLLLLLLLLLLLLDDDUUURRRRRRRRRRRRRRRRRRRE0LLLLLLLLLLLLLLLLLLLUUUDDDRRRRRRRRRRRRRRRRRRRE0LLLLLLLLLLLLLLLLLLDDDDUUUURRRRRRRRRRRRRRRRRRE0LLLLLLLLLLLLLLLLLLUUUUDDDDRRRRRRRRRRRRRRRRRRE0LLLLLLLLLLLLLLLLLDDDDDUUUUURRRRRRRRRRRRRRRRRE0LLLLLLLLLLLLLLLLDDDDDDUUUUUURRRRRRRRRRRRRRRRE0LLLLLLLLLLLLLLLDDDDDDDUUUUUUURRRRRRRRRRRRRRRE0LLLLLLLLLLLLLLDDDDDDDDUUUUUUUURRRRRRRRRRRRRRE0LLLLLLLLLLLLLDDDDDDDDDUUUUUUUUURRRRRRRRRRRRRE0LLLLLLLLLLLLDDDDDDDDDDUUUUUUUUUURRRRRRRRRRRRE0LLLLLLLLLLLDDDDDDDDDDDUUUUUUUUUUURRRRRRRRRRRE0LLLLLLLLLLDDDDDDDDDDDDUUUUUUUUUUUURRRRRRRRRRE0LLLLLLLLLDDDDDDDDDDDDDUUUUUUUUUUUUURRRRRRRRRE0LLLLLLLLDDDDDDDDDDDDDDUUUUUUUUUUUUUURRRRRRRRE0LLLLLLLDDDDDDDDDDDDDDDUUUUUUUUUUUUUUURRRRRRRE0LLLLLLDDDDDDDDDDDDDDDDUUUUUUUUUUUUUUUURRRRRRE0LLLLLDDDDDDDDDDDDDDDDDUUUUUUUUUUUUUUUUURRRRRE0LLLLDDDDDDDDDDDDDDDDDDUUUUUUUUUUUUUUUUUURRRRE0LLLDDDDDDDDDDDDDDDDDDDUUUUUUUUUUUUUUUUUUURRRE0LLDDDDDDDDDDDDDDDDDDDDUUUUUUUUUUUUUUUUUUUURRE0LDDDDDDDDDDDDDDDDDDDDDUUUUUUUUUUUUUUUUUUUUURE0DDDDDDDDDDDDDDDDDDDDDDUUUUUUUUUUUUUUUUUUUUUUE0RRRRRRRRRRDDDDDDDDDDDDDUUUUUUUUUUUUULLLLLLLLLLE0RRRRRRRRRDDDDDDDDDDDDDDUUUUUUUUUUUUUULLLLLLLLLE0RRRRRRRRDDDDDDDDDDDDDDDUUUUUUUUUUUUUUULLLLLLLLE0RRRRRRRDDDDDDDDDDDDDDDDUUUUUUUUUUUUUUUULLLLLLLE0RRRRRRDDDDDDDDDDDDDDDDDUUUUUUUUUUUUUUUUULLLLLLE0RRRRRDDDDDDDDDDDDDDDDDDUUUUUUUUUUUUUUUUUULLLLLE0RRRRDDDDDDDDDDDDDDDDDDDUUUUUUUUUUUUUUUUUUULLLLE0RRRDDDDDDDDDDDDDDDDDDDDUUUUUUUUUUUUUUUUUUUULLLE0RRDDDDDDDDDDDDDDDDDDDDDUUUUUUUUUUUUUUUUUUUUULLE0RDDDDDDDDDDDDDDDDDDDDDDUUUUUUUUUUUUUUUUUUUUUULE0LLLLLLLLLLLLLLLLLLLDDDDUUUURRRRRRRRRRRRRRRRRRRE0LLLLLLLLLLLLLLLLLLLUUUUDDDDRRRRRRRRRRRRRRRRRRRE0LLLLLLLLLLLLLLLLLLDDDDDUUUUURRRRRRRRRRRRRRRRRRE0LLLLLLLLLLLLLLLLLDDDDDDUUUUUURRRRRRRRRRRRRRRRRE0LLLLLLLLLLLLLLLLDDDDDDDUUUUUUURRRRRRRRRRRRRRRRE0LLLLLLLLLLLLLLLDDDDDDDDUUUUUUUURRRRRRRRRRRRRRRE0LLLLLLLLLLLLLLDDDDDDDDDUUUUUUUUURRRRRRRRRRRRRRE0LLLLLLLLLLLLLDDDDDDDDDDUUUUUUUUUURRRRRRRRRRRRRE0LLLLLLLLLLLLDDDDDDDDDDDUUUUUUUUUUURRRRRRRRRRRRE0LLLLLLLLLLLDDDDDDDDDDDDUUUUUUUUUUUURRRRRRRRRRRE0LLLLLLLLLLDDDDDDDDDDDDDUUUUUUUUUUUUURRRRRRRRRRE0LLLLLLLLLDDDDDDDDDDDDDDUUUUUUUUUUUUUURRRRRRRRRE0LLLLLLLLDDDDDDDDDDDDDDDUUUUUUUUUUUUUUURRRRRRRRE0LLLLLLLDDDDDDDDDDDDDDDDUUUUUUUUUUUUUUUURRRRRRRE0LLLLLLDDDDDDDDDDDDDDDDDUUUUUUUUUUUUUUUUURRRRRRE0LLLLLDDDDDDDDDDDDDDDDDDUUUUUUUUUUUUUUUUUURRRRRE0LLLLDDDDDDDDDDDDDDDDDDDUUUUUUUUUUUUUUUUUUURRRRE0LLLDDDDDDDDDDDDDDDDDDDDUUUUUUUUUUUUUUUUUUUURRRE0LLDDDDDDDDDDDDDDDDDDDDDUUUUUUUUUUUUUUUUUUUUURRE0LDDDDDDDDDDDDDDDDDDDDDDUUUUUUUUUUUUUUUUUUUUUURE0DDDDDDDDDDDDDDDDDDDDDDDUUUUUUUUUUUUUUUUUUUUUUUE0RRRRRRRRRRDDDDDDDDDDDDDDUUUUUUUUUUUUUULLLLLLLLLLE0RRRRRRRRRDDDDDDDDDDDDDDDUUUUUUUUUUUUUUULLLLLLLLLE0RRRRRRRRDDDDDDDDDDDDDDDDUUUUUUUUUUUUUUUULLLLLLLLE0RRRRRRRDDDDDDDDDDDDDDDDDUUUUUUUUUUUUUUUUULLLLLLLE0RRRRRRDDDDDDDDDDDDDDDDDDUUUUUUUUUUUUUUUUUULLLLLLE0RRRRRDDDDDDDDDDDDDDDDDDDUUUUUUUUUUUUUUUUUUULLLLLE0RRRRDDDDDDDDDDDDDDDDDDDDUUUUUUUUUUUUUUUUUUUULLLLE0RRRDDDDDDDDDDDDDDDDDDDDDUUUUUUUUUUUUUUUUUUUUULLLE0RRDDDDDDDDDDDDDDDDDDDDDDUUUUUUUUUUUUUUUUUUUUUULLE0RDDDDDDDDDDDDDDDDDDDDDDDUUUUUUUUUUUUUUUUUUUUUUULE0LLLLLLLLLLLLLLLLLLLDDDDDUUUUURRRRRRRRRRRRRRRRRRRE0LLLLLLLLLLLLLLLLLLDDDDDDUUUUUURRRRRRRRRRRRRRRRRRE0LLLLLLLLLLLLLLLLLDDDDDDDUUUUUUURRRRRRRRRRRRRRRRRE0LLLLLLLLLLLLLLLLDDDDDDDDUUUUUUUURRRRRRRRRRRRRRRRE0LLLLLLLLLLLLLLLDDDDDDDDDUUUUUUUUURRRRRRRRRRRRRRRE0LLLLLLLLLLLLLLDDDDDDDDDDUUUUUUUUUURRRRRRRRRRRRRRE0LLLLLLLLLLLLLDDDDDDDDDDDUUUUUUUUUUURRRRRRRRRRRRRE0LLLLLLLLLLLLDDDDDDDDDDDDUUUUUUUUUUUURRRRRRRRRRRRE0LLLLLLLLLLLDDDDDDDDDDDDDUUUUUUUUUUUUURRRRRRRRRRRE0LLLLLLLLLLDDDDDDDDDDDDDDUUUUUUUUUUUUUURRRRRRRRRRE0LLLLLLLLLDDDDDDDDDDDDDDDUUUUUUUUUUUUUUURRRRRRRRRE0LLLLLLLLDDDDDDDDDDDDDDDDUUUUUUUUUUUUUUUURRRRRRRRE0LLLLLLLDDDDDDDDDDDDDDDDDUUUUUUUUUUUUUUUUURRRRRRRE0LLLLLLDDDDDDDDDDDDDDDDDDUUUUUUUUUUUUUUUUUURRRRRRE0LLLLLDDDDDDDDDDDDDDDDDDDUUUUUUUUUUUUUUUUUUURRRRRE0LLLLDDDDDDDDDDDDDDDDDDDDUUUUUUUUUUUUUUUUUUUURRRRE0LLLDDDDDDDDDDDDDDDDDDDDDUUUUUUUUUUUUUUUUUUUUURRRE0LLDDDDDDDDDDDDDDDDDDDDDDUUUUUUUUUUUUUUUUUUUUUURRE0LDDDDDDDDDDDDDDDDDDDDDDDUUUUUUUUUUUUUUUUUUUUUUURE0DDDDDDDDDDDDDDDDDDDDDDDDUUUUUUUUUUUUUUUUUUUUUUUUE0RRRRRRRRRRDDDDDDDDDDDDDDDUUUUUUUUUUUUUUULLLLLLLLLLE0RRRRRRRRRDDDDDDDDDDDDDDDDUUUUUUUUUUUUUUUULLLLLLLLLE0RRRRRRRRDDDDDDDDDDDDDDDDDUUUUUUUUUUUUUUUUULLLLLLLLE0RRRRRRRDDDDDDDDDDDDDDDDDDUUUUUUUUUUUUUUUUUULLLLLLLE0RRRRRRDDDDDDDDDDDDDDDDDDDUUUUUUUUUUUUUUUUUUULLLLLLE0RRRRRDDDDDDDDDDDDDDDDDDDDUUUUUUUUUUUUUUUUUUUULLLLLE0RRRRDDDDDDDDDDDDDDDDDDDDDUUUUUUUUUUUUUUUUUUUUULLLLE0RRRDDDDDDDDDDDDDDDDDDDDDDUUUUUUUUUUUUUUUUUUUUUULLLE0RRDDDDDDDDDDDDDDDDDDDDDDDUUUUUUUUUUUUUUUUUUUUUUULLE0RDDDDDDDDDDDDDDDDDDDDDDDDUUUUUUUUUUUUUUUUUUUUUUUULE0LLLLLLLLLLLLLLLLLLLDDDDDDUUUUUURRRRRRRRRRRRRRRRRRRE0LLLLLLLLLLLLLLLLLLDDDDDDDUUUUUUURRRRRRRRRRRRRRRRRRE0LLLLLLLLLLLLLLLLLDDDDDDDDUUUUUUUURRRRRRRRRRRRRRRRRE0LLLLLLLLLLLLLLLLDDDDDDDDDUUUUUUUUURRRRRRRRRRRRRRRRE0LLLLLLLLLLLLLLLDDDDDDDDDDUUUUUUUUUURRRRRRRRRRRRRRRE0LLLLLLLLLLLLLLDDDDDDDDDDDUUUUUUUUUUURRRRRRRRRRRRRRE0LLLLLLLLLLLLLDDDDDDDDDDDDUUUUUUUUUUUURRRRRRRRRRRRRE0LLLLLLLLLLLLDDDDDDDDDDDDDUUUUUUUUUUUUURRRRRRRRRRRRE0LLLLLLLLLLLDDDDDDDDDDDDDDUUUUUUUUUUUUUURRRRRRRRRRRE0LLLLLLLLLLDDDDDDDDDDDDDDDUUUUUUUUUUUUUUURRRRRRRRRRE0LLLLLLLLLDDDDDDDDDDDDDDDDUUUUUUUUUUUUUUUURRRRRRRRRE0LLLLLLLLDDDDDDDDDDDDDDDDDUUUUUUUUUUUUUUUUURRRRRRRRE0LLLLLLLDDDDDDDDDDDDDDDDDDUUUUUUUUUUUUUUUUUURRRRRRRE0LLLLLLDDDDDDDDDDDDDDDDDDDUUUUUUUUUUUUUUUUUUURRRRRRE0LLLLLDDDDDDDDDDDDDDDDDDDDUUUUUUUUUUUUUUUUUUUURRRRRE0LLLLDDDDDDDDDDDDDDDDDDDDDUUUUUUUUUUUUUUUUUUUUURRRRE0LLLDDDDDDDDDDDDDDDDDDDDDDUUUUUUUUUUUUUUUUUUUUUURRRE0LLDDDDDDDDDDDDDDDDDDDDDDDUUUUUUUUUUUUUUUUUUUUUUURRE0LDDDDDDDDDDDDDDDDDDDDDDDDUUUUUUUUUUUUUUUUUUUUUUUURE0DDDDDDDDDDDDDDDDDDDDDDDDDUUUUUUUUUUUUUUUUUUUUUUUUUE0RRRRRRRRRRDDDDDDDDDDDDDDDDUUUUUUUUUUUUUUUULLLLLLLLLLE0RRRRRRRRRDDDDDDDDDDDDDDDDDUUUUUUUUUUUUUUUUULLLLLLLLLE0RRRRRRRRDDDDDDDDDDDDDDDDDDUUUUUUUUUUUUUUUUUULLLLLLLLE0RRRRRRRDDDDDDDDDDDDDDDDDDDUUUUUUUUUUUUUUUUUUULLLLLLLE0RRRRRRDDDDDDDDDDDDDDDDDDDDUUUUUUUUUUUUUUUUUUUULLLLLLE0RRRRRDDDDDDDDDDDDDDDDDDDDDUUUUUUUUUUUUUUUUUUUUULLLLLE0RRRRDDDDDDDDDDDDDDDDDDDDDDUUUUUUUUUUUUUUUUUUUUUULLLLE0RRRDDDDDDDDDDDDDDDDDDDDDDDUUUUUUUUUUUUUUUUUUUUUUULLLE0RRDDDDDDDDDDDDDDDDDDDDDDDDUUUUUUUUUUUUUUUUUUUUUUUULLE0RDDDDDDDDDDDDDDDDDDDDDDDDDUUUUUUUUUUUUUUUUUUUUUUUUULE0LLLLLLLLLLLLLLLLLLLDDDDDDDUUUUUUURRRRRRRRRRRRRRRRRRRE0LLLLLLLLLLLLLLLLLLDDDDDDDDUUUUUUUURRRRRRRRRRRRRRRRRRE0LLLLLLLLLLLLLLLLLDDDDDDDDDUUUUUUUUURRRRRRRRRRRRRRRRRE0LLLLLLLLLLLLLLLLDDDDDDDDDDUUUUUUUUUURRRRRRRRRRRRRRRRE0LLLLLLLLLLLLLLLDDDDDDDDDDDUUUUUUUUUUURRRRRRRRRRRRRRRE0LLLLLLLLLLLLLLDDDDDDDDDDDDUUUUUUUUUUUURRRRRRRRRRRRRRE0LLLLLLLLLLLLLDDDDDDDDDDDDDUUUUUUUUUUUUURRRRRRRRRRRRRE0LLLLLLLLLLLLDDDDDDDDDDDDDDUUUUUUUUUUUUUURRRRRRRRRRRRE0LLLLLLLLLLLDDDDDDDDDDDDDDDUUUUUUUUUUUUUUURRRRRRRRRRRE0LLLLLLLLLLDDDDDDDDDDDDDDDDUUUUUUUUUUUUUUUURRRRRRRRRRE0LLLLLLLLLDDDDDDDDDDDDDDDDDUUUUUUUUUUUUUUUUURRRRRRRRRE0LLLLLLLLDDDDDDDDDDDDDDDDDDUUUUUUUUUUUUUUUUUURRRRRRRRE0LLLLLLLDDDDDDDDDDDDDDDDDDDUUUUUUUUUUUUUUUUUUURRRRRRRE0LLLLLLDDDDDDDDDDDDDDDDDDDDUUUUUUUUUUUUUUUUUUUURRRRRRE0LLLLLDDDDDDDDDDDDDDDDDDDDDUUUUUUUUUUUUUUUUUUUUURRRRRE0LLLLDDDDDDDDDDDDDDDDDDDDDDUUUUUUUUUUUUUUUUUUUUUURRRRE0LLLDDDDDDDDDDDDDDDDDDDDDDDUUUUUUUUUUUUUUUUUUUUUUURRRE0LLDDDDDDDDDDDDDDDDDDDDDDDDUUUUUUUUUUUUUUUUUUUUUUUURRE0LDDDDDDDDDDDDDDDDDDDDDDDDDUUUUUUUUUUUUUUUUUUUUUUUUURE0RRRRRRRRRRDDDDDDDDDDDDDDDDDUUUUUUUUUUUUUUUUULLLLLLLLLLE0RRRRRRRRRDDDDDDDDDDDDDDDDDDUUUUUUUUUUUUUUUUUULLLLLLLLLE0RRRRRRRRDDDDDDDDDDDDDDDDDDDUUUUUUUUUUUUUUUUUUULLLLLLLLE0RRRRRRRDDDDDDDDDDDDDDDDDDDDUUUUUUUUUUUUUUUUUUUULLLLLLLE0RRRRRRDDDDDDDDDDDDDDDDDDDDDUUUUUUUUUUUUUUUUUUUUULLLLLLE0RRRRRDDDDDDDDDDDDDDDDDDDDDDUUUUUUUUUUUUUUUUUUUUUULLLLLE0RRRRDDDDDDDDDDDDDDDDDDDDDDDUUUUUUUUUUUUUUUUUUUUUUULLLLE0RRRDDDDDDDDDDDDDDDDDDDDDDDDUUUUUUUUUUUUUUUUUUUUUUUULLLE0RRDDDDDDDDDDDDDDDDDDDDDDDDDUUUUUUUUUUUUUUUUUUUUUUUUULLE0LLLLLLLLLLLLLLLLLLLDDDDDDDDUUUUUUUURRRRRRRRRRRRRRRRRRRE0LLLLLLLLLLLLLLLLLLDDDDDDDDDUUUUUUUUURRRRRRRRRRRRRRRRRRE0LLLLLLLLLLLLLLLLLDDDDDDDDDDUUUUUUUUUURRRRRRRRRRRRRRRRRE0LLLLLLLLLLLLLLLLDDDDDDDDDDDUUUUUUUUUUURRRRRRRRRRRRRRRRE0LLLLLLLLLLLLLLLDDDDDDDDDDDDUUUUUUUUUUUURRRRRRRRRRRRRRRE0LLLLLLLLLLLLLLDDDDDDDDDDDDDUUUUUUUUUUUUURRRRRRRRRRRRRRE0LLLLLLLLLLLLLDDDDDDDDDDDDDDUUUUUUUUUUUUUURRRRRRRRRRRRRE0LLLLLLLLLLLLDDDDDDDDDDDDDDDUUUUUUUUUUUUUUURRRRRRRRRRRRE0LLLLLLLLLLLDDDDDDDDDDDDDDDDUUUUUUUUUUUUUUUURRRRRRRRRRRE0LLLLLLLLLLDDDDDDDDDDDDDDDDDUUUUUUUUUUUUUUUUURRRRRRRRRRE0LLLLLLLLLDDDDDDDDDDDDDDDDDDUUUUUUUUUUUUUUUUUURRRRRRRRRE0LLLLLLLLDDDDDDDDDDDDDDDDDDDUUUUUUUUUUUUUUUUUUURRRRRRRRE0LLLLLLLDDDDDDDDDDDDDDDDDDDDUUUUUUUUUUUUUUUUUUUURRRRRRRE0LLLLLLDDDDDDDDDDDDDDDDDDDDDUUUUUUUUUUUUUUUUUUUUURRRRRRE0LLLLLDDDDDDDDDDDDDDDDDDDDDDUUUUUUUUUUUUUUUUUUUUUURRRRRE0LLLLDDDDDDDDDDDDDDDDDDDDDDDUUUUUUUUUUUUUUUUUUUUUUURRRRE0LLLDDDDDDDDDDDDDDDDDDDDDDDDUUUUUUUUUUUUUUUUUUUUUUUURRRE0LLDDDDDDDDDDDDDDDDDDDDDDDDDUUUUUUUUUUUUUUUUUUUUUUUUURRE0RRRRRRRRRRDDDDDDDDDDDDDDDDDDUUUUUUUUUUUUUUUUUULLLLLLLLLLE0RRRRRRRRRDDDDDDDDDDDDDDDDDDDUUUUUUUUUUUUUUUUUUULLLLLLLLLE0RRRRRRRRDDDDDDDDDDDDDDDDDDDDUUUUUUUUUUUUUUUUUUUULLLLLLLLE0RRRRRRRDDDDDDDDDDDDDDDDDDDDDUUUUUUUUUUUUUUUUUUUUULLLLLLLE0RRRRRRDDDDDDDDDDDDDDDDDDDDDDUUUUUUUUUUUUUUUUUUUUUULLLLLLE0RRRRRDDDDDDDDDDDDDDDDDDDDDDDUUUUUUUUUUUUUUUUUUUUUUULLLLLE0RRRRDDDDDDDDDDDDDDDDDDDDDDDDUUUUUUUUUUUUUUUUUUUUUUUULLLLE0RRRDDDDDDDDDDDDDDDDDDDDDDDDDUUUUUUUUUUUUUUUUUUUUUUUUULLLE0LLLLLLLLLLLLLLLLLLLDDDDDDDDDUUUUUUUUURRRRRRRRRRRRRRRRRRRE0LLLLLLLLLLLLLLLLLLDDDDDDDDDDUUUUUUUUUURRRRRRRRRRRRRRRRRRE0LLLLLLLLLLLLLLLLLDDDDDDDDDDDUUUUUUUUUUURRRRRRRRRRRRRRRRRE0LLLLLLLLLLLLLLLLDDDDDDDDDDDDUUUUUUUUUUUURRRRRRRRRRRRRRRRE0LLLLLLLLLLLLLLLDDDDDDDDDDDDDUUUUUUUUUUUUURRRRRRRRRRRRRRRE0LLLLLLLLLLLLLLDDDDDDDDDDDDDDUUUUUUUUUUUUUURRRRRRRRRRRRRRE0LLLLLLLLLLLLLDDDDDDDDDDDDDDDUUUUUUUUUUUUUUURRRRRRRRRRRRRE0LLLLLLLLLLLLDDDDDDDDDDDDDDDDUUUUUUUUUUUUUUUURRRRRRRRRRRRE0LLLLLLLLLLLDDDDDDDDDDDDDDDDDUUUUUUUUUUUUUUUUURRRRRRRRRRRE0LLLLLLLLLLDDDDDDDDDDDDDDDDDDUUUUUUUUUUUUUUUUUURRRRRRRRRRE0LLLLLLLLLDDDDDDDDDDDDDDDDDDDUUUUUUUUUUUUUUUUUUURRRRRRRRRE0LLLLLLLLDDDDDDDDDDDDDDDDDDDDUUUUUUUUUUUUUUUUUUUURRRRRRRRE0LLLLLLLDDDDDDDDDDDDDDDDDDDDDUUUUUUUUUUUUUUUUUUUUURRRRRRRE0LLLLLLDDDDDDDDDDDDDDDDDDDDDDUUUUUUUUUUUUUUUUUUUUUURRRRRRE0LLLLLDDDDDDDDDDDDDDDDDDDDDDDUUUUUUUUUUUUUUUUUUUUUUURRRRRE0LLLLDDDDDDDDDDDDDDDDDDDDDDDDUUUUUUUUUUUUUUUUUUUUUUUURRRRE0LLLDDDDDDDDDDDDDDDDDDDDDDDDDUUUUUUUUUUUUUUUUUUUUUUUUURRRE0RRRRRRRRRRDDDDDDDDDDDDDDDDDDDUUUUUUUUUUUUUUUUUUULLLLLLLLLLE0RRRRRRRRRDDDDDDDDDDDDDDDDDDDDUUUUUUUUUUUUUUUUUUUULLLLLLLLLE0RRRRRRRRDDDDDDDDDDDDDDDDDDDDDUUUUUUUUUUUUUUUUUUUUULLLLLLLLE0RRRRRRRDDDDDDDDDDDDDDDDDDDDDDUUUUUUUUUUUUUUUUUUUUUULLLLLLLE0RRRRRRDDDDDDDDDDDDDDDDDDDDDDDUUUUUUUUUUUUUUUUUUUUUUULLLLLLE0RRRRRDDDDDDDDDDDDDDDDDDDDDDDDUUUUUUUUUUUUUUUUUUUUUUUULLLLLE0RRRRDDDDDDDDDDDDDDDDDDDDDDDDDUUUUUUUUUUUUUUUUUUUUUUUUULLLLE0LLLLLLLLLLLLLLLLLLLDDDDDDDDDDUUUUUUUUUURRRRRRRRRRRRRRRRRRRE0LLLLLLLLLLLLLLLLLLDDDDDDDDDDDUUUUUUUUUUURRRRRRRRRRRRRRRRRRE0LLLLLLLLLLLLLLLLLDDDDDDDDDDDDUUUUUUUUUUUURRRRRRRRRRRRRRRRRE0LLLLLLLLLLLLLLLLDDDDDDDDDDDDDUUUUUUUUUUUUURRRRRRRRRRRRRRRRE0LLLLLLLLLLLLLLLDDDDDDDDDDDDDDUUUUUUUUUUUUUURRRRRRRRRRRRRRRE0LLLLLLLLLLLLLLDDDDDDDDDDDDDDDUUUUUUUUUUUUUUURRRRRRRRRRRRRRE0LLLLLLLLLLLLLDDDDDDDDDDDDDDDDUUUUUUUUUUUUUUUURRRRRRRRRRRRRE0LLLLLLLLLLLLDDDDDDDDDDDDDDDDDUUUUUUUUUUUUUUUUURRRRRRRRRRRRE0LLLLLLLLLLLDDDDDDDDDDDDDDDDDDUUUUUUUUUUUUUUUUUURRRRRRRRRRRE0LLLLLLLLLLDDDDDDDDDDDDDDDDDDDUUUUUUUUUUUUUUUUUUURRRRRRRRRRE0LLLLLLLLLDDDDDDDDDDDDDDDDDDDDUUUUUUUUUUUUUUUUUUUURRRRRRRRRE0LLLLLLLLDDDDDDDDDDDDDDDDDDDDDUUUUUUUUUUUUUUUUUUUUURRRRRRRRE0LLLLLLLDDDDDDDDDDDDDDDDDDDDDDUUUUUUUUUUUUUUUUUUUUUURRRRRRRE0LLLLLLDDDDDDDDDDDDDDDDDDDDDDDUUUUUUUUUUUUUUUUUUUUUUURRRRRRE0LLLLLDDDDDDDDDDDDDDDDDDDDDDDDUUUUUUUUUUUUUUUUUUUUUUUURRRRRE0LLLLDDDDDDDDDDDDDDDDDDDDDDDDDUUUUUUUUUUUUUUUUUUUUUUUUURRRRE0RRRRRRRRRRDDDDDDDDDDDDDDDDDDDDUUUUUUUUUUUUUUUUUUUULLLLLLLLLLE0RRRRRRRRRDDDDDDDDDDDDDDDDDDDDDUUUUUUUUUUUUUUUUUUUUULLLLLLLLLE0RRRRRRRRDDDDDDDDDDDDDDDDDDDDDDUUUUUUUUUUUUUUUUUUUUUULLLLLLLLE0RRRRRRRDDDDDDDDDDDDDDDDDDDDDDDUUUUUUUUUUUUUUUUUUUUUUULLLLLLLE0RRRRRRDDDDDDDDDDDDDDDDDDDDDDDDUUUUUUUUUUUUUUUUUUUUUUUULLLLLLE0RRRRRDDDDDDDDDDDDDDDDDDDDDDDDDUUUUUUUUUUUUUUUUUUUUUUUUULLLLLE0LLLLLLLLLLLLLLLLLLLDDDDDDDDDDDUUUUUUUUUUURRRRRRRRRRRRRRRRRRRE0LLLLLLLLLLLLLLLLLLDDDDDDDDDDDDUUUUUUUUUUUURRRRRRRRRRRRRRRRRRE0LLLLLLLLLLLLLLLLLDDDDDDDDDDDDDUUUUUUUUUUUUURRRRRRRRRRRRRRRRRE0LLLLLLLLLLLLLLLLDDDDDDDDDDDDDDUUUUUUUUUUUUUURRRRRRRRRRRRRRRRE0LLLLLLLLLLLLLLLDDDDDDDDDDDDDDDUUUUUUUUUUUUUUURRRRRRRRRRRRRRRE0LLLLLLLLLLLLLLDDDDDDDDDDDDDDDDUUUUUUUUUUUUUUUURRRRRRRRRRRRRRE0LLLLLLLLLLLLLDDDDDDDDDDDDDDDDDUUUUUUUUUUUUUUUUURRRRRRRRRRRRRE0LLLLLLLLLLLLDDDDDDDDDDDDDDDDDDUUUUUUUUUUUUUUUUUURRRRRRRRRRRRE0LLLLLLLLLLLDDDDDDDDDDDDDDDDDDDUUUUUUUUUUUUUUUUUUURRRRRRRRRRRE0LLLLLLLLLLDDDDDDDDDDDDDDDDDDDDUUUUUUUUUUUUUUUUUUUURRRRRRRRRRE0LLLLLLLLLDDDDDDDDDDDDDDDDDDDDDUUUUUUUUUUUUUUUUUUUUURRRRRRRRRE0LLLLLLLLDDDDDDDDDDDDDDDDDDDDDDUUUUUUUUUUUUUUUUUUUUUURRRRRRRRE0LLLLLLLDDDDDDDDDDDDDDDDDDDDDDDUUUUUUUUUUUUUUUUUUUUUUURRRRRRRE0LLLLLLDDDDDDDDDDDDDDDDDDDDDDDDUUUUUUUUUUUUUUUUUUUUUUUURRRRRRE0LLLLLDDDDDDDDDDDDDDDDDDDDDDDDDUUUUUUUUUUUUUUUUUUUUUUUUURRRRRE0RRRRRRRRRRDDDDDDDDDDDDDDDDDDDDDUUUUUUUUUUUUUUUUUUUUULLLLLLLLLLE0RRRRRRRRRDDDDDDDDDDDDDDDDDDDDDDUUUUUUUUUUUUUUUUUUUUUULLLLLLLLLE0RRRRRRRRDDDDDDDDDDDDDDDDDDDDDDDUUUUUUUUUUUUUUUUUUUUUUULLLLLLLLE0RRRRRRRDDDDDDDDDDDDDDDDDDDDDDDDUUUUUUUUUUUUUUUUUUUUUUUULLLLLLLE0RRRRRRDDDDDDDDDDDDDDDDDDDDDDDDDUUUUUUUUUUUUUUUUUUUUUUUUULLLLLLE0LLLLLLLLLLLLLLLLLLLDDDDDDDDDDDDUUUUUUUUUUUURRRRRRRRRRRRRRRRRRRE0LLLLLLLLLLLLLLLLLLDDDDDDDDDDDDDUUUUUUUUUUUUURRRRRRRRRRRRRRRRRRE0LLLLLLLLLLLLLLLLLDDDDDDDDDDDDDDUUUUUUUUUUUUUURRRRRRRRRRRRRRRRRE0LLLLLLLLLLLLLLLLDDDDDDDDDDDDDDDUUUUUUUUUUUUUUURRRRRRRRRRRRRRRRE0LLLLLLLLLLLLLLLDDDDDDDDDDDDDDDDUUUUUUUUUUUUUUUURRRRRRRRRRRRRRRE0LLLLLLLLLLLLLLDDDDDDDDDDDDDDDDDUUUUUUUUUUUUUUUUURRRRRRRRRRRRRRE0LLLLLLLLLLLLLDDDDDDDDDDDDDDDDDDUUUUUUUUUUUUUUUUUURRRRRRRRRRRRRE0LLLLLLLLLLLLDDDDDDDDDDDDDDDDDDDUUUUUUUUUUUUUUUUUUURRRRRRRRRRRRE0LLLLLLLLLLLDDDDDDDDDDDDDDDDDDDDUUUUUUUUUUUUUUUUUUUURRRRRRRRRRRE0LLLLLLLLLLDDDDDDDDDDDDDDDDDDDDDUUUUUUUUUUUUUUUUUUUUURRRRRRRRRRE0LLLLLLLLLDDDDDDDDDDDDDDDDDDDDDDUUUUUUUUUUUUUUUUUUUUUURRRRRRRRRE0LLLLLLLLDDDDDDDDDDDDDDDDDDDDDDDUUUUUUUUUUUUUUUUUUUUUUURRRRRRRRE0LLLLLLLDDDDDDDDDDDDDDDDDDDDDDDDUUUUUUUUUUUUUUUUUUUUUUUURRRRRRRE0LLLLLLDDDDDDDDDDDDDDDDDDDDDDDDDUUUUUUUUUUUUUUUUUUUUUUUUURRRRRRE0RRRRRRRRRRDDDDDDDDDDDDDDDDDDDDDDUUUUUUUUUUUUUUUUUUUUUULLLLLLLLLLE0RRRRRRRRRDDDDDDDDDDDDDDDDDDDDDDDUUUUUUUUUUUUUUUUUUUUUUULLLLLLLLLE0RRRRRRRRDDDDDDDDDDDDDDDDDDDDDDDDUUUUUUUUUUUUUUUUUUUUUUUULLLLLLLLE0RRRRRRRDDDDDDDDDDDDDDDDDDDDDDDDDUUUUUUUUUUUUUUUUUUUUUUUUULLLLLLLE0LLLLLLLLLLLLLLLLLLLDDDDDDDDDDDDDUUUUUUUUUUUUURRRRRRRRRRRRRRRRRRRE0LLLLLLLLLLLLLLLLLLDDDDDDDDDDDDDDUUUUUUUUUUUUUURRRRRRRRRRRRRRRRRRE0LLLLLLLLLLLLLLLLLDDDDDDDDDDDDDDDUUUUUUUUUUUUUUURRRRRRRRRRRRRRRRRE0LLLLLLLLLLLLLLLLDDDDDDDDDDDDDDDDUUUUUUUUUUUUUUUURRRRRRRRRRRRRRRRE0LLLLLLLLLLLLLLLDDDDDDDDDDDDDDDDDUUUUUUUUUUUUUUUUURRRRRRRRRRRRRRRE0LLLLLLLLLLLLLLDDDDDDDDDDDDDDDDDDUUUUUUUUUUUUUUUUUURRRRRRRRRRRRRRE0LLLLLLLLLLLLLDDDDDDDDDDDDDDDDDDDUUUUUUUUUUUUUUUUUUURRRRRRRRRRRRRE0LLLLLLLLLLLLDDDDDDDDDDDDDDDDDDDDUUUUUUUUUUUUUUUUUUUURRRRRRRRRRRRE0LLLLLLLLLLLDDDDDDDDDDDDDDDDDDDDDUUUUUUUUUUUUUUUUUUUUURRRRRRRRRRRE0LLLLLLLLLLDDDDDDDDDDDDDDDDDDDDDDUUUUUUUUUUUUUUUUUUUUUURRRRRRRRRRE0LLLLLLLLLDDDDDDDDDDDDDDDDDDDDDDDUUUUUUUUUUUUUUUUUUUUUUURRRRRRRRRE0LLLLLLLLDDDDDDDDDDDDDDDDDDDDDDDDUUUUUUUUUUUUUUUUUUUUUUUURRRRRRRRE0LLLLLLLDDDDDDDDDDDDDDDDDDDDDDDDDUUUUUUUUUUUUUUUUUUUUUUUUURRRRRRRE0RRRRRRRRRRDDDDDDDDDDDDDDDDDDDDDDDUUUUUUUUUUUUUUUUUUUUUUULLLLLLLLLLE0RRRRRRRRRDDDDDDDDDDDDDDDDDDDDDDDDUUUUUUUUUUUUUUUUUUUUUUUULLLLLLLLLE0RRRRRRRRDDDDDDDDDDDDDDDDDDDDDDDDDUUUUUUUUUUUUUUUUUUUUUUUUULLLLLLLLE0LLLLLLLLLLLLLLLLLLLDDDDDDDDDDDDDDUUUUUUUUUUUUUURRRRRRRRRRRRRRRRRRRE0LLLLLLLLLLLLLLLLLLDDDDDDDDDDDDDDDUUUUUUUUUUUUUUURRRRRRRRRRRRRRRRRRE0LLLLLLLLLLLLLLLLLDDDDDDDDDDDDDDDDUUUUUUUUUUUUUUUURRRRRRRRRRRRRRRRRE0LLLLLLLLLLLLLLLLDDDDDDDDDDDDDDDDDUUUUUUUUUUUUUUUUURRRRRRRRRRRRRRRRE0LLLLLLLLLLLLLLLDDDDDDDDDDDDDDDDDDUUUUUUUUUUUUUUUUUURRRRRRRRRRRRRRRE0LLLLLLLLLLLLLLDDDDDDDDDDDDDDDDDDDUUUUUUUUUUUUUUUUUUURRRRRRRRRRRRRRE0LLLLLLLLLLLLLDDDDDDDDDDDDDDDDDDDDUUUUUUUUUUUUUUUUUUUURRRRRRRRRRRRRE0LLLLLLLLLLLLDDDDDDDDDDDDDDDDDDDDDUUUUUUUUUUUUUUUUUUUUURRRRRRRRRRRRE0LLLLLLLLLLLDDDDDDDDDDDDDDDDDDDDDDUUUUUUUUUUUUUUUUUUUUUURRRRRRRRRRRE0LLLLLLLLLLDDDDDDDDDDDDDDDDDDDDDDDUUUUUUUUUUUUUUUUUUUUUUURRRRRRRRRRE0LLLLLLLLLDDDDDDDDDDDDDDDDDDDDDDDDUUUUUUUUUUUUUUUUUUUUUUUURRRRRRRRRE0LLLLLLLLDDDDDDDDDDDDDDDDDDDDDDDDDUUUUUUUUUUUUUUUUUUUUUUUUURRRRRRRRE0RRRRRRRRRRDDDDDDDDDDDDDDDDDDDDDDDDUUUUUUUUUUUUUUUUUUUUUUUULLLLLLLLLLE0RRRRRRRRRDDDDDDDDDDDDDDDDDDDDDDDDDUUUUUUUUUUUUUUUUUUUUUUUUULLLLLLLLLE0LLLLLLLLLLLLLLLLLLLDDDDDDDDDDDDDDDUUUUUUUUUUUUUUURRRRRRRRRRRRRRRRRRRE0LLLLLLLLLLLLLLLLLLDDDDDDDDDDDDDDDDUUUUUUUUUUUUUUUURRRRRRRRRRRRRRRRRRE0LLLLLLLLLLLLLLLLLDDDDDDDDDDDDDDDDDUUUUUUUUUUUUUUUUURRRRRRRRRRRRRRRRRE0LLLLLLLLLLLLLLLLDDDDDDDDDDDDDDDDDDUUUUUUUUUUUUUUUUUURRRRRRRRRRRRRRRRE0LLLLLLLLLLLLLLLDDDDDDDDDDDDDDDDDDDUUUUUUUUUUUUUUUUUUURRRRRRRRRRRRRRRE0LLLLLLLLLLLLLLDDDDDDDDDDDDDDDDDDDDUUUUUUUUUUUUUUUUUUUURRRRRRRRRRRRRRE0LLLLLLLLLLLLLDDDDDDDDDDDDDDDDDDDDDUUUUUUUUUUUUUUUUUUUUURRRRRRRRRRRRRE0LLLLLLLLLLLLDDDDDDDDDDDDDDDDDDDDDDUUUUUUUUUUUUUUUUUUUUUURRRRRRRRRRRRE0LLLLLLLLLLLDDDDDDDDDDDDDDDDDDDDDDDUUUUUUUUUUUUUUUUUUUUUUURRRRRRRRRRRE0LLLLLLLLLLDDDDDDDDDDDDDDDDDDDDDDDDUUUUUUUUUUUUUUUUUUUUUUUURRRRRRRRRRE0LLLLLLLLLDDDDDDDDDDDDDDDDDDDDDDDDDUUUUUUUUUUUUUUUUUUUUUUUUURRRRRRRRRE0RRRRRRRRRRDDDDDDDDDDDDDDDDDDDDDDDDDUUUUUUUUUUUUUUUUUUUUUUUUULLLLLLLLLLE0LLLLLLLLLLLLLLLLLLLDDDDDDDDDDDDDDDDUUUUUUUUUUUUUUUURRRRRRRRRRRRRRRRRRRE0LLLLLLLLLLLLLLLLLLDDDDDDDDDDDDDDDDDUUUUUUUUUUUUUUUUURRRRRRRRRRRRRRRRRRE0LLLLLLLLLLLLLLLLLDDDDDDDDDDDDDDDDDDUUUUUUUUUUUUUUUUUURRRRRRRRRRRRRRRRRE0LLLLLLLLLLLLLLLLDDDDDDDDDDDDDDDDDDDUUUUUUUUUUUUUUUUUUURRRRRRRRRRRRRRRRE0LLLLLLLLLLLLLLLDDDDDDDDDDDDDDDDDDDDUUUUUUUUUUUUUUUUUUUURRRRRRRRRRRRRRRE0LLLLLLLLLLLLLLDDDDDDDDDDDDDDDDDDDDDUUUUUUUUUUUUUUUUUUUUURRRRRRRRRRRRRRE0LLLLLLLLLLLLLDDDDDDDDDDDDDDDDDDDDDDUUUUUUUUUUUUUUUUUUUUUURRRRRRRRRRRRRE0LLLLLLLLLLLLDDDDDDDDDDDDDDDDDDDDDDDUUUUUUUUUUUUUUUUUUUUUUURRRRRRRRRRRRE0LLLLLLLLLLLDDDDDDDDDDDDDDDDDDDDDDDDUUUUUUUUUUUUUUUUUUUUUUUURRRRRRRRRRRE0LLLLLLLLLLDDDDDDDDDDDDDDDDDDDDDDDDDUUUUUUUUUUUUUUUUUUUUUUUUURRRRRRRRRRE0LLLLLLLLLLLLLLLLLLLDDDDDDDDDDDDDDDDDUUUUUUUUUUUUUUUUURRRRRRRRRRRRRRRRRRRE0LLLLLLLLLLLLLLLLLLDDDDDDDDDDDDDDDDDDUUUUUUUUUUUUUUUUUURRRRRRRRRRRRRRRRRRE0LLLLLLLLLLLLLLLLLDDDDDDDDDDDDDDDDDDDUUUUUUUUUUUUUUUUUUURRRRRRRRRRRRRRRRRE0LLLLLLLLLLLLLLLLDDDDDDDDDDDDDDDDDDDDUUUUUUUUUUUUUUUUUUUURRRRRRRRRRRRRRRRE0LLLLLLLLLLLLLLLDDDDDDDDDDDDDDDDDDDDDUUUUUUUUUUUUUUUUUUUUURRRRRRRRRRRRRRRE0LLLLLLLLLLLLLLDDDDDDDDDDDDDDDDDDDDDDUUUUUUUUUUUUUUUUUUUUUURRRRRRRRRRRRRRE0LLLLLLLLLLLLLDDDDDDDDDDDDDDDDDDDDDDDUUUUUUUUUUUUUUUUUUUUUUURRRRRRRRRRRRRE0LLLLLLLLLLLLDDDDDDDDDDDDDDDDDDDDDDDDUUUUUUUUUUUUUUUUUUUUUUUURRRRRRRRRRRRE0LLLLLLLLLLLDDDDDDDDDDDDDDDDDDDDDDDDDUUUUUUUUUUUUUUUUUUUUUUUUURRRRRRRRRRRE0LLLLLLLLLLLLLLLLLLLDDDDDDDDDDDDDDDDDDUUUUUUUUUUUUUUUUUURRRRRRRRRRRRRRRRRRRE0LLLLLLLLLLLLLLLLLLDDDDDDDDDDDDDDDDDDDUUUUUUUUUUUUUUUUUUURRRRRRRRRRRRRRRRRRE0LLLLLLLLLLLLLLLLLDDDDDDDDDDDDDDDDDDDDUUUUUUUUUUUUUUUUUUUURRRRRRRRRRRRRRRRRE0LLLLLLLLLLLLLLLLDDDDDDDDDDDDDDDDDDDDDUUUUUUUUUUUUUUUUUUUUURRRRRRRRRRRRRRRRE0LLLLLLLLLLLLLLLDDDDDDDDDDDDDDDDDDDDDDUUUUUUUUUUUUUUUUUUUUUURRRRRRRRRRRRRRRE0LLLLLLLLLLLLLLDDDDDDDDDDDDDDDDDDDDDDDUUUUUUUUUUUUUUUUUUUUUUURRRRRRRRRRRRRRE0LLLLLLLLLLLLLDDDDDDDDDDDDDDDDDDDDDDDDUUUUUUUUUUUUUUUUUUUUUUUURRRRRRRRRRRRRE0LLLLLLLLLLLLDDDDDDDDDDDDDDDDDDDDDDDDDUUUUUUUUUUUUUUUUUUUUUUUUURRRRRRRRRRRRE0LLLLLLLLLLLLLLLLLLLDDDDDDDDDDDDDDDDDDDUUUUUUUUUUUUUUUUUUURRRRRRRRRRRRRRRRRRRE0LLLLLLLLLLLLLLLLLLDDDDDDDDDDDDDDDDDDDDUUUUUUUUUUUUUUUUUUUURRRRRRRRRRRRRRRRRRE0LLLLLLLLLLLLLLLLLDDDDDDDDDDDDDDDDDDDDDUUUUUUUUUUUUUUUUUUUUURRRRRRRRRRRRRRRRRE0LLLLLLLLLLLLLLLLDDDDDDDDDDDDDDDDDDDDDDUUUUUUUUUUUUUUUUUUUUUURRRRRRRRRRRRRRRRE0LLLLLLLLLLLLLLLDDDDDDDDDDDDDDDDDDDDDDDUUUUUUUUUUUUUUUUUUUUUUURRRRRRRRRRRRRRRE0LLLLLLLLLLLLLLDDDDDDDDDDDDDDDDDDDDDDDDUUUUUUUUUUUUUUUUUUUUUUUURRRRRRRRRRRRRRE0LLLLLLLLLLLLLDDDDDDDDDDDDDDDDDDDDDDDDDUUUUUUUUUUUUUUUUUUUUUUUUURRRRRRRRRRRRRE0LLLLLLLLLLLLLLLLLLLDDDDDDDDDDDDDDDDDDDDUUUUUUUUUUUUUUUUUUUURRRRRRRRRRRRRRRRRRRE0LLLLLLLLLLLLLLLLLLDDDDDDDDDDDDDDDDDDDDDUUUUUUUUUUUUUUUUUUUUURRRRRRRRRRRRRRRRRRE0LLLLLLLLLLLLLLLLLDDDDDDDDDDDDDDDDDDDDDDUUUUUUUUUUUUUUUUUUUUUURRRRRRRRRRRRRRRRRE0LLLLLLLLLLLLLLLLDDDDDDDDDDDDDDDDDDDDDDDUUUUUUUUUUUUUUUUUUUUUUURRRRRRRRRRRRRRRRE0LLLLLLLLLLLLLLLDDDDDDDDDDDDDDDDDDDDDDDDUUUUUUUUUUUUUUUUUUUUUUUURRRRRRRRRRRRRRRE0LLLLLLLLLLLLLLDDDDDDDDDDDDDDDDDDDDDDDDDUUUUUUUUUUUUUUUUUUUUUUUUURRRRRRRRRRRRRRE0LLLLLLLLLLLLLLLLLLLDDDDDDDDDDDDDDDDDDDDDUUUUUUUUUUUUUUUUUUUUURRRRRRRRRRRRRRRRRRRE0LLLLLLLLLLLLLLLLLLDDDDDDDDDDDDDDDDDDDDDDUUUUUUUUUUUUUUUUUUUUUURRRRRRRRRRRRRRRRRRE0LLLLLLLLLLLLLLLLLDDDDDDDDDDDDDDDDDDDDDDDUUUUUUUUUUUUUUUUUUUUUUURRRRRRRRRRRRRRRRRE0LLLLLLLLLLLLLLLLDDDDDDDDDDDDDDDDDDDDDDDDUUUUUUUUUUUUUUUUUUUUUUUURRRRRRRRRRRRRRRRE0LLLLLLLLLLLLLLLDDDDDDDDDDDDDDDDDDDDDDDDDUUUUUUUUUUUUUUUUUUUUUUUUURRRRRRRRRRRRRRRE0LLLLLLLLLLLLLLLLLLLDDDDDDDDDDDDDDDDDDDDDDUUUUUUUUUUUUUUUUUUUUUURRRRRRRRRRRRRRRRRRRE0LLLLLLLLLLLLLLLLLLDDDDDDDDDDDDDDDDDDDDDDDUUUUUUUUUUUUUUUUUUUUUUURRRRRRRRRRRRRRRRRRE0LLLLLLLLLLLLLLLLLDDDDDDDDDDDDDDDDDDDDDDDDUUUUUUUUUUUUUUUUUUUUUUUURRRRRRRRRRRRRRRRRE0LLLLLLLLLLLLLLLLDDDDDDDDDDDDDDDDDDDDDDDDDUUUUUUUUUUUUUUUUUUUUUUUUURRRRRRRRRRRRRRRRE0LLLLLLLLLLLLLLLLLLLDDDDDDDDDDDDDDDDDDDDDDDUUUUUUUUUUUUUUUUUUUUUUURRRRRRRRRRRRRRRRRRRE0LLLLLLLLLLLLLLLLLLDDDDDDDDDDDDDDDDDDDDDDDDUUUUUUUUUUUUUUUUUUUUUUUURRRRRRRRRRRRRRRRRRE0LLLLLLLLLLLLLLLLLDDDDDDDDDDDDDDDDDDDDDDDDDUUUUUUUUUUUUUUUUUUUUUUUUURRRRRRRRRRRRRRRRRE0LLLLLLLLLLLLLLLLLLLDDDDDDDDDDDDDDDDDDDDDDDDUUUUUUUUUUUUUUUUUUUUUUUURRRRRRRRRRRRRRRRRRRE0LLLLLLLLLLLLLLLLLLDDDDDDDDDDDDDDDDDDDDDDDDDUUUUUUUUUUUUUUUUUUUUUUUUURRRRRRRRRRRRRRRRRRE0LLLLLLLLLLLLLLLLLLLDDDDDDDDDDDDDDDDDDDDDDDDDUUUUUUUUUUUUUUUUUUUUUUUUURRRRRRRRRRRRRRRRRRRE
